Command line invocation:
    /Applications/Xcode.app/Contents/Developer/usr/bin/xcodebuild -project Vitroscribe.xcodeproj -scheme Vitroscribe -configuration Release CODE_SIGN_IDENTITY= CODE_SIGNING_REQUIRED=NO -derivedDataPath derived_data

Build settings from command line:
    CODE_SIGN_IDENTITY = 
    CODE_SIGNING_REQUIRED = NO

Resolve Package Graph


Resolved source packages:
  SQLite.swift: https://github.com/stephencelis/SQLite.swift.git @ 0.15.5

2026-02-28 12:09:06.962 xcodebuild[56778:936285] [MT] IDERunDestination: Supported platforms for the buildables in the current scheme is empty.
--- xcodebuild: WARNING: Using the first of multiple matching destinations:
{ platform:macOS, arch:arm64, id:00008103-0015604626A3001E, name:My Mac }
{ platform:macOS, arch:x86_64, id:00008103-0015604626A3001E, name:My Mac }
{ platform:macOS, name:Any Mac }
note: Using codesigning identity override: 
ComputePackagePrebuildTargetDependencyGraph

Prepare packages

CreateBuildRequest

SendProjectDescription

CreateBuildOperation

ComputeTargetDependencyGraph
note: Building targets in dependency order
note: Target dependency graph (4 targets)
    Target 'Vitroscribe' in project 'Vitroscribe'
        ➜ Explicit dependency on target 'SQLite' in project 'SQLite.swift'
    Target 'SQLite' in project 'SQLite.swift'
        ➜ Explicit dependency on target 'SQLite' in project 'SQLite.swift'
        ➜ Explicit dependency on target 'SQLite.swift_SQLite' in project 'SQLite.swift'
    Target 'SQLite' in project 'SQLite.swift'
        ➜ Explicit dependency on target 'SQLite.swift_SQLite' in project 'SQLite.swift'
    Target 'SQLite.swift_SQLite' in project 'SQLite.swift' (no dependencies)

GatherProvisioningInputs

CreateBuildDescription

ExecuteExternalTool /Applications/Xcode.app/Contents/Developer/Toolchains/XcodeDefault.xctoolchain/usr/bin/clang -v -E -dM -isysroot /Applications/Xcode.app/Contents/Developer/Platforms/MacOSX.platform/Developer/SDKs/MacOSX26.2.sdk -x c -c /dev/null

ExecuteExternalTool /Applications/Xcode.app/Contents/Developer/Toolchains/XcodeDefault.xctoolchain/usr/bin/swiftc --version

ExecuteExternalTool /Applications/Xcode.app/Contents/Developer/Toolchains/XcodeDefault.xctoolchain/usr/bin/ld -version_details

Build description signature: 5c25d4bbf52f21576de95a8065b34ffa
Build description path: /Users/NikkiPunjabi/Desktop/Gravitas/Vitroscribe/derived_data/Build/Intermediates.noindex/XCBuildData/5c25d4bbf52f21576de95a8065b34ffa.xcbuilddata
ClangStatCache /Applications/Xcode.app/Contents/Developer/Toolchains/XcodeDefault.xctoolchain/usr/bin/clang-stat-cache /Applications/Xcode.app/Contents/Developer/Platforms/MacOSX.platform/Developer/SDKs/MacOSX26.2.sdk /Users/NikkiPunjabi/Desktop/Gravitas/Vitroscribe/derived_data/SDKStatCaches.noindex/macosx26.2-25C58-00fa09913b459cbbc988d1f6730289ae.sdkstatcache
    cd /Users/NikkiPunjabi/Desktop/Gravitas/Vitroscribe/Vitroscribe.xcodeproj
    /Applications/Xcode.app/Contents/Developer/Toolchains/XcodeDefault.xctoolchain/usr/bin/clang-stat-cache /Applications/Xcode.app/Contents/Developer/Platforms/MacOSX.platform/Developer/SDKs/MacOSX26.2.sdk -o /Users/NikkiPunjabi/Desktop/Gravitas/Vitroscribe/derived_data/SDKStatCaches.noindex/macosx26.2-25C58-00fa09913b459cbbc988d1f6730289ae.sdkstatcache

ProcessInfoPlistFile /Users/NikkiPunjabi/Desktop/Gravitas/Vitroscribe/derived_data/Build/Products/Release/SQLite.swift_SQLite.bundle/Contents/Info.plist /Users/NikkiPunjabi/Desktop/Gravitas/Vitroscribe/derived_data/Build/Intermediates.noindex/SQLite.swift.build/Release/SQLite.swift_SQLite.build/empty-SQLite.swift_SQLite.plist (in target 'SQLite.swift_SQLite' from project 'SQLite.swift')
    cd /Users/NikkiPunjabi/Desktop/Gravitas/Vitroscribe/derived_data/SourcePackages/checkouts/SQLite.swift
    builtin-infoPlistUtility /Users/NikkiPunjabi/Desktop/Gravitas/Vitroscribe/derived_data/Build/Intermediates.noindex/SQLite.swift.build/Release/SQLite.swift_SQLite.build/empty-SQLite.swift_SQLite.plist -producttype com.apple.product-type.bundle -expandbuildsettings -platform macosx -o /Users/NikkiPunjabi/Desktop/Gravitas/Vitroscribe/derived_data/Build/Products/Release/SQLite.swift_SQLite.bundle/Contents/Info.plist

warning: Vitroscribe isn't code signed but requires entitlements. It is not possible to add entitlements to a binary without signing it. (in target 'Vitroscribe' from project 'Vitroscribe')
Copy /Users/NikkiPunjabi/Desktop/Gravitas/Vitroscribe/derived_data/Build/Products/Release/Vitroscribe.app/Contents/Resources/SQLite.swift_SQLite.bundle /Users/NikkiPunjabi/Desktop/Gravitas/Vitroscribe/derived_data/Build/Products/Release/SQLite.swift_SQLite.bundle (in target 'Vitroscribe' from project 'Vitroscribe')
    cd /Users/NikkiPunjabi/Desktop/Gravitas/Vitroscribe
    builtin-copy -exclude .DS_Store -exclude CVS -exclude .svn -exclude .git -exclude .hg -resolve-src-symlinks /Users/NikkiPunjabi/Desktop/Gravitas/Vitroscribe/derived_data/Build/Products/Release/SQLite.swift_SQLite.bundle /Users/NikkiPunjabi/Desktop/Gravitas/Vitroscribe/derived_data/Build/Products/Release/Vitroscribe.app/Contents/Resources

SwiftDriver Vitroscribe normal arm64 com.apple.xcode.tools.swift.compiler (in target 'Vitroscribe' from project 'Vitroscribe')
    cd /Users/NikkiPunjabi/Desktop/Gravitas/Vitroscribe
    builtin-SwiftDriver -- /Applications/Xcode.app/Contents/Developer/Toolchains/XcodeDefault.xctoolchain/usr/bin/swiftc -module-name Vitroscribe -O -whole-module-optimization -enforce-exclusivity\=checked @/Users/NikkiPunjabi/Desktop/Gravitas/Vitroscribe/derived_data/Build/Intermediates.noindex/Vitroscribe.build/Release/Vitroscribe.build/Objects-normal/arm64/Vitroscribe.SwiftFileList -enable-bare-slash-regex -enable-experimental-feature DebugDescriptionMacro -sdk /Applications/Xcode.app/Contents/Developer/Platforms/MacOSX.platform/Developer/SDKs/MacOSX26.2.sdk -target arm64-apple-macos14.0 -g -module-cache-path /Users/NikkiPunjabi/Desktop/Gravitas/Vitroscribe/derived_data/ModuleCache.noindex -Xfrontend -serialize-debugging-options -swift-version 5 -I /Users/NikkiPunjabi/Desktop/Gravitas/Vitroscribe/derived_data/Build/Products/Release -F /Users/NikkiPunjabi/Desktop/Gravitas/Vitroscribe/derived_data/Build/Products/Release/PackageFrameworks -F /Users/NikkiPunjabi/Desktop/Gravitas/Vitroscribe/derived_data/Build/Products/Release -c -num-threads 8 -Xcc -ivfsstatcache -Xcc /Users/NikkiPunjabi/Desktop/Gravitas/Vitroscribe/derived_data/SDKStatCaches.noindex/macosx26.2-25C58-00fa09913b459cbbc988d1f6730289ae.sdkstatcache -output-file-map /Users/NikkiPunjabi/Desktop/Gravitas/Vitroscribe/derived_data/Build/Intermediates.noindex/Vitroscribe.build/Release/Vitroscribe.build/Objects-normal/arm64/Vitroscribe-OutputFileMap.json -use-frontend-parseable-output -save-temps -no-color-diagnostics -explicit-module-build -module-cache-path /Users/NikkiPunjabi/Desktop/Gravitas/Vitroscribe/derived_data/Build/Intermediates.noindex/SwiftExplicitPrecompiledModules -clang-scanner-module-cache-path /Users/NikkiPunjabi/Desktop/Gravitas/Vitroscribe/derived_data/ModuleCache.noindex -sdk-module-cache-path /Users/NikkiPunjabi/Desktop/Gravitas/Vitroscribe/derived_data/ModuleCache.noindex -serialize-diagnostics -emit-dependencies -emit-module -emit-module-path /Users/NikkiPunjabi/Desktop/Gravitas/Vitroscribe/derived_data/Build/Intermediates.noindex/Vitroscribe.build/Release/Vitroscribe.build/Objects-normal/arm64/Vitroscribe.swiftmodule -validate-clang-modules-once -clang-build-session-file /Users/NikkiPunjabi/Desktop/Gravitas/Vitroscribe/derived_data/ModuleCache.noindex/Session.modulevalidation -Xcc -I/Users/NikkiPunjabi/Desktop/Gravitas/Vitroscribe/derived_data/Build/Intermediates.noindex/Vitroscribe.build/Release/Vitroscribe.build/swift-overrides.hmap -emit-const-values -Xfrontend -const-gather-protocols-file -Xfrontend /Users/NikkiPunjabi/Desktop/Gravitas/Vitroscribe/derived_data/Build/Intermediates.noindex/Vitroscribe.build/Release/Vitroscribe.build/Objects-normal/arm64/Vitroscribe_const_extract_protocols.json -Xcc -iquote -Xcc /Users/NikkiPunjabi/Desktop/Gravitas/Vitroscribe/derived_data/Build/Intermediates.noindex/Vitroscribe.build/Release/Vitroscribe.build/Vitroscribe-generated-files.hmap -Xcc -I/Users/NikkiPunjabi/Desktop/Gravitas/Vitroscribe/derived_data/Build/Intermediates.noindex/Vitroscribe.build/Release/Vitroscribe.build/Vitroscribe-own-target-headers.hmap -Xcc -I/Users/NikkiPunjabi/Desktop/Gravitas/Vitroscribe/derived_data/Build/Intermediates.noindex/Vitroscribe.build/Release/Vitroscribe.build/Vitroscribe-all-non-framework-target-headers.hmap -Xcc -ivfsoverlay -Xcc /Users/NikkiPunjabi/Desktop/Gravitas/Vitroscribe/derived_data/Build/Intermediates.noindex/Vitroscribe.build/Release/Vitroscribe-b942f9e97c03eae2539a152a25953afb-VFS/all-product-headers.yaml -Xcc -iquote -Xcc /Users/NikkiPunjabi/Desktop/Gravitas/Vitroscribe/derived_data/Build/Intermediates.noindex/Vitroscribe.build/Release/Vitroscribe.build/Vitroscribe-project-headers.hmap -Xcc -I/Users/NikkiPunjabi/Desktop/Gravitas/Vitroscribe/derived_data/Build/Products/Release/include -Xcc -I/Users/NikkiPunjabi/Desktop/Gravitas/Vitroscribe/derived_data/Build/Intermediates.noindex/Vitroscribe.build/Release/Vitroscribe.build/DerivedSources-normal/arm64 -Xcc -I/Users/NikkiPunjabi/Desktop/Gravitas/Vitroscribe/derived_data/Build/Intermediates.noindex/Vitroscribe.build/Release/Vitroscribe.build/DerivedSources/arm64 -Xcc -I/Users/NikkiPunjabi/Desktop/Gravitas/Vitroscribe/derived_data/Build/Intermediates.noindex/Vitroscribe.build/Release/Vitroscribe.build/DerivedSources -emit-objc-header -emit-objc-header-path /Users/NikkiPunjabi/Desktop/Gravitas/Vitroscribe/derived_data/Build/Intermediates.noindex/Vitroscribe.build/Release/Vitroscribe.build/Objects-normal/arm64/Vitroscribe-Swift.h -working-directory /Users/NikkiPunjabi/Desktop/Gravitas/Vitroscribe -no-emit-module-separately-wmo

ProcessInfoPlistFile /Users/NikkiPunjabi/Desktop/Gravitas/Vitroscribe/derived_data/Build/Products/Release/Vitroscribe.app/Contents/Info.plist /Users/NikkiPunjabi/Desktop/Gravitas/Vitroscribe/Vitroscribe/Info.plist (in target 'Vitroscribe' from project 'Vitroscribe')
    cd /Users/NikkiPunjabi/Desktop/Gravitas/Vitroscribe
    builtin-infoPlistUtility /Users/NikkiPunjabi/Desktop/Gravitas/Vitroscribe/Vitroscribe/Info.plist -producttype com.apple.product-type.application -genpkginfo /Users/NikkiPunjabi/Desktop/Gravitas/Vitroscribe/derived_data/Build/Products/Release/Vitroscribe.app/Contents/PkgInfo -expandbuildsettings -platform macosx -scanforprivacyfile /Users/NikkiPunjabi/Desktop/Gravitas/Vitroscribe/derived_data/Build/Products/Release/Vitroscribe.app/Contents/Resources/SQLite.swift_SQLite.bundle -o /Users/NikkiPunjabi/Desktop/Gravitas/Vitroscribe/derived_data/Build/Products/Release/Vitroscribe.app/Contents/Info.plist

SwiftCompile normal arm64 Compiling\ AudioEngineManager.swift,\ ContentView.swift,\ DatabaseManager.swift,\ GoogleAuthManager.swift,\ GoogleCalendarService.swift,\ HistoryView.swift,\ Logger.swift,\ MeetingDetector.swift,\ SettingsView.swift,\ StartupManager.swift,\ VitroscribeApp.swift /Users/NikkiPunjabi/Desktop/Gravitas/Vitroscribe/Vitroscribe/Sources/App/Core/AudioEngineManager.swift /Users/NikkiPunjabi/Desktop/Gravitas/Vitroscribe/Vitroscribe/Sources/App/UI/ContentView.swift /Users/NikkiPunjabi/Desktop/Gravitas/Vitroscribe/Vitroscribe/Sources/App/Core/DatabaseManager.swift /Users/NikkiPunjabi/Desktop/Gravitas/Vitroscribe/Vitroscribe/Sources/App/Services/GoogleAuthManager.swift /Users/NikkiPunjabi/Desktop/Gravitas/Vitroscribe/Vitroscribe/Sources/App/Services/GoogleCalendarService.swift /Users/NikkiPunjabi/Desktop/Gravitas/Vitroscribe/Vitroscribe/Sources/App/UI/HistoryView.swift /Users/NikkiPunjabi/Desktop/Gravitas/Vitroscribe/Vitroscribe/Sources/App/Core/Logger.swift /Users/NikkiPunjabi/Desktop/Gravitas/Vitroscribe/Vitroscribe/Sources/App/Core/MeetingDetector.swift /Users/NikkiPunjabi/Desktop/Gravitas/Vitroscribe/Vitroscribe/Sources/App/UI/SettingsView.swift /Users/NikkiPunjabi/Desktop/Gravitas/Vitroscribe/Vitroscribe/Sources/App/Core/StartupManager.swift /Users/NikkiPunjabi/Desktop/Gravitas/Vitroscribe/Vitroscribe/Sources/App/VitroscribeApp.swift /Applications/Xcode.app/Contents/Developer/Toolchains/XcodeDefault.xctoolchain/usr/lib/swift/macosx/prebuilt-modules/26.2/CoreText.swiftmodule/arm64e-apple-macos.swiftmodule /Applications/Xcode.app/Contents/Developer/Toolchains/XcodeDefault.xctoolchain/usr/lib/swift/macosx/prebuilt-modules/26.2/Combine.swiftmodule/arm64e-apple-macos.swiftmodule /Applications/Xcode.app/Contents/Developer/Toolchains/XcodeDefault.xctoolchain/usr/lib/swift/macosx/prebuilt-modules/26.2/_DarwinFoundation1.swiftmodule/arm64e-apple-macos.swiftmodule /Applications/Xcode.app/Contents/Developer/Toolchains/XcodeDefault.xctoolchain/usr/lib/swift/macosx/prebuilt-modules/26.2/Observation.swiftmodule/arm64e-apple-macos.swiftmodule /Applications/Xcode.app/Contents/Developer/Toolchains/XcodeDefault.xctoolchain/usr/lib/swift/macosx/prebuilt-modules/26.2/IOKit.swiftmodule/arm64e-apple-macos.swiftmodule /Applications/Xcode.app/Contents/Developer/Toolchains/XcodeDefault.xctoolchain/usr/lib/swift/macosx/prebuilt-modules/26.2/CoreTransferable.swiftmodule/arm64e-apple-macos.swiftmodule /Users/NikkiPunjabi/Desktop/Gravitas/Vitroscribe/derived_data/Build/Products/Release/SQLite.swiftmodule/arm64-apple-macos.swiftmodule /Applications/Xcode.app/Contents/Developer/Toolchains/XcodeDefault.xctoolchain/usr/lib/swift/macosx/prebuilt-modules/26.2/CoreMIDI.swiftmodule/arm64e-apple-macos.swiftmodule /Applications/Xcode.app/Contents/Developer/Toolchains/XcodeDefault.xctoolchain/usr/lib/swift/macosx/prebuilt-modules/26.2/_DarwinFoundation2.swiftmodule/arm64e-apple-macos.swiftmodule /Applications/Xcode.app/Contents/Developer/Toolchains/XcodeDefault.xctoolchain/usr/lib/swift/macosx/prebuilt-modules/26.2/CoreVideo.swiftmodule/arm64e-apple-macos.swiftmodule /Applications/Xcode.app/Contents/Developer/Toolchains/XcodeDefault.xctoolchain/usr/lib/swift/macosx/prebuilt-modules/26.2/UniformTypeIdentifiers.swiftmodule/arm64e-apple-macos.swiftmodule /Applications/Xcode.app/Contents/Developer/Toolchains/XcodeDefault.xctoolchain/usr/lib/swift/macosx/prebuilt-modules/26.2/CoreFoundation.swiftmodule/arm64e-apple-macos.swiftmodule /Applications/Xcode.app/Contents/Developer/Toolchains/XcodeDefault.xctoolchain/usr/lib/swift/macosx/prebuilt-modules/26.2/CoreGraphics.swiftmodule/arm64e-apple-macos.swiftmodule /Applications/Xcode.app/Contents/Developer/Toolchains/XcodeDefault.xctoolchain/usr/lib/swift/macosx/prebuilt-modules/26.2/Metal.swiftmodule/arm64e-apple-macos.swiftmodule /Applications/Xcode.app/Contents/Developer/Toolchains/XcodeDefault.xctoolchain/usr/lib/swift/macosx/prebuilt-modules/26.2/Synchronization.swiftmodule/arm64e-apple-macos.swiftmodule /Applications/Xcode.app/Contents/Developer/Toolchains/XcodeDefault.xctoolchain/usr/lib/swift/macosx/prebuilt-modules/26.2/SwiftUICore.swiftmodule/arm64e-apple-macos.swiftmodule /Applications/Xcode.app/Contents/Developer/Toolchains/XcodeDefault.xctoolchain/usr/lib/swift/macosx/prebuilt-modules/26.2/ObjectiveC.swiftmodule/arm64e-apple-macos.swiftmodule /Applications/Xcode.app/Contents/Developer/Toolchains/XcodeDefault.xctoolchain/usr/lib/swift/macosx/prebuilt-modules/26.2/AuthenticationServices.swiftmodule/arm64e-apple-macos.swiftmodule /Applications/Xcode.app/Contents/Developer/Toolchains/XcodeDefault.xctoolchain/usr/lib/swift/macosx/prebuilt-modules/26.2/_Builtin_float.swiftmodule/arm64e-apple-macos.swiftmodule /Applications/Xcode.app/Contents/Developer/Toolchains/XcodeDefault.xctoolchain/usr/lib/swift/macosx/prebuilt-modules/26.2/AppKit.swiftmodule/arm64e-apple-macos.swiftmodule /Applications/Xcode.app/Contents/Developer/Toolchains/XcodeDefault.xctoolchain/usr/lib/swift/macosx/prebuilt-modules/26.2/DataDetection.swiftmodule/arm64e-apple-macos.swiftmodule /Applications/Xcode.app/Contents/Developer/Toolchains/XcodeDefault.xctoolchain/usr/lib/swift/macosx/prebuilt-modules/26.2/_StringProcessing.swiftmodule/arm64e-apple-macos.swiftmodule /Applications/Xcode.app/Contents/Developer/Toolchains/XcodeDefault.xctoolchain/usr/lib/swift/macosx/prebuilt-modules/26.2/Foundation.swiftmodule/arm64e-apple-macos.swiftmodule /Applications/Xcode.app/Contents/Developer/Toolchains/XcodeDefault.xctoolchain/usr/lib/swift/macosx/prebuilt-modules/26.2/CryptoKit.swiftmodule/arm64e-apple-macos.swiftmodule /Applications/Xcode.app/Contents/Developer/Toolchains/XcodeDefault.xctoolchain/usr/lib/swift/macosx/prebuilt-modules/26.2/QuartzCore.swiftmodule/arm64e-apple-macos.swiftmodule /Applications/Xcode.app/Contents/Developer/Toolchains/XcodeDefault.xctoolchain/usr/lib/swift/macosx/prebuilt-modules/26.2/_Concurrency.swiftmodule/arm64e-apple-macos.swiftmodule /Applications/Xcode.app/Contents/Developer/Toolchains/XcodeDefault.xctoolchain/usr/lib/swift/macosx/prebuilt-modules/26.2/AVFAudio.swiftmodule/arm64e-apple-macos.swiftmodule /Applications/Xcode.app/Contents/Developer/Toolchains/XcodeDefault.xctoolchain/usr/lib/swift/macosx/prebuilt-modules/26.2/Dispatch.swiftmodule/arm64e-apple-macos.swiftmodule /Applications/Xcode.app/Contents/Developer/Toolchains/XcodeDefault.xctoolchain/usr/lib/swift/macosx/prebuilt-modules/26.2/CoreMedia.swiftmodule/arm64e-apple-macos.swiftmodule /Applications/Xcode.app/Contents/Developer/Toolchains/XcodeDefault.xctoolchain/usr/lib/swift/macosx/prebuilt-modules/26.2/Swift.swiftmodule/arm64e-apple-macos.swiftmodule /Applications/Xcode.app/Contents/Developer/Toolchains/XcodeDefault.xctoolchain/usr/lib/swift/macosx/prebuilt-modules/26.2/XPC.swiftmodule/arm64e-apple-macos.swiftmodule /Applications/Xcode.app/Contents/Developer/Toolchains/XcodeDefault.xctoolchain/usr/lib/swift/macosx/prebuilt-modules/26.2/CoreAudio.swiftmodule/arm64e-apple-macos.swiftmodule /Applications/Xcode.app/Contents/Developer/Toolchains/XcodeDefault.xctoolchain/usr/lib/swift/macosx/prebuilt-modules/26.2/Speech.swiftmodule/arm64e-apple-macos.swiftmodule /Applications/Xcode.app/Contents/Developer/Toolchains/XcodeDefault.xctoolchain/usr/lib/swift/macosx/prebuilt-modules/26.2/SwiftUI.swiftmodule/arm64e-apple-macos.swiftmodule /Applications/Xcode.app/Contents/Developer/Toolchains/XcodeDefault.xctoolchain/usr/lib/swift/macosx/prebuilt-modules/26.2/Darwin.swiftmodule/arm64e-apple-macos.swiftmodule /Applications/Xcode.app/Contents/Developer/Toolchains/XcodeDefault.xctoolchain/usr/lib/swift/macosx/prebuilt-modules/26.2/OSLog.swiftmodule/arm64e-apple-macos.swiftmodule /Applications/Xcode.app/Contents/Developer/Toolchains/XcodeDefault.xctoolchain/usr/lib/swift/macosx/prebuilt-modules/26.2/System.swiftmodule/arm64e-apple-macos.swiftmodule /Applications/Xcode.app/Contents/Developer/Toolchains/XcodeDefault.xctoolchain/usr/lib/swift/macosx/prebuilt-modules/26.2/simd.swiftmodule/arm64e-apple-macos.swiftmodule /Applications/Xcode.app/Contents/Developer/Toolchains/XcodeDefault.xctoolchain/usr/lib/swift/macosx/prebuilt-modules/26.2/CoreData.swiftmodule/arm64e-apple-macos.swiftmodule /Applications/Xcode.app/Contents/Developer/Toolchains/XcodeDefault.xctoolchain/usr/lib/swift/macosx/prebuilt-modules/26.2/os.swiftmodule/arm64e-apple-macos.swiftmodule /Applications/Xcode.app/Contents/Developer/Toolchains/XcodeDefault.xctoolchain/usr/lib/swift/macosx/prebuilt-modules/26.2/Symbols.swiftmodule/arm64e-apple-macos.swiftmodule /Applications/Xcode.app/Contents/Developer/Toolchains/XcodeDefault.xctoolchain/usr/lib/swift/macosx/prebuilt-modules/26.2/AVFoundation.swiftmodule/arm64e-apple-macos.swiftmodule /Applications/Xcode.app/Contents/Developer/Toolchains/XcodeDefault.xctoolchain/usr/lib/swift/macosx/prebuilt-modules/26.2/AudioToolbox.swiftmodule/arm64e-apple-macos.swiftmodule /Applications/Xcode.app/Contents/Developer/Toolchains/XcodeDefault.xctoolchain/usr/lib/swift/macosx/prebuilt-modules/26.2/DeveloperToolsSupport.swiftmodule/arm64e-apple-macos.swiftmodule /Applications/Xcode.app/Contents/Developer/Toolchains/XcodeDefault.xctoolchain/usr/lib/swift/macosx/prebuilt-modules/26.2/Accessibility.swiftmodule/arm64e-apple-macos.swiftmodule /Applications/Xcode.app/Contents/Developer/Toolchains/XcodeDefault.xctoolchain/usr/lib/swift/macosx/prebuilt-modules/26.2/Spatial.swiftmodule/arm64e-apple-macos.swiftmodule /Applications/Xcode.app/Contents/Developer/Toolchains/XcodeDefault.xctoolchain/usr/lib/swift/macosx/prebuilt-modules/26.2/_DarwinFoundation3.swiftmodule/arm64e-apple-macos.swiftmodule /Applications/Xcode.app/Contents/Developer/Toolchains/XcodeDefault.xctoolchain/usr/lib/swift/macosx/prebuilt-modules/26.2/CoreImage.swiftmodule/arm64e-apple-macos.swiftmodule /Applications/Xcode.app/Contents/Developer/Toolchains/XcodeDefault.xctoolchain/usr/lib/swift/macosx/prebuilt-modules/26.2/LocalAuthentication.swiftmodule/arm64e-apple-macos.swiftmodule /Users/NikkiPunjabi/Desktop/Gravitas/Vitroscribe/derived_data/ModuleCache.noindex/AuthenticationServices-57DR91AB8GA0ZGJCPWB6PG9KR.pcm /Users/NikkiPunjabi/Desktop/Gravitas/Vitroscribe/derived_data/ModuleCache.noindex/UserNotifications-4K3GHJDWX384EE1WLJNJY1WBP.pcm /Users/NikkiPunjabi/Desktop/Gravitas/Vitroscribe/derived_data/ModuleCache.noindex/CoreMedia-5GN4P4FKTSUDMRBK87TWGGD30.pcm /Users/NikkiPunjabi/Desktop/Gravitas/Vitroscribe/derived_data/ModuleCache.noindex/ObjectiveC-MXQB2MABECM6IH1UG1FM8YEY.pcm /Users/NikkiPunjabi/Desktop/Gravitas/Vitroscribe/derived_data/ModuleCache.noindex/Speech-5BMS8B1YEEU05OMEA9ZNYY3TQ.pcm /Users/NikkiPunjabi/Desktop/Gravitas/Vitroscribe/derived_data/ModuleCache.noindex/OpenGL-53YRSDKKCTZSGGMCAZBOXETME.pcm /Users/NikkiPunjabi/Desktop/Gravitas/Vitroscribe/derived_data/ModuleCache.noindex/AppKit-8R7QSCTLQ4BISK6QXV0Y7RXRU.pcm /Users/NikkiPunjabi/Desktop/Gravitas/Vitroscribe/derived_data/ModuleCache.noindex/IOSurface-823UF3LNAST43N1ODXU29WNWL.pcm /Users/NikkiPunjabi/Desktop/Gravitas/Vitroscribe/derived_data/ModuleCache.noindex/AVFoundation-7SFZ9NBFZXODDG7SD6VHR7MDY.pcm /Users/NikkiPunjabi/Desktop/Gravitas/Vitroscribe/derived_data/ModuleCache.noindex/simd-5QIQ1DEQ61UXA1B18B96LGN9I.pcm /Users/NikkiPunjabi/Desktop/Gravitas/Vitroscribe/derived_data/ModuleCache.noindex/_Builtin_intrinsics-8X4HTZHDGZRYWGP9VK6364G4R.pcm /Users/NikkiPunjabi/Desktop/Gravitas/Vitroscribe/derived_data/ModuleCache.noindex/CoreImage-E4KHQ5R48938KYCKN6CNM782K.pcm /Users/NikkiPunjabi/Desktop/Gravitas/Vitroscribe/derived_data/ModuleCache.noindex/CoreGraphics-41L1VDKI7C8Q7952670ZU2X94.pcm /Users/NikkiPunjabi/Desktop/Gravitas/Vitroscribe/derived_data/ModuleCache.noindex/SQLite3-ATVAJCC219P0QKE8N0F0NZ667.pcm /Users/NikkiPunjabi/Desktop/Gravitas/Vitroscribe/derived_data/ModuleCache.noindex/ptrauth-39FZHP19AB9C2ALKR3SCQODHN.pcm /Users/NikkiPunjabi/Desktop/Gravitas/Vitroscribe/derived_data/ModuleCache.noindex/os-MFS4S4GNNBJMOW792E9CDM9P.pcm /Users/NikkiPunjabi/Desktop/Gravitas/Vitroscribe/derived_data/ModuleCache.noindex/ptrcheck-36W9R1K3SLCJXXROCVNN8XDT.pcm /Users/NikkiPunjabi/Desktop/Gravitas/Vitroscribe/derived_data/ModuleCache.noindex/_DarwinFoundation1-U5EHV60R7BMG8XCM8AWFJBNE.pcm /Users/NikkiPunjabi/Desktop/Gravitas/Vitroscribe/derived_data/ModuleCache.noindex/os_object-1DOECSU5P5D33O19KFS046LI0.pcm /Users/NikkiPunjabi/Desktop/Gravitas/Vitroscribe/derived_data/ModuleCache.noindex/MachO-85EMFYRGW4JAY5QHRIBZE145Q.pcm /Users/NikkiPunjabi/Desktop/Gravitas/Vitroscribe/derived_data/ModuleCache.noindex/QuartzCore-B1QUZG05ZJTQ9F4JBRUOUC2VE.pcm /Users/NikkiPunjabi/Desktop/Gravitas/Vitroscribe/derived_data/ModuleCache.noindex/CoreAudio-8Y9OMCCMIDPYY81M4Y904BZ1W.pcm /Users/NikkiPunjabi/Desktop/Gravitas/Vitroscribe/derived_data/ModuleCache.noindex/CFNetwork-4J24XPQQYMVCQI4F5ACSQ2MFW.pcm /Users/NikkiPunjabi/Desktop/Gravitas/Vitroscribe/derived_data/ModuleCache.noindex/_Builtin_stdatomic-3KIHG4D91QKPWVUQ0DHT0S5A2.pcm /Users/NikkiPunjabi/Desktop/Gravitas/Vitroscribe/derived_data/ModuleCache.noindex/CoreServices-83JQDILNE6DFM4QLVZYVHHE2W.pcm /Users/NikkiPunjabi/Desktop/Gravitas/Vitroscribe/derived_data/ModuleCache.noindex/Security-4EFS4LNVYDZ3Q5F6ZDNOZHA49.pcm /Users/NikkiPunjabi/Desktop/Gravitas/Vitroscribe/derived_data/ModuleCache.noindex/CoreAudioTypes-EIXB5N6MA93Y2ZGN1YJ0V94MP.pcm /Users/NikkiPunjabi/Desktop/Gravitas/Vitroscribe/derived_data/ModuleCache.noindex/_AvailabilityInternal-6KG3T32BH3ULJ1HWB2QSNL1MV.pcm /Users/NikkiPunjabi/Desktop/Gravitas/Vitroscribe/derived_data/ModuleCache.noindex/ServiceManagement-7X1DL71L0A2UGPLH94AUPZIJS.pcm /Users/NikkiPunjabi/Desktop/Gravitas/Vitroscribe/derived_data/ModuleCache.noindex/_DarwinFoundation2-43AMPYIE67G9SUB1NJVMIKGW1.pcm /Users/NikkiPunjabi/Desktop/Gravitas/Vitroscribe/derived_data/ModuleCache.noindex/Carbon-9R2SL2M6EWXHXPUL8OOJ038LI.pcm /Users/NikkiPunjabi/Desktop/Gravitas/Vitroscribe/derived_data/ModuleCache.noindex/CoreFoundation-CRTGTI9ZI4RL4EHD4ZDGSU7DH.pcm /Users/NikkiPunjabi/Desktop/Gravitas/Vitroscribe/derived_data/ModuleCache.noindex/os_workgroup-5V7FKTXU9D4U5V8QP9VMHYBAN.pcm /Users/NikkiPunjabi/Desktop/Gravitas/Vitroscribe/derived_data/ModuleCache.noindex/_Builtin_stdint-4AUBD8N6U4DS36SGWT2ELJ4BR.pcm /Users/NikkiPunjabi/Desktop/Gravitas/Vitroscribe/derived_data/ModuleCache.noindex/CoreTransferable-6G75HK9NSV1XBTPUKNCGPNNST.pcm /Users/NikkiPunjabi/Desktop/Gravitas/Vitroscribe/derived_data/ModuleCache.noindex/CoreData-86H43QPPSATMAZH22A6PD3SOX.pcm /Users/NikkiPunjabi/Desktop/Gravitas/Vitroscribe/derived_data/ModuleCache.noindex/sys_types-1HE2FRT2D0ADQ4ZAIQMAGKRV1.pcm /Users/NikkiPunjabi/Desktop/Gravitas/Vitroscribe/derived_data/ModuleCache.noindex/SwiftUI-94WKUS5JO0RV1AENLE96GNUHV.pcm /Users/NikkiPunjabi/Desktop/Gravitas/Vitroscribe/derived_data/ModuleCache.noindex/CoreText-1MHWJZBZJ56JUSLEVODNG95WJ.pcm /Users/NikkiPunjabi/Desktop/Gravitas/Vitroscribe/derived_data/ModuleCache.noindex/_Builtin_stddef-EKFYCILPLQBW9MY6JRKE2FXXK.pcm /Users/NikkiPunjabi/Desktop/Gravitas/Vitroscribe/derived_data/ModuleCache.noindex/LocalAuthentication-9A4A5OI8ZIGC0LTLZRQPB2QOR.pcm /Users/NikkiPunjabi/Desktop/Gravitas/Vitroscribe/derived_data/ModuleCache.noindex/DiskArbitration-7ZX4E7T65A4A3QZCRQ2U3UG6G.pcm /Users/NikkiPunjabi/Desktop/Gravitas/Vitroscribe/derived_data/ModuleCache.noindex/ApplicationServices-MPZ6NK8FM4CEQKJH7FRXJZ50.pcm /Users/NikkiPunjabi/Desktop/Gravitas/Vitroscribe/derived_data/ModuleCache.noindex/AudioToolbox-5KU5R68OE04JXPR2GNFHKIW7W.pcm /Users/NikkiPunjabi/Desktop/Gravitas/Vitroscribe/derived_data/ModuleCache.noindex/Foundation-A7UK1ZCFLJA9Z41IDU8MT7JT5.pcm /Users/NikkiPunjabi/Desktop/Gravitas/Vitroscribe/derived_data/ModuleCache.noindex/OSLog-4ACO7XEN7K6RDOKWR47ZD2OMJ.pcm /Users/NikkiPunjabi/Desktop/Gravitas/Vitroscribe/derived_data/ModuleCache.noindex/SwiftShims-7ZPP03LTJ0GS6AGWC66AUEPCL.pcm /Users/NikkiPunjabi/Desktop/Gravitas/Vitroscribe/derived_data/ModuleCache.noindex/AVFAudio-6IKFR0PXEGIN9UAM4JWPRKJRK.pcm /Users/NikkiPunjabi/Desktop/Gravitas/Vitroscribe/derived_data/ModuleCache.noindex/libDER-4U1LCSYY0FGXDC2Q3NL4VMTBV.pcm /Users/NikkiPunjabi/Desktop/Gravitas/Vitroscribe/derived_data/ModuleCache.noindex/Metal-OBUJ2914OW9QN13MQW7ZLA8O.pcm /Users/NikkiPunjabi/Desktop/Gravitas/Vitroscribe/derived_data/ModuleCache.noindex/XPC-48VK4F2S4YCC50H3J3QRMZGEA.pcm /Users/NikkiPunjabi/Desktop/Gravitas/Vitroscribe/derived_data/ModuleCache.noindex/MediaToolbox-8D4AD3GBZJAFWBDJKOHEBGWHK.pcm /Users/NikkiPunjabi/Desktop/Gravitas/Vitroscribe/derived_data/ModuleCache.noindex/_Builtin_stdbool-9ZUGJBHMFO0B4TXT4AGGKKHPX.pcm /Users/NikkiPunjabi/Desktop/Gravitas/Vitroscribe/derived_data/ModuleCache.noindex/IOKit-5D6PFRJJJA46Z2DF0XFKZNAN0.pcm /Users/NikkiPunjabi/Desktop/Gravitas/Vitroscribe/derived_data/ModuleCache.noindex/_DarwinFoundation3-8KEWYQTQNT5CM4ZOJ5T9KHBE4.pcm /Users/NikkiPunjabi/Desktop/Gravitas/Vitroscribe/derived_data/ModuleCache.noindex/Symbols-1WS0CZK85OLUAA9Q0YZX4TQE5.pcm /Users/NikkiPunjabi/Desktop/Gravitas/Vitroscribe/derived_data/ModuleCache.noindex/DeveloperToolsSupport-6LPMGAP2O4RRZNA4F1UC3KRO8.pcm /Users/NikkiPunjabi/Desktop/Gravitas/Vitroscribe/derived_data/ModuleCache.noindex/Spatial-89O1T7LDI3Y6IXRAYTY2SGUGD.pcm /Users/NikkiPunjabi/Desktop/Gravitas/Vitroscribe/derived_data/ModuleCache.noindex/ColorSync-57BTJ6K7527U48IG5ES6RDRGH.pcm /Users/NikkiPunjabi/Desktop/Gravitas/Vitroscribe/derived_data/ModuleCache.noindex/_Builtin_stdarg-CZITQ57FLTP2CGYKTIAIYPCDG.pcm /Users/NikkiPunjabi/Desktop/Gravitas/Vitroscribe/derived_data/ModuleCache.noindex/launch-DHUWUAOC55EXOQ6OJXGC7YG0X.pcm /Users/NikkiPunjabi/Desktop/Gravitas/Vitroscribe/derived_data/ModuleCache.noindex/Dispatch-CLT9M083IH3G94PYOFV0O6BBP.pcm /Users/NikkiPunjabi/Desktop/Gravitas/Vitroscribe/derived_data/ModuleCache.noindex/libkern-75HCJPY2DXNGJ3WGEVQDR59ZN.pcm /Users/NikkiPunjabi/Desktop/Gravitas/Vitroscribe/derived_data/ModuleCache.noindex/SwiftUICore-18NM35ULAJHKU87LFOOX4CXH5.pcm /Users/NikkiPunjabi/Desktop/Gravitas/Vitroscribe/derived_data/ModuleCache.noindex/_Builtin_float-8H3M3GD2YBRI5DY5V3ZMOQ5IR.pcm /Users/NikkiPunjabi/Desktop/Gravitas/Vitroscribe/derived_data/ModuleCache.noindex/Darwin-43SYAJHTC7MRM2LHESTXBW8Y7.pcm /Users/NikkiPunjabi/Desktop/Gravitas/Vitroscribe/derived_data/ModuleCache.noindex/DataDetection-1GN08BLQHVK43SRB93OF70BSO.pcm /Users/NikkiPunjabi/Desktop/Gravitas/Vitroscribe/derived_data/ModuleCache.noindex/ImageIO-E0WNX347LJSPSMJ7RIL48EUBJ.pcm /Users/NikkiPunjabi/Desktop/Gravitas/Vitroscribe/derived_data/ModuleCache.noindex/CUPS-7QNVHJEGNEYTYJSJN5N2FNIY9.pcm /Users/NikkiPunjabi/Desktop/Gravitas/Vitroscribe/derived_data/ModuleCache.noindex/_Builtin_inttypes-CZXDFBPN2OKX4SJWRISA8CCLX.pcm /Users/NikkiPunjabi/Desktop/Gravitas/Vitroscribe/derived_data/ModuleCache.noindex/_Builtin_tgmath-3PHRZ3WN9ONXS7ROOXIQIIVEQ.pcm /Users/NikkiPunjabi/Desktop/Gravitas/Vitroscribe/derived_data/ModuleCache.noindex/_Builtin_limits-C36G6FLFHBWFSHNXZQHXZERT7.pcm /Users/NikkiPunjabi/Desktop/Gravitas/Vitroscribe/derived_data/ModuleCache.noindex/_SwiftConcurrencyShims-9LEXJVA2BEKK2BQNO9OUG98FW.pcm /Users/NikkiPunjabi/Desktop/Gravitas/Vitroscribe/derived_data/ModuleCache.noindex/Accessibility-D7DUEY2SV7E1U141WJNCIKNHJ.pcm /Users/NikkiPunjabi/Desktop/Gravitas/Vitroscribe/derived_data/ModuleCache.noindex/UniformTypeIdentifiers-2ODZRKXOK32621FSS2COEJOZJ.pcm /Users/NikkiPunjabi/Desktop/Gravitas/Vitroscribe/derived_data/ModuleCache.noindex/CoreVideo-152ZF7WP8W0T6ITU6FF0HSXFI.pcm /Users/NikkiPunjabi/Desktop/Gravitas/Vitroscribe/derived_data/ModuleCache.noindex/CoreMIDI-C0UEXBVEE74RNF12JMBEMFQKD.pcm /Users/NikkiPunjabi/Desktop/Gravitas/Vitroscribe/derived_data/Build/Intermediates.noindex/Vitroscribe.build/Release/Vitroscribe.build/Objects-normal/arm64/Vitroscribe-dependencies-1.json (in target 'Vitroscribe' from project 'Vitroscribe')

CompileSwift normal arm64 (in target 'Vitroscribe' from project 'Vitroscribe')
    cd /Users/NikkiPunjabi/Desktop/Gravitas/Vitroscribe
    
/Users/NikkiPunjabi/Desktop/Gravitas/Vitroscribe/Vitroscribe/Sources/App/UI/ContentView.swift:106:26: warning: 'onChange(of:perform:)' was deprecated in macOS 14.0: Use `onChange` with a two or zero parameter action closure instead.
                        .onChange(of: audioManager.currentTranscript) { _ in
                         ^
/Users/NikkiPunjabi/Desktop/Gravitas/Vitroscribe/Vitroscribe/Sources/App/UI/HistoryView.swift:47:14: warning: 'onChange(of:perform:)' was deprecated in macOS 14.0: Use `onChange` with a two or zero parameter action closure instead.
            .onChange(of: selectedSessionId) { newValue in
             ^
/Users/NikkiPunjabi/Desktop/Gravitas/Vitroscribe/Vitroscribe/Sources/App/Core/MeetingDetector.swift:89:68: error: value of type 'GoogleEvent' has no member 'endDate'
                guard let start = event.startDate, let end = event.endDate else { return false }
                                                             ~~~~~ ^~~~~~~
/Users/NikkiPunjabi/Desktop/Gravitas/Vitroscribe/Vitroscribe/Sources/App/UI/SettingsView.swift:18:22: warning: 'onChange(of:perform:)' was deprecated in macOS 14.0: Use `onChange` with a two or zero parameter action closure instead.
                    .onChange(of: isLaunchAtStartupEnabled) { newValue in
                     ^

Failed frontend command:
/Applications/Xcode.app/Contents/Developer/Toolchains/XcodeDefault.xctoolchain/usr/bin/swift-frontend -frontend -c /Users/NikkiPunjabi/Desktop/Gravitas/Vitroscribe/Vitroscribe/Sources/App/Core/AudioEngineManager.swift /Users/NikkiPunjabi/Desktop/Gravitas/Vitroscribe/Vitroscribe/Sources/App/UI/ContentView.swift /Users/NikkiPunjabi/Desktop/Gravitas/Vitroscribe/Vitroscribe/Sources/App/Core/DatabaseManager.swift /Users/NikkiPunjabi/Desktop/Gravitas/Vitroscribe/Vitroscribe/Sources/App/Services/GoogleAuthManager.swift /Users/NikkiPunjabi/Desktop/Gravitas/Vitroscribe/Vitroscribe/Sources/App/Services/GoogleCalendarService.swift /Users/NikkiPunjabi/Desktop/Gravitas/Vitroscribe/Vitroscribe/Sources/App/UI/HistoryView.swift /Users/NikkiPunjabi/Desktop/Gravitas/Vitroscribe/Vitroscribe/Sources/App/Core/Logger.swift /Users/NikkiPunjabi/Desktop/Gravitas/Vitroscribe/Vitroscribe/Sources/App/Core/MeetingDetector.swift /Users/NikkiPunjabi/Desktop/Gravitas/Vitroscribe/Vitroscribe/Sources/App/UI/SettingsView.swift /Users/NikkiPunjabi/Desktop/Gravitas/Vitroscribe/Vitroscribe/Sources/App/Core/StartupManager.swift /Users/NikkiPunjabi/Desktop/Gravitas/Vitroscribe/Vitroscribe/Sources/App/VitroscribeApp.swift -supplementary-output-file-map /Users/NikkiPunjabi/Desktop/Gravitas/Vitroscribe/derived_data/Build/Intermediates.noindex/Vitroscribe.build/Release/Vitroscribe.build/Objects-normal/arm64/supplementaryOutputs-1 -target arm64-apple-macos14.0 -load-resolved-plugin /Applications/Xcode.app/Contents/Developer/Platforms/MacOSX.platform/Developer/usr/lib/swift/host/plugins/libFoundationMacros.dylib\#/Applications/Xcode.app/Contents/Developer/Platforms/MacOSX.platform/Developer/usr/bin/swift-plugin-server\#FoundationMacros -load-resolved-plugin /Applications/Xcode.app/Contents/Developer/Platforms/MacOSX.platform/Developer/usr/lib/swift/host/plugins/libObservationMacros.dylib\#/Applications/Xcode.app/Contents/Developer/Platforms/MacOSX.platform/Developer/usr/bin/swift-plugin-server\#ObservationMacros -load-resolved-plugin /Applications/Xcode.app/Contents/Developer/Platforms/MacOSX.platform/Developer/usr/lib/swift/host/plugins/libPreviewsMacros.dylib\#/Applications/Xcode.app/Contents/Developer/Platforms/MacOSX.platform/Developer/usr/bin/swift-plugin-server\#PreviewsMacros -load-resolved-plugin /Applications/Xcode.app/Contents/Developer/Platforms/MacOSX.platform/Developer/usr/lib/swift/host/plugins/libSwiftMacros.dylib\#/Applications/Xcode.app/Contents/Developer/Platforms/MacOSX.platform/Developer/usr/bin/swift-plugin-server\#SwiftMacros -load-resolved-plugin /Applications/Xcode.app/Contents/Developer/Platforms/MacOSX.platform/Developer/usr/lib/swift/host/plugins/libSwiftUIMacros.dylib\#/Applications/Xcode.app/Contents/Developer/Platforms/MacOSX.platform/Developer/usr/bin/swift-plugin-server\#SwiftUIMacros -disable-implicit-swift-modules -Xcc -fno-implicit-modules -Xcc -fno-implicit-module-maps -explicit-swift-module-map-file /Users/NikkiPunjabi/Desktop/Gravitas/Vitroscribe/derived_data/Build/Intermediates.noindex/Vitroscribe.build/Release/Vitroscribe.build/Objects-normal/arm64/Vitroscribe-dependencies-1.json -Xllvm -aarch64-use-tbi -enable-objc-interop -stack-check -sdk /Applications/Xcode.app/Contents/Developer/Platforms/MacOSX.platform/Developer/SDKs/MacOSX26.2.sdk -I /Users/NikkiPunjabi/Desktop/Gravitas/Vitroscribe/derived_data/Build/Products/Release -F /Users/NikkiPunjabi/Desktop/Gravitas/Vitroscribe/derived_data/Build/Products/Release/PackageFrameworks -F /Users/NikkiPunjabi/Desktop/Gravitas/Vitroscribe/derived_data/Build/Products/Release -no-color-diagnostics -Xcc -fno-color-diagnostics -g -debug-info-format\=dwarf -dwarf-version\=4 -module-cache-path /Users/NikkiPunjabi/Desktop/Gravitas/Vitroscribe/derived_data/Build/Intermediates.noindex/SwiftExplicitPrecompiledModules -swift-version 5 -enforce-exclusivity\=checked -O -serialize-debugging-options -const-gather-protocols-file /Users/NikkiPunjabi/Desktop/Gravitas/Vitroscribe/derived_data/Build/Intermediates.noindex/Vitroscribe.build/Release/Vitroscribe.build/Objects-normal/arm64/Vitroscribe_const_extract_protocols.json -enable-experimental-feature DebugDescriptionMacro -enable-bare-slash-regex -empty-abi-descriptor -validate-clang-modules-once -clang-build-session-file /Users/NikkiPunjabi/Desktop/Gravitas/Vitroscribe/derived_data/ModuleCache.noindex/Session.modulevalidation -Xcc -working-directory -Xcc /Users/NikkiPunjabi/Desktop/Gravitas/Vitroscribe -file-compilation-dir /Users/NikkiPunjabi/Desktop/Gravitas/Vitroscribe -Xcc -ivfsstatcache -Xcc /Users/NikkiPunjabi/Desktop/Gravitas/Vitroscribe/derived_data/SDKStatCaches.noindex/macosx26.2-25C58-00fa09913b459cbbc988d1f6730289ae.sdkstatcache -Xcc -I/Users/NikkiPunjabi/Desktop/Gravitas/Vitroscribe/derived_data/Build/Intermediates.noindex/Vitroscribe.build/Release/Vitroscribe.build/swift-overrides.hmap -Xcc -iquote -Xcc /Users/NikkiPunjabi/Desktop/Gravitas/Vitroscribe/derived_data/Build/Intermediates.noindex/Vitroscribe.build/Release/Vitroscribe.build/Vitroscribe-generated-files.hmap -Xcc -I/Users/NikkiPunjabi/Desktop/Gravitas/Vitroscribe/derived_data/Build/Intermediates.noindex/Vitroscribe.build/Release/Vitroscribe.build/Vitroscribe-own-target-headers.hmap -Xcc -I/Users/NikkiPunjabi/Desktop/Gravitas/Vitroscribe/derived_data/Build/Intermediates.noindex/Vitroscribe.build/Release/Vitroscribe.build/Vitroscribe-all-non-framework-target-headers.hmap -Xcc -ivfsoverlay -Xcc /Users/NikkiPunjabi/Desktop/Gravitas/Vitroscribe/derived_data/Build/Intermediates.noindex/Vitroscribe.build/Release/Vitroscribe-b942f9e97c03eae2539a152a25953afb-VFS/all-product-headers.yaml -Xcc -iquote -Xcc /Users/NikkiPunjabi/Desktop/Gravitas/Vitroscribe/derived_data/Build/Intermediates.noindex/Vitroscribe.build/Release/Vitroscribe.build/Vitroscribe-project-headers.hmap -Xcc -I/Users/NikkiPunjabi/Desktop/Gravitas/Vitroscribe/derived_data/Build/Products/Release/include -Xcc -I/Users/NikkiPunjabi/Desktop/Gravitas/Vitroscribe/derived_data/Build/Intermediates.noindex/Vitroscribe.build/Release/Vitroscribe.build/DerivedSources-normal/arm64 -Xcc -I/Users/NikkiPunjabi/Desktop/Gravitas/Vitroscribe/derived_data/Build/Intermediates.noindex/Vitroscribe.build/Release/Vitroscribe.build/DerivedSources/arm64 -Xcc -I/Users/NikkiPunjabi/Desktop/Gravitas/Vitroscribe/derived_data/Build/Intermediates.noindex/Vitroscribe.build/Release/Vitroscribe.build/DerivedSources -no-auto-bridging-header-chaining -module-name Vitroscribe -frontend-parseable-output -disable-clang-spi -target-sdk-version 26.2 -target-sdk-name macosx26.2 -clang-target arm64-apple-macos26.2 -in-process-plugin-server-path /Applications/Xcode.app/Contents/Developer/Toolchains/XcodeDefault.xctoolchain/usr/lib/swift/host/libSwiftInProcPluginServer.dylib -enable-default-cmo -num-threads 8 -o /Users/NikkiPunjabi/Desktop/Gravitas/Vitroscribe/derived_data/Build/Intermediates.noindex/Vitroscribe.build/Release/Vitroscribe.build/Objects-normal/arm64/AudioEngineManager.o -o /Users/NikkiPunjabi/Desktop/Gravitas/Vitroscribe/derived_data/Build/Intermediates.noindex/Vitroscribe.build/Release/Vitroscribe.build/Objects-normal/arm64/ContentView.o -o /Users/NikkiPunjabi/Desktop/Gravitas/Vitroscribe/derived_data/Build/Intermediates.noindex/Vitroscribe.build/Release/Vitroscribe.build/Objects-normal/arm64/DatabaseManager.o -o /Users/NikkiPunjabi/Desktop/Gravitas/Vitroscribe/derived_data/Build/Intermediates.noindex/Vitroscribe.build/Release/Vitroscribe.build/Objects-normal/arm64/GoogleAuthManager.o -o /Users/NikkiPunjabi/Desktop/Gravitas/Vitroscribe/derived_data/Build/Intermediates.noindex/Vitroscribe.build/Release/Vitroscribe.build/Objects-normal/arm64/GoogleCalendarService.o -o /Users/NikkiPunjabi/Desktop/Gravitas/Vitroscribe/derived_data/Build/Intermediates.noindex/Vitroscribe.build/Release/Vitroscribe.build/Objects-normal/arm64/HistoryView.o -o /Users/NikkiPunjabi/Desktop/Gravitas/Vitroscribe/derived_data/Build/Intermediates.noindex/Vitroscribe.build/Release/Vitroscribe.build/Objects-normal/arm64/Logger.o -o /Users/NikkiPunjabi/Desktop/Gravitas/Vitroscribe/derived_data/Build/Intermediates.noindex/Vitroscribe.build/Release/Vitroscribe.build/Objects-normal/arm64/MeetingDetector.o -o /Users/NikkiPunjabi/Desktop/Gravitas/Vitroscribe/derived_data/Build/Intermediates.noindex/Vitroscribe.build/Release/Vitroscribe.build/Objects-normal/arm64/SettingsView.o -o /Users/NikkiPunjabi/Desktop/Gravitas/Vitroscribe/derived_data/Build/Intermediates.noindex/Vitroscribe.build/Release/Vitroscribe.build/Objects-normal/arm64/StartupManager.o -o /Users/NikkiPunjabi/Desktop/Gravitas/Vitroscribe/derived_data/Build/Intermediates.noindex/Vitroscribe.build/Release/Vitroscribe.build/Objects-normal/arm64/VitroscribeApp.o -index-unit-output-path /Vitroscribe.build/Release/Vitroscribe.build/Objects-normal/arm64/AudioEngineManager.o -index-unit-output-path /Vitroscribe.build/Release/Vitroscribe.build/Objects-normal/arm64/ContentView.o -index-unit-output-path /Vitroscribe.build/Release/Vitroscribe.build/Objects-normal/arm64/DatabaseManager.o -index-unit-output-path /Vitroscribe.build/Release/Vitroscribe.build/Objects-normal/arm64/GoogleAuthManager.o -index-unit-output-path /Vitroscribe.build/Release/Vitroscribe.build/Objects-normal/arm64/GoogleCalendarService.o -index-unit-output-path /Vitroscribe.build/Release/Vitroscribe.build/Objects-normal/arm64/HistoryView.o -index-unit-output-path /Vitroscribe.build/Release/Vitroscribe.build/Objects-normal/arm64/Logger.o -index-unit-output-path /Vitroscribe.build/Release/Vitroscribe.build/Objects-normal/arm64/MeetingDetector.o -index-unit-output-path /Vitroscribe.build/Release/Vitroscribe.build/Objects-normal/arm64/SettingsView.o -index-unit-output-path /Vitroscribe.build/Release/Vitroscribe.build/Objects-normal/arm64/StartupManager.o -index-unit-output-path /Vitroscribe.build/Release/Vitroscribe.build/Objects-normal/arm64/VitroscribeApp.o
** BUILD FAILED **


The following build commands failed:
	CompileSwift normal arm64 (in target 'Vitroscribe' from project 'Vitroscribe')
	SwiftCompile normal arm64 Compiling\ AudioEngineManager.swift,\ ContentView.swift,\ DatabaseManager.swift,\ GoogleAuthManager.swift,\ GoogleCalendarService.swift,\ HistoryView.swift,\ Logger.swift,\ MeetingDetector.swift,\ SettingsView.swift,\ StartupManager.swift,\ VitroscribeApp.swift /Users/NikkiPunjabi/Desktop/Gravitas/Vitroscribe/Vitroscribe/Sources/App/Core/AudioEngineManager.swift /Users/NikkiPunjabi/Desktop/Gravitas/Vitroscribe/Vitroscribe/Sources/App/UI/ContentView.swift /Users/NikkiPunjabi/Desktop/Gravitas/Vitroscribe/Vitroscribe/Sources/App/Core/DatabaseManager.swift /Users/NikkiPunjabi/Desktop/Gravitas/Vitroscribe/Vitroscribe/Sources/App/Services/GoogleAuthManager.swift /Users/NikkiPunjabi/Desktop/Gravitas/Vitroscribe/Vitroscribe/Sources/App/Services/GoogleCalendarService.swift /Users/NikkiPunjabi/Desktop/Gravitas/Vitroscribe/Vitroscribe/Sources/App/UI/HistoryView.swift /Users/NikkiPunjabi/Desktop/Gravitas/Vitroscribe/Vitroscribe/Sources/App/Core/Logger.swift /Users/NikkiPunjabi/Desktop/Gravitas/Vitroscribe/Vitroscribe/Sources/App/Core/MeetingDetector.swift /Users/NikkiPunjabi/Desktop/Gravitas/Vitroscribe/Vitroscribe/Sources/App/UI/SettingsView.swift /Users/NikkiPunjabi/Desktop/Gravitas/Vitroscribe/Vitroscribe/Sources/App/Core/StartupManager.swift /Users/NikkiPunjabi/Desktop/Gravitas/Vitroscribe/Vitroscribe/Sources/App/VitroscribeApp.swift /Applications/Xcode.app/Contents/Developer/Toolchains/XcodeDefault.xctoolchain/usr/lib/swift/macosx/prebuilt-modules/26.2/CoreText.swiftmodule/arm64e-apple-macos.swiftmodule /Applications/Xcode.app/Contents/Developer/Toolchains/XcodeDefault.xctoolchain/usr/lib/swift/macosx/prebuilt-modules/26.2/Combine.swiftmodule/arm64e-apple-macos.swiftmodule /Applications/Xcode.app/Contents/Developer/Toolchains/XcodeDefault.xctoolchain/usr/lib/swift/macosx/prebuilt-modules/26.2/_DarwinFoundation1.swiftmodule/arm64e-apple-macos.swiftmodule /Applications/Xcode.app/Contents/Developer/Toolchains/XcodeDefault.xctoolchain/usr/lib/swift/macosx/prebuilt-modules/26.2/Observation.swiftmodule/arm64e-apple-macos.swiftmodule /Applications/Xcode.app/Contents/Developer/Toolchains/XcodeDefault.xctoolchain/usr/lib/swift/macosx/prebuilt-modules/26.2/IOKit.swiftmodule/arm64e-apple-macos.swiftmodule /Applications/Xcode.app/Contents/Developer/Toolchains/XcodeDefault.xctoolchain/usr/lib/swift/macosx/prebuilt-modules/26.2/CoreTransferable.swiftmodule/arm64e-apple-macos.swiftmodule /Users/NikkiPunjabi/Desktop/Gravitas/Vitroscribe/derived_data/Build/Products/Release/SQLite.swiftmodule/arm64-apple-macos.swiftmodule /Applications/Xcode.app/Contents/Developer/Toolchains/XcodeDefault.xctoolchain/usr/lib/swift/macosx/prebuilt-modules/26.2/CoreMIDI.swiftmodule/arm64e-apple-macos.swiftmodule /Applications/Xcode.app/Contents/Developer/Toolchains/XcodeDefault.xctoolchain/usr/lib/swift/macosx/prebuilt-modules/26.2/_DarwinFoundation2.swiftmodule/arm64e-apple-macos.swiftmodule /Applications/Xcode.app/Contents/Developer/Toolchains/XcodeDefault.xctoolchain/usr/lib/swift/macosx/prebuilt-modules/26.2/CoreVideo.swiftmodule/arm64e-apple-macos.swiftmodule /Applications/Xcode.app/Contents/Developer/Toolchains/XcodeDefault.xctoolchain/usr/lib/swift/macosx/prebuilt-modules/26.2/UniformTypeIdentifiers.swiftmodule/arm64e-apple-macos.swiftmodule /Applications/Xcode.app/Contents/Developer/Toolchains/XcodeDefault.xctoolchain/usr/lib/swift/macosx/prebuilt-modules/26.2/CoreFoundation.swiftmodule/arm64e-apple-macos.swiftmodule /Applications/Xcode.app/Contents/Developer/Toolchains/XcodeDefault.xctoolchain/usr/lib/swift/macosx/prebuilt-modules/26.2/CoreGraphics.swiftmodule/arm64e-apple-macos.swiftmodule /Applications/Xcode.app/Contents/Developer/Toolchains/XcodeDefault.xctoolchain/usr/lib/swift/macosx/prebuilt-modules/26.2/Metal.swiftmodule/arm64e-apple-macos.swiftmodule /Applications/Xcode.app/Contents/Developer/Toolchains/XcodeDefault.xctoolchain/usr/lib/swift/macosx/prebuilt-modules/26.2/Synchronization.swiftmodule/arm64e-apple-macos.swiftmodule /Applications/Xcode.app/Contents/Developer/Toolchains/XcodeDefault.xctoolchain/usr/lib/swift/macosx/prebuilt-modules/26.2/SwiftUICore.swiftmodule/arm64e-apple-macos.swiftmodule /Applications/Xcode.app/Contents/Developer/Toolchains/XcodeDefault.xctoolchain/usr/lib/swift/macosx/prebuilt-modules/26.2/ObjectiveC.swiftmodule/arm64e-apple-macos.swiftmodule /Applications/Xcode.app/Contents/Developer/Toolchains/XcodeDefault.xctoolchain/usr/lib/swift/macosx/prebuilt-modules/26.2/AuthenticationServices.swiftmodule/arm64e-apple-macos.swiftmodule /Applications/Xcode.app/Contents/Developer/Toolchains/XcodeDefault.xctoolchain/usr/lib/swift/macosx/prebuilt-modules/26.2/_Builtin_float.swiftmodule/arm64e-apple-macos.swiftmodule /Applications/Xcode.app/Contents/Developer/Toolchains/XcodeDefault.xctoolchain/usr/lib/swift/macosx/prebuilt-modules/26.2/AppKit.swiftmodule/arm64e-apple-macos.swiftmodule /Applications/Xcode.app/Contents/Developer/Toolchains/XcodeDefault.xctoolchain/usr/lib/swift/macosx/prebuilt-modules/26.2/DataDetection.swiftmodule/arm64e-apple-macos.swiftmodule /Applications/Xcode.app/Contents/Developer/Toolchains/XcodeDefault.xctoolchain/usr/lib/swift/macosx/prebuilt-modules/26.2/_StringProcessing.swiftmodule/arm64e-apple-macos.swiftmodule /Applications/Xcode.app/Contents/Developer/Toolchains/XcodeDefault.xctoolchain/usr/lib/swift/macosx/prebuilt-modules/26.2/Foundation.swiftmodule/arm64e-apple-macos.swiftmodule /Applications/Xcode.app/Contents/Developer/Toolchains/XcodeDefault.xctoolchain/usr/lib/swift/macosx/prebuilt-modules/26.2/CryptoKit.swiftmodule/arm64e-apple-macos.swiftmodule /Applications/Xcode.app/Contents/Developer/Toolchains/XcodeDefault.xctoolchain/usr/lib/swift/macosx/prebuilt-modules/26.2/QuartzCore.swiftmodule/arm64e-apple-macos.swiftmodule /Applications/Xcode.app/Contents/Developer/Toolchains/XcodeDefault.xctoolchain/usr/lib/swift/macosx/prebuilt-modules/26.2/_Concurrency.swiftmodule/arm64e-apple-macos.swiftmodule /Applications/Xcode.app/Contents/Developer/Toolchains/XcodeDefault.xctoolchain/usr/lib/swift/macosx/prebuilt-modules/26.2/AVFAudio.swiftmodule/arm64e-apple-macos.swiftmodule /Applications/Xcode.app/Contents/Developer/Toolchains/XcodeDefault.xctoolchain/usr/lib/swift/macosx/prebuilt-modules/26.2/Dispatch.swiftmodule/arm64e-apple-macos.swiftmodule /Applications/Xcode.app/Contents/Developer/Toolchains/XcodeDefault.xctoolchain/usr/lib/swift/macosx/prebuilt-modules/26.2/CoreMedia.swiftmodule/arm64e-apple-macos.swiftmodule /Applications/Xcode.app/Contents/Developer/Toolchains/XcodeDefault.xctoolchain/usr/lib/swift/macosx/prebuilt-modules/26.2/Swift.swiftmodule/arm64e-apple-macos.swiftmodule /Applications/Xcode.app/Contents/Developer/Toolchains/XcodeDefault.xctoolchain/usr/lib/swift/macosx/prebuilt-modules/26.2/XPC.swiftmodule/arm64e-apple-macos.swiftmodule /Applications/Xcode.app/Contents/Developer/Toolchains/XcodeDefault.xctoolchain/usr/lib/swift/macosx/prebuilt-modules/26.2/CoreAudio.swiftmodule/arm64e-apple-macos.swiftmodule /Applications/Xcode.app/Contents/Developer/Toolchains/XcodeDefault.xctoolchain/usr/lib/swift/macosx/prebuilt-modules/26.2/Speech.swiftmodule/arm64e-apple-macos.swiftmodule /Applications/Xcode.app/Contents/Developer/Toolchains/XcodeDefault.xctoolchain/usr/lib/swift/macosx/prebuilt-modules/26.2/SwiftUI.swiftmodule/arm64e-apple-macos.swiftmodule /Applications/Xcode.app/Contents/Developer/Toolchains/XcodeDefault.xctoolchain/usr/lib/swift/macosx/prebuilt-modules/26.2/Darwin.swiftmodule/arm64e-apple-macos.swiftmodule /Applications/Xcode.app/Contents/Developer/Toolchains/XcodeDefault.xctoolchain/usr/lib/swift/macosx/prebuilt-modules/26.2/OSLog.swiftmodule/arm64e-apple-macos.swiftmodule /Applications/Xcode.app/Contents/Developer/Toolchains/XcodeDefault.xctoolchain/usr/lib/swift/macosx/prebuilt-modules/26.2/System.swiftmodule/arm64e-apple-macos.swiftmodule /Applications/Xcode.app/Contents/Developer/Toolchains/XcodeDefault.xctoolchain/usr/lib/swift/macosx/prebuilt-modules/26.2/simd.swiftmodule/arm64e-apple-macos.swiftmodule /Applications/Xcode.app/Contents/Developer/Toolchains/XcodeDefault.xctoolchain/usr/lib/swift/macosx/prebuilt-modules/26.2/CoreData.swiftmodule/arm64e-apple-macos.swiftmodule /Applications/Xcode.app/Contents/Developer/Toolchains/XcodeDefault.xctoolchain/usr/lib/swift/macosx/prebuilt-modules/26.2/os.swiftmodule/arm64e-apple-macos.swiftmodule /Applications/Xcode.app/Contents/Developer/Toolchains/XcodeDefault.xctoolchain/usr/lib/swift/macosx/prebuilt-modules/26.2/Symbols.swiftmodule/arm64e-apple-macos.swiftmodule /Applications/Xcode.app/Contents/Developer/Toolchains/XcodeDefault.xctoolchain/usr/lib/swift/macosx/prebuilt-modules/26.2/AVFoundation.swiftmodule/arm64e-apple-macos.swiftmodule /Applications/Xcode.app/Contents/Developer/Toolchains/XcodeDefault.xctoolchain/usr/lib/swift/macosx/prebuilt-modules/26.2/AudioToolbox.swiftmodule/arm64e-apple-macos.swiftmodule /Applications/Xcode.app/Contents/Developer/Toolchains/XcodeDefault.xctoolchain/usr/lib/swift/macosx/prebuilt-modules/26.2/DeveloperToolsSupport.swiftmodule/arm64e-apple-macos.swiftmodule /Applications/Xcode.app/Contents/Developer/Toolchains/XcodeDefault.xctoolchain/usr/lib/swift/macosx/prebuilt-modules/26.2/Accessibility.swiftmodule/arm64e-apple-macos.swiftmodule /Applications/Xcode.app/Contents/Developer/Toolchains/XcodeDefault.xctoolchain/usr/lib/swift/macosx/prebuilt-modules/26.2/Spatial.swiftmodule/arm64e-apple-macos.swiftmodule /Applications/Xcode.app/Contents/Developer/Toolchains/XcodeDefault.xctoolchain/usr/lib/swift/macosx/prebuilt-modules/26.2/_DarwinFoundation3.swiftmodule/arm64e-apple-macos.swiftmodule /Applications/Xcode.app/Contents/Developer/Toolchains/XcodeDefault.xctoolchain/usr/lib/swift/macosx/prebuilt-modules/26.2/CoreImage.swiftmodule/arm64e-apple-macos.swiftmodule /Applications/Xcode.app/Contents/Developer/Toolchains/XcodeDefault.xctoolchain/usr/lib/swift/macosx/prebuilt-modules/26.2/LocalAuthentication.swiftmodule/arm64e-apple-macos.swiftmodule /Users/NikkiPunjabi/Desktop/Gravitas/Vitroscribe/derived_data/ModuleCache.noindex/AuthenticationServices-57DR91AB8GA0ZGJCPWB6PG9KR.pcm /Users/NikkiPunjabi/Desktop/Gravitas/Vitroscribe/derived_data/ModuleCache.noindex/UserNotifications-4K3GHJDWX384EE1WLJNJY1WBP.pcm /Users/NikkiPunjabi/Desktop/Gravitas/Vitroscribe/derived_data/ModuleCache.noindex/CoreMedia-5GN4P4FKTSUDMRBK87TWGGD30.pcm /Users/NikkiPunjabi/Desktop/Gravitas/Vitroscribe/derived_data/ModuleCache.noindex/ObjectiveC-MXQB2MABECM6IH1UG1FM8YEY.pcm /Users/NikkiPunjabi/Desktop/Gravitas/Vitroscribe/derived_data/ModuleCache.noindex/Speech-5BMS8B1YEEU05OMEA9ZNYY3TQ.pcm /Users/NikkiPunjabi/Desktop/Gravitas/Vitroscribe/derived_data/ModuleCache.noindex/OpenGL-53YRSDKKCTZSGGMCAZBOXETME.pcm /Users/NikkiPunjabi/Desktop/Gravitas/Vitroscribe/derived_data/ModuleCache.noindex/AppKit-8R7QSCTLQ4BISK6QXV0Y7RXRU.pcm /Users/NikkiPunjabi/Desktop/Gravitas/Vitroscribe/derived_data/ModuleCache.noindex/IOSurface-823UF3LNAST43N1ODXU29WNWL.pcm /Users/NikkiPunjabi/Desktop/Gravitas/Vitroscribe/derived_data/ModuleCache.noindex/AVFoundation-7SFZ9NBFZXODDG7SD6VHR7MDY.pcm /Users/NikkiPunjabi/Desktop/Gravitas/Vitroscribe/derived_data/ModuleCache.noindex/simd-5QIQ1DEQ61UXA1B18B96LGN9I.pcm /Users/NikkiPunjabi/Desktop/Gravitas/Vitroscribe/derived_data/ModuleCache.noindex/_Builtin_intrinsics-8X4HTZHDGZRYWGP9VK6364G4R.pcm /Users/NikkiPunjabi/Desktop/Gravitas/Vitroscribe/derived_data/ModuleCache.noindex/CoreImage-E4KHQ5R48938KYCKN6CNM782K.pcm /Users/NikkiPunjabi/Desktop/Gravitas/Vitroscribe/derived_data/ModuleCache.noindex/CoreGraphics-41L1VDKI7C8Q7952670ZU2X94.pcm /Users/NikkiPunjabi/Desktop/Gravitas/Vitroscribe/derived_data/ModuleCache.noindex/SQLite3-ATVAJCC219P0QKE8N0F0NZ667.pcm /Users/NikkiPunjabi/Desktop/Gravitas/Vitroscribe/derived_data/ModuleCache.noindex/ptrauth-39FZHP19AB9C2ALKR3SCQODHN.pcm /Users/NikkiPunjabi/Desktop/Gravitas/Vitroscribe/derived_data/ModuleCache.noindex/os-MFS4S4GNNBJMOW792E9CDM9P.pcm /Users/NikkiPunjabi/Desktop/Gravitas/Vitroscribe/derived_data/ModuleCache.noindex/ptrcheck-36W9R1K3SLCJXXROCVNN8XDT.pcm /Users/NikkiPunjabi/Desktop/Gravitas/Vitroscribe/derived_data/ModuleCache.noindex/_DarwinFoundation1-U5EHV60R7BMG8XCM8AWFJBNE.pcm /Users/NikkiPunjabi/Desktop/Gravitas/Vitroscribe/derived_data/ModuleCache.noindex/os_object-1DOECSU5P5D33O19KFS046LI0.pcm /Users/NikkiPunjabi/Desktop/Gravitas/Vitroscribe/derived_data/ModuleCache.noindex/MachO-85EMFYRGW4JAY5QHRIBZE145Q.pcm /Users/NikkiPunjabi/Desktop/Gravitas/Vitroscribe/derived_data/ModuleCache.noindex/QuartzCore-B1QUZG05ZJTQ9F4JBRUOUC2VE.pcm /Users/NikkiPunjabi/Desktop/Gravitas/Vitroscribe/derived_data/ModuleCache.noindex/CoreAudio-8Y9OMCCMIDPYY81M4Y904BZ1W.pcm /Users/NikkiPunjabi/Desktop/Gravitas/Vitroscribe/derived_data/ModuleCache.noindex/CFNetwork-4J24XPQQYMVCQI4F5ACSQ2MFW.pcm /Users/NikkiPunjabi/Desktop/Gravitas/Vitroscribe/derived_data/ModuleCache.noindex/_Builtin_stdatomic-3KIHG4D91QKPWVUQ0DHT0S5A2.pcm /Users/NikkiPunjabi/Desktop/Gravitas/Vitroscribe/derived_data/ModuleCache.noindex/CoreServices-83JQDILNE6DFM4QLVZYVHHE2W.pcm /Users/NikkiPunjabi/Desktop/Gravitas/Vitroscribe/derived_data/ModuleCache.noindex/Security-4EFS4LNVYDZ3Q5F6ZDNOZHA49.pcm /Users/NikkiPunjabi/Desktop/Gravitas/Vitroscribe/derived_data/ModuleCache.noindex/CoreAudioTypes-EIXB5N6MA93Y2ZGN1YJ0V94MP.pcm /Users/NikkiPunjabi/Desktop/Gravitas/Vitroscribe/derived_data/ModuleCache.noindex/_AvailabilityInternal-6KG3T32BH3ULJ1HWB2QSNL1MV.pcm /Users/NikkiPunjabi/Desktop/Gravitas/Vitroscribe/derived_data/ModuleCache.noindex/ServiceManagement-7X1DL71L0A2UGPLH94AUPZIJS.pcm /Users/NikkiPunjabi/Desktop/Gravitas/Vitroscribe/derived_data/ModuleCache.noindex/_DarwinFoundation2-43AMPYIE67G9SUB1NJVMIKGW1.pcm /Users/NikkiPunjabi/Desktop/Gravitas/Vitroscribe/derived_data/ModuleCache.noindex/Carbon-9R2SL2M6EWXHXPUL8OOJ038LI.pcm /Users/NikkiPunjabi/Desktop/Gravitas/Vitroscribe/derived_data/ModuleCache.noindex/CoreFoundation-CRTGTI9ZI4RL4EHD4ZDGSU7DH.pcm /Users/NikkiPunjabi/Desktop/Gravitas/Vitroscribe/derived_data/ModuleCache.noindex/os_workgroup-5V7FKTXU9D4U5V8QP9VMHYBAN.pcm /Users/NikkiPunjabi/Desktop/Gravitas/Vitroscribe/derived_data/ModuleCache.noindex/_Builtin_stdint-4AUBD8N6U4DS36SGWT2ELJ4BR.pcm /Users/NikkiPunjabi/Desktop/Gravitas/Vitroscribe/derived_data/ModuleCache.noindex/CoreTransferable-6G75HK9NSV1XBTPUKNCGPNNST.pcm /Users/NikkiPunjabi/Desktop/Gravitas/Vitroscribe/derived_data/ModuleCache.noindex/CoreData-86H43QPPSATMAZH22A6PD3SOX.pcm /Users/NikkiPunjabi/Desktop/Gravitas/Vitroscribe/derived_data/ModuleCache.noindex/sys_types-1HE2FRT2D0ADQ4ZAIQMAGKRV1.pcm /Users/NikkiPunjabi/Desktop/Gravitas/Vitroscribe/derived_data/ModuleCache.noindex/SwiftUI-94WKUS5JO0RV1AENLE96GNUHV.pcm /Users/NikkiPunjabi/Desktop/Gravitas/Vitroscribe/derived_data/ModuleCache.noindex/CoreText-1MHWJZBZJ56JUSLEVODNG95WJ.pcm /Users/NikkiPunjabi/Desktop/Gravitas/Vitroscribe/derived_data/ModuleCache.noindex/_Builtin_stddef-EKFYCILPLQBW9MY6JRKE2FXXK.pcm /Users/NikkiPunjabi/Desktop/Gravitas/Vitroscribe/derived_data/ModuleCache.noindex/LocalAuthentication-9A4A5OI8ZIGC0LTLZRQPB2QOR.pcm /Users/NikkiPunjabi/Desktop/Gravitas/Vitroscribe/derived_data/ModuleCache.noindex/DiskArbitration-7ZX4E7T65A4A3QZCRQ2U3UG6G.pcm /Users/NikkiPunjabi/Desktop/Gravitas/Vitroscribe/derived_data/ModuleCache.noindex/ApplicationServices-MPZ6NK8FM4CEQKJH7FRXJZ50.pcm /Users/NikkiPunjabi/Desktop/Gravitas/Vitroscribe/derived_data/ModuleCache.noindex/AudioToolbox-5KU5R68OE04JXPR2GNFHKIW7W.pcm /Users/NikkiPunjabi/Desktop/Gravitas/Vitroscribe/derived_data/ModuleCache.noindex/Foundation-A7UK1ZCFLJA9Z41IDU8MT7JT5.pcm /Users/NikkiPunjabi/Desktop/Gravitas/Vitroscribe/derived_data/ModuleCache.noindex/OSLog-4ACO7XEN7K6RDOKWR47ZD2OMJ.pcm /Users/NikkiPunjabi/Desktop/Gravitas/Vitroscribe/derived_data/ModuleCache.noindex/SwiftShims-7ZPP03LTJ0GS6AGWC66AUEPCL.pcm /Users/NikkiPunjabi/Desktop/Gravitas/Vitroscribe/derived_data/ModuleCache.noindex/AVFAudio-6IKFR0PXEGIN9UAM4JWPRKJRK.pcm /Users/NikkiPunjabi/Desktop/Gravitas/Vitroscribe/derived_data/ModuleCache.noindex/libDER-4U1LCSYY0FGXDC2Q3NL4VMTBV.pcm /Users/NikkiPunjabi/Desktop/Gravitas/Vitroscribe/derived_data/ModuleCache.noindex/Metal-OBUJ2914OW9QN13MQW7ZLA8O.pcm /Users/NikkiPunjabi/Desktop/Gravitas/Vitroscribe/derived_data/ModuleCache.noindex/XPC-48VK4F2S4YCC50H3J3QRMZGEA.pcm /Users/NikkiPunjabi/Desktop/Gravitas/Vitroscribe/derived_data/ModuleCache.noindex/MediaToolbox-8D4AD3GBZJAFWBDJKOHEBGWHK.pcm /Users/NikkiPunjabi/Desktop/Gravitas/Vitroscribe/derived_data/ModuleCache.noindex/_Builtin_stdbool-9ZUGJBHMFO0B4TXT4AGGKKHPX.pcm /Users/NikkiPunjabi/Desktop/Gravitas/Vitroscribe/derived_data/ModuleCache.noindex/IOKit-5D6PFRJJJA46Z2DF0XFKZNAN0.pcm /Users/NikkiPunjabi/Desktop/Gravitas/Vitroscribe/derived_data/ModuleCache.noindex/_DarwinFoundation3-8KEWYQTQNT5CM4ZOJ5T9KHBE4.pcm /Users/NikkiPunjabi/Desktop/Gravitas/Vitroscribe/derived_data/ModuleCache.noindex/Symbols-1WS0CZK85OLUAA9Q0YZX4TQE5.pcm /Users/NikkiPunjabi/Desktop/Gravitas/Vitroscribe/derived_data/ModuleCache.noindex/DeveloperToolsSupport-6LPMGAP2O4RRZNA4F1UC3KRO8.pcm /Users/NikkiPunjabi/Desktop/Gravitas/Vitroscribe/derived_data/ModuleCache.noindex/Spatial-89O1T7LDI3Y6IXRAYTY2SGUGD.pcm /Users/NikkiPunjabi/Desktop/Gravitas/Vitroscribe/derived_data/ModuleCache.noindex/ColorSync-57BTJ6K7527U48IG5ES6RDRGH.pcm /Users/NikkiPunjabi/Desktop/Gravitas/Vitroscribe/derived_data/ModuleCache.noindex/_Builtin_stdarg-CZITQ57FLTP2CGYKTIAIYPCDG.pcm /Users/NikkiPunjabi/Desktop/Gravitas/Vitroscribe/derived_data/ModuleCache.noindex/launch-DHUWUAOC55EXOQ6OJXGC7YG0X.pcm /Users/NikkiPunjabi/Desktop/Gravitas/Vitroscribe/derived_data/ModuleCache.noindex/Dispatch-CLT9M083IH3G94PYOFV0O6BBP.pcm /Users/NikkiPunjabi/Desktop/Gravitas/Vitroscribe/derived_data/ModuleCache.noindex/libkern-75HCJPY2DXNGJ3WGEVQDR59ZN.pcm /Users/NikkiPunjabi/Desktop/Gravitas/Vitroscribe/derived_data/ModuleCache.noindex/SwiftUICore-18NM35ULAJHKU87LFOOX4CXH5.pcm /Users/NikkiPunjabi/Desktop/Gravitas/Vitroscribe/derived_data/ModuleCache.noindex/_Builtin_float-8H3M3GD2YBRI5DY5V3ZMOQ5IR.pcm /Users/NikkiPunjabi/Desktop/Gravitas/Vitroscribe/derived_data/ModuleCache.noindex/Darwin-43SYAJHTC7MRM2LHESTXBW8Y7.pcm /Users/NikkiPunjabi/Desktop/Gravitas/Vitroscribe/derived_data/ModuleCache.noindex/DataDetection-1GN08BLQHVK43SRB93OF70BSO.pcm /Users/NikkiPunjabi/Desktop/Gravitas/Vitroscribe/derived_data/ModuleCache.noindex/ImageIO-E0WNX347LJSPSMJ7RIL48EUBJ.pcm /Users/NikkiPunjabi/Desktop/Gravitas/Vitroscribe/derived_data/ModuleCache.noindex/CUPS-7QNVHJEGNEYTYJSJN5N2FNIY9.pcm /Users/NikkiPunjabi/Desktop/Gravitas/Vitroscribe/derived_data/ModuleCache.noindex/_Builtin_inttypes-CZXDFBPN2OKX4SJWRISA8CCLX.pcm /Users/NikkiPunjabi/Desktop/Gravitas/Vitroscribe/derived_data/ModuleCache.noindex/_Builtin_tgmath-3PHRZ3WN9ONXS7ROOXIQIIVEQ.pcm /Users/NikkiPunjabi/Desktop/Gravitas/Vitroscribe/derived_data/ModuleCache.noindex/_Builtin_limits-C36G6FLFHBWFSHNXZQHXZERT7.pcm /Users/NikkiPunjabi/Desktop/Gravitas/Vitroscribe/derived_data/ModuleCache.noindex/_SwiftConcurrencyShims-9LEXJVA2BEKK2BQNO9OUG98FW.pcm /Users/NikkiPunjabi/Desktop/Gravitas/Vitroscribe/derived_data/ModuleCache.noindex/Accessibility-D7DUEY2SV7E1U141WJNCIKNHJ.pcm /Users/NikkiPunjabi/Desktop/Gravitas/Vitroscribe/derived_data/ModuleCache.noindex/UniformTypeIdentifiers-2ODZRKXOK32621FSS2COEJOZJ.pcm /Users/NikkiPunjabi/Desktop/Gravitas/Vitroscribe/derived_data/ModuleCache.noindex/CoreVideo-152ZF7WP8W0T6ITU6FF0HSXFI.pcm /Users/NikkiPunjabi/Desktop/Gravitas/Vitroscribe/derived_data/ModuleCache.noindex/CoreMIDI-C0UEXBVEE74RNF12JMBEMFQKD.pcm /Users/NikkiPunjabi/Desktop/Gravitas/Vitroscribe/derived_data/Build/Intermediates.noindex/Vitroscribe.build/Release/Vitroscribe.build/Objects-normal/arm64/Vitroscribe-dependencies-1.json (in target 'Vitroscribe' from project 'Vitroscribe')
	Building project Vitroscribe with scheme Vitroscribe and configuration Release
(3 failures)
