Command line invocation:
    /Applications/Xcode.app/Contents/Developer/usr/bin/xcodebuild -project Vitroscribe.xcodeproj -scheme Vitroscribe -configuration Release CODE_SIGN_IDENTITY= CODE_SIGNING_REQUIRED=NO -derivedDataPath derived_data

Build settings from command line:
    CODE_SIGN_IDENTITY = 
    CODE_SIGNING_REQUIRED = NO

Resolve Package Graph

Fetching from https://github.com/stephencelis/SQLite.swift.git (cached)

Creating working copy of package ‘SQLite.swift’

Checking out 0.15.5 of package ‘SQLite.swift’


Resolved source packages:
  SQLite.swift: https://github.com/stephencelis/SQLite.swift.git @ 0.15.5

2026-03-10 19:41:14.669 xcodebuild[58161:1539708] [MT] IDERunDestination: Supported platforms for the buildables in the current scheme is empty.
--- xcodebuild: WARNING: Using the first of multiple matching destinations:
{ platform:macOS, arch:arm64, id:00008103-0015604626A3001E, name:My Mac }
{ platform:macOS, arch:x86_64, id:00008103-0015604626A3001E, name:My Mac }
{ platform:macOS, name:Any Mac }
note: Using codesigning identity override: 
ComputePackagePrebuildTargetDependencyGraph

Prepare packages

CreateBuildRequest

SendProjectDescription

CreateBuildOperation

ComputeTargetDependencyGraph
note: Building targets in dependency order
note: Target dependency graph (4 targets)
    Target 'Vitroscribe' in project 'Vitroscribe'
        ➜ Explicit dependency on target 'SQLite' in project 'SQLite.swift'
    Target 'SQLite' in project 'SQLite.swift'
        ➜ Explicit dependency on target 'SQLite' in project 'SQLite.swift'
        ➜ Explicit dependency on target 'SQLite.swift_SQLite' in project 'SQLite.swift'
    Target 'SQLite' in project 'SQLite.swift'
        ➜ Explicit dependency on target 'SQLite.swift_SQLite' in project 'SQLite.swift'
    Target 'SQLite.swift_SQLite' in project 'SQLite.swift' (no dependencies)

GatherProvisioningInputs

CreateBuildDescription

ExecuteExternalTool /Applications/Xcode.app/Contents/Developer/Toolchains/XcodeDefault.xctoolchain/usr/bin/clang -v -E -dM -isysroot /Applications/Xcode.app/Contents/Developer/Platforms/MacOSX.platform/Developer/SDKs/MacOSX26.2.sdk -x c -c /dev/null

ExecuteExternalTool /Applications/Xcode.app/Contents/Developer/Toolchains/XcodeDefault.xctoolchain/usr/bin/swiftc --version

ExecuteExternalTool /Applications/Xcode.app/Contents/Developer/Toolchains/XcodeDefault.xctoolchain/usr/bin/ld -version_details

Build description signature: cf59005ba2af103b34b6a20aeebb0986
Build description path: /Users/NikkiPunjabi/Desktop/Gravitas/Vitroscribe/derived_data/Build/Intermediates.noindex/XCBuildData/cf59005ba2af103b34b6a20aeebb0986.xcbuilddata
ClangStatCache /Applications/Xcode.app/Contents/Developer/Toolchains/XcodeDefault.xctoolchain/usr/bin/clang-stat-cache /Applications/Xcode.app/Contents/Developer/Platforms/MacOSX.platform/Developer/SDKs/MacOSX26.2.sdk /Users/NikkiPunjabi/Desktop/Gravitas/Vitroscribe/derived_data/SDKStatCaches.noindex/macosx26.2-25C58-00fa09913b459cbbc988d1f6730289ae.sdkstatcache
    cd /Users/NikkiPunjabi/Desktop/Gravitas/Vitroscribe/Vitroscribe.xcodeproj
    /Applications/Xcode.app/Contents/Developer/Toolchains/XcodeDefault.xctoolchain/usr/bin/clang-stat-cache /Applications/Xcode.app/Contents/Developer/Platforms/MacOSX.platform/Developer/SDKs/MacOSX26.2.sdk -o /Users/NikkiPunjabi/Desktop/Gravitas/Vitroscribe/derived_data/SDKStatCaches.noindex/macosx26.2-25C58-00fa09913b459cbbc988d1f6730289ae.sdkstatcache

CreateBuildDirectory /Users/NikkiPunjabi/Desktop/Gravitas/Vitroscribe/derived_data/Build/Products
    cd /Users/NikkiPunjabi/Desktop/Gravitas/Vitroscribe/Vitroscribe.xcodeproj
    builtin-create-build-directory /Users/NikkiPunjabi/Desktop/Gravitas/Vitroscribe/derived_data/Build/Products

CreateBuildDirectory /Users/NikkiPunjabi/Desktop/Gravitas/Vitroscribe/derived_data/Build/Intermediates.noindex
    cd /Users/NikkiPunjabi/Desktop/Gravitas/Vitroscribe/Vitroscribe.xcodeproj
    builtin-create-build-directory /Users/NikkiPunjabi/Desktop/Gravitas/Vitroscribe/derived_data/Build/Intermediates.noindex

CreateBuildDirectory /Users/NikkiPunjabi/Desktop/Gravitas/Vitroscribe/derived_data/Build/Products/Release
    cd /Users/NikkiPunjabi/Desktop/Gravitas/Vitroscribe/Vitroscribe.xcodeproj
    builtin-create-build-directory /Users/NikkiPunjabi/Desktop/Gravitas/Vitroscribe/derived_data/Build/Products/Release

CreateBuildDirectory /Users/NikkiPunjabi/Desktop/Gravitas/Vitroscribe/derived_data/Build/Intermediates.noindex/SwiftExplicitPrecompiledModules
    cd /Users/NikkiPunjabi/Desktop/Gravitas/Vitroscribe/Vitroscribe.xcodeproj
    builtin-create-build-directory /Users/NikkiPunjabi/Desktop/Gravitas/Vitroscribe/derived_data/Build/Intermediates.noindex/SwiftExplicitPrecompiledModules

CreateBuildDirectory /Users/NikkiPunjabi/Desktop/Gravitas/Vitroscribe/derived_data/Build/Intermediates.noindex/ExplicitPrecompiledModules
    cd /Users/NikkiPunjabi/Desktop/Gravitas/Vitroscribe/Vitroscribe.xcodeproj
    builtin-create-build-directory /Users/NikkiPunjabi/Desktop/Gravitas/Vitroscribe/derived_data/Build/Intermediates.noindex/ExplicitPrecompiledModules

CreateBuildDirectory /Users/NikkiPunjabi/Desktop/Gravitas/Vitroscribe/derived_data/Build/Intermediates.noindex/EagerLinkingTBDs/Release
    cd /Users/NikkiPunjabi/Desktop/Gravitas/Vitroscribe/Vitroscribe.xcodeproj
    builtin-create-build-directory /Users/NikkiPunjabi/Desktop/Gravitas/Vitroscribe/derived_data/Build/Intermediates.noindex/EagerLinkingTBDs/Release

WriteAuxiliaryFile /Users/NikkiPunjabi/Desktop/Gravitas/Vitroscribe/derived_data/Build/Intermediates.noindex/Vitroscribe.build/Release/Vitroscribe-b942f9e97c03eae2539a152a25953afb-VFS/all-product-headers.yaml
    cd /Users/NikkiPunjabi/Desktop/Gravitas/Vitroscribe/Vitroscribe.xcodeproj
    write-file /Users/NikkiPunjabi/Desktop/Gravitas/Vitroscribe/derived_data/Build/Intermediates.noindex/Vitroscribe.build/Release/Vitroscribe-b942f9e97c03eae2539a152a25953afb-VFS/all-product-headers.yaml

CreateBuildDirectory /Users/NikkiPunjabi/Desktop/Gravitas/Vitroscribe/derived_data/Build/Products/Release/PackageFrameworks
    cd /Users/NikkiPunjabi/Desktop/Gravitas/Vitroscribe/Vitroscribe.xcodeproj
    builtin-create-build-directory /Users/NikkiPunjabi/Desktop/Gravitas/Vitroscribe/derived_data/Build/Products/Release/PackageFrameworks

WriteAuxiliaryFile /Users/NikkiPunjabi/Desktop/Gravitas/Vitroscribe/derived_data/Build/Intermediates.noindex/Vitroscribe.build/Release/Vitroscribe.build/Vitroscribe.hmap (in target 'Vitroscribe' from project 'Vitroscribe')
    cd /Users/NikkiPunjabi/Desktop/Gravitas/Vitroscribe
    write-file /Users/NikkiPunjabi/Desktop/Gravitas/Vitroscribe/derived_data/Build/Intermediates.noindex/Vitroscribe.build/Release/Vitroscribe.build/Vitroscribe.hmap

WriteAuxiliaryFile /Users/NikkiPunjabi/Desktop/Gravitas/Vitroscribe/derived_data/Build/Intermediates.noindex/Vitroscribe.build/Release/Vitroscribe.build/Vitroscribe.DependencyStaticMetadataFileList (in target 'Vitroscribe' from project 'Vitroscribe')
    cd /Users/NikkiPunjabi/Desktop/Gravitas/Vitroscribe
    write-file /Users/NikkiPunjabi/Desktop/Gravitas/Vitroscribe/derived_data/Build/Intermediates.noindex/Vitroscribe.build/Release/Vitroscribe.build/Vitroscribe.DependencyStaticMetadataFileList

WriteAuxiliaryFile /Users/NikkiPunjabi/Desktop/Gravitas/Vitroscribe/derived_data/Build/Intermediates.noindex/Vitroscribe.build/Release/Vitroscribe.build/Vitroscribe.DependencyMetadataFileList (in target 'Vitroscribe' from project 'Vitroscribe')
    cd /Users/NikkiPunjabi/Desktop/Gravitas/Vitroscribe
    write-file /Users/NikkiPunjabi/Desktop/Gravitas/Vitroscribe/derived_data/Build/Intermediates.noindex/Vitroscribe.build/Release/Vitroscribe.build/Vitroscribe.DependencyMetadataFileList

WriteAuxiliaryFile /Users/NikkiPunjabi/Desktop/Gravitas/Vitroscribe/derived_data/Build/Intermediates.noindex/Vitroscribe.build/Release/Vitroscribe.build/Vitroscribe-project-headers.hmap (in target 'Vitroscribe' from project 'Vitroscribe')
    cd /Users/NikkiPunjabi/Desktop/Gravitas/Vitroscribe
    write-file /Users/NikkiPunjabi/Desktop/Gravitas/Vitroscribe/derived_data/Build/Intermediates.noindex/Vitroscribe.build/Release/Vitroscribe.build/Vitroscribe-project-headers.hmap

WriteAuxiliaryFile /Users/NikkiPunjabi/Desktop/Gravitas/Vitroscribe/derived_data/Build/Intermediates.noindex/Vitroscribe.build/Release/Vitroscribe.build/Vitroscribe-own-target-headers.hmap (in target 'Vitroscribe' from project 'Vitroscribe')
    cd /Users/NikkiPunjabi/Desktop/Gravitas/Vitroscribe
    write-file /Users/NikkiPunjabi/Desktop/Gravitas/Vitroscribe/derived_data/Build/Intermediates.noindex/Vitroscribe.build/Release/Vitroscribe.build/Vitroscribe-own-target-headers.hmap

WriteAuxiliaryFile /Users/NikkiPunjabi/Desktop/Gravitas/Vitroscribe/derived_data/Build/Intermediates.noindex/Vitroscribe.build/Release/Vitroscribe.build/Vitroscribe-generated-files.hmap (in target 'Vitroscribe' from project 'Vitroscribe')
    cd /Users/NikkiPunjabi/Desktop/Gravitas/Vitroscribe
    write-file /Users/NikkiPunjabi/Desktop/Gravitas/Vitroscribe/derived_data/Build/Intermediates.noindex/Vitroscribe.build/Release/Vitroscribe.build/Vitroscribe-generated-files.hmap

WriteAuxiliaryFile /Users/NikkiPunjabi/Desktop/Gravitas/Vitroscribe/derived_data/Build/Intermediates.noindex/Vitroscribe.build/Release/Vitroscribe.build/Vitroscribe-all-target-headers.hmap (in target 'Vitroscribe' from project 'Vitroscribe')
    cd /Users/NikkiPunjabi/Desktop/Gravitas/Vitroscribe
    write-file /Users/NikkiPunjabi/Desktop/Gravitas/Vitroscribe/derived_data/Build/Intermediates.noindex/Vitroscribe.build/Release/Vitroscribe.build/Vitroscribe-all-target-headers.hmap

WriteAuxiliaryFile /Users/NikkiPunjabi/Desktop/Gravitas/Vitroscribe/derived_data/Build/Intermediates.noindex/Vitroscribe.build/Release/Vitroscribe.build/Vitroscribe-all-non-framework-target-headers.hmap (in target 'Vitroscribe' from project 'Vitroscribe')
    cd /Users/NikkiPunjabi/Desktop/Gravitas/Vitroscribe
    write-file /Users/NikkiPunjabi/Desktop/Gravitas/Vitroscribe/derived_data/Build/Intermediates.noindex/Vitroscribe.build/Release/Vitroscribe.build/Vitroscribe-all-non-framework-target-headers.hmap

WriteAuxiliaryFile /Users/NikkiPunjabi/Desktop/Gravitas/Vitroscribe/derived_data/Build/Intermediates.noindex/Vitroscribe.build/Release/Vitroscribe.build/Objects-normal/arm64/Vitroscribe_const_extract_protocols.json (in target 'Vitroscribe' from project 'Vitroscribe')
    cd /Users/NikkiPunjabi/Desktop/Gravitas/Vitroscribe
    write-file /Users/NikkiPunjabi/Desktop/Gravitas/Vitroscribe/derived_data/Build/Intermediates.noindex/Vitroscribe.build/Release/Vitroscribe.build/Objects-normal/arm64/Vitroscribe_const_extract_protocols.json

WriteAuxiliaryFile /Users/NikkiPunjabi/Desktop/Gravitas/Vitroscribe/derived_data/Build/Intermediates.noindex/Vitroscribe.build/Release/Vitroscribe.build/Objects-normal/arm64/Vitroscribe.SwiftFileList (in target 'Vitroscribe' from project 'Vitroscribe')
    cd /Users/NikkiPunjabi/Desktop/Gravitas/Vitroscribe
    write-file /Users/NikkiPunjabi/Desktop/Gravitas/Vitroscribe/derived_data/Build/Intermediates.noindex/Vitroscribe.build/Release/Vitroscribe.build/Objects-normal/arm64/Vitroscribe.SwiftFileList

WriteAuxiliaryFile /Users/NikkiPunjabi/Desktop/Gravitas/Vitroscribe/derived_data/Build/Intermediates.noindex/Vitroscribe.build/Release/Vitroscribe.build/Objects-normal/arm64/Vitroscribe.LinkFileList (in target 'Vitroscribe' from project 'Vitroscribe')
    cd /Users/NikkiPunjabi/Desktop/Gravitas/Vitroscribe
    write-file /Users/NikkiPunjabi/Desktop/Gravitas/Vitroscribe/derived_data/Build/Intermediates.noindex/Vitroscribe.build/Release/Vitroscribe.build/Objects-normal/arm64/Vitroscribe.LinkFileList

WriteAuxiliaryFile /Users/NikkiPunjabi/Desktop/Gravitas/Vitroscribe/derived_data/Build/Intermediates.noindex/Vitroscribe.build/Release/Vitroscribe.build/Objects-normal/arm64/Vitroscribe.SwiftConstValuesFileList (in target 'Vitroscribe' from project 'Vitroscribe')
    cd /Users/NikkiPunjabi/Desktop/Gravitas/Vitroscribe
    write-file /Users/NikkiPunjabi/Desktop/Gravitas/Vitroscribe/derived_data/Build/Intermediates.noindex/Vitroscribe.build/Release/Vitroscribe.build/Objects-normal/arm64/Vitroscribe.SwiftConstValuesFileList

WriteAuxiliaryFile /Users/NikkiPunjabi/Desktop/Gravitas/Vitroscribe/derived_data/Build/Intermediates.noindex/Vitroscribe.build/Release/Vitroscribe.build/Objects-normal/arm64/Vitroscribe-OutputFileMap.json (in target 'Vitroscribe' from project 'Vitroscribe')
    cd /Users/NikkiPunjabi/Desktop/Gravitas/Vitroscribe
    write-file /Users/NikkiPunjabi/Desktop/Gravitas/Vitroscribe/derived_data/Build/Intermediates.noindex/Vitroscribe.build/Release/Vitroscribe.build/Objects-normal/arm64/Vitroscribe-OutputFileMap.json

WriteAuxiliaryFile /Users/NikkiPunjabi/Desktop/Gravitas/Vitroscribe/derived_data/Build/Intermediates.noindex/SQLite.swift.build/Release/SQLite.swift_SQLite.build/SQLite.swift_SQLite.DependencyStaticMetadataFileList (in target 'SQLite.swift_SQLite' from project 'SQLite.swift')
    cd /Users/NikkiPunjabi/Desktop/Gravitas/Vitroscribe/derived_data/SourcePackages/checkouts/SQLite.swift
    write-file /Users/NikkiPunjabi/Desktop/Gravitas/Vitroscribe/derived_data/Build/Intermediates.noindex/SQLite.swift.build/Release/SQLite.swift_SQLite.build/SQLite.swift_SQLite.DependencyStaticMetadataFileList

WriteAuxiliaryFile /Users/NikkiPunjabi/Desktop/Gravitas/Vitroscribe/derived_data/Build/Intermediates.noindex/SQLite.swift.build/Release/SQLite.swift_SQLite.build/empty-SQLite.swift_SQLite.plist (in target 'SQLite.swift_SQLite' from project 'SQLite.swift')
    cd /Users/NikkiPunjabi/Desktop/Gravitas/Vitroscribe/derived_data/SourcePackages/checkouts/SQLite.swift
    write-file /Users/NikkiPunjabi/Desktop/Gravitas/Vitroscribe/derived_data/Build/Intermediates.noindex/SQLite.swift.build/Release/SQLite.swift_SQLite.build/empty-SQLite.swift_SQLite.plist

WriteAuxiliaryFile /Users/NikkiPunjabi/Desktop/Gravitas/Vitroscribe/derived_data/Build/Intermediates.noindex/SQLite.swift.build/Release/SQLite.swift_SQLite.build/SQLite.swift_SQLite.DependencyMetadataFileList (in target 'SQLite.swift_SQLite' from project 'SQLite.swift')
    cd /Users/NikkiPunjabi/Desktop/Gravitas/Vitroscribe/derived_data/SourcePackages/checkouts/SQLite.swift
    write-file /Users/NikkiPunjabi/Desktop/Gravitas/Vitroscribe/derived_data/Build/Intermediates.noindex/SQLite.swift.build/Release/SQLite.swift_SQLite.build/SQLite.swift_SQLite.DependencyMetadataFileList

WriteAuxiliaryFile /Users/NikkiPunjabi/Desktop/Gravitas/Vitroscribe/derived_data/Build/Intermediates.noindex/SQLite.swift.build/Release/SQLite.build/SQLite.modulemap (in target 'SQLite' from project 'SQLite.swift')
    cd /Users/NikkiPunjabi/Desktop/Gravitas/Vitroscribe/derived_data/SourcePackages/checkouts/SQLite.swift
    write-file /Users/NikkiPunjabi/Desktop/Gravitas/Vitroscribe/derived_data/Build/Intermediates.noindex/SQLite.swift.build/Release/SQLite.build/SQLite.modulemap

WriteAuxiliaryFile /Users/NikkiPunjabi/Desktop/Gravitas/Vitroscribe/derived_data/Build/Intermediates.noindex/SQLite.swift.build/Release/SQLite.build/SQLite.DependencyStaticMetadataFileList (in target 'SQLite' from project 'SQLite.swift')
    cd /Users/NikkiPunjabi/Desktop/Gravitas/Vitroscribe/derived_data/SourcePackages/checkouts/SQLite.swift
    write-file /Users/NikkiPunjabi/Desktop/Gravitas/Vitroscribe/derived_data/Build/Intermediates.noindex/SQLite.swift.build/Release/SQLite.build/SQLite.DependencyStaticMetadataFileList

WriteAuxiliaryFile /Users/NikkiPunjabi/Desktop/Gravitas/Vitroscribe/derived_data/Build/Intermediates.noindex/SQLite.swift.build/Release/SQLite.build/SQLite.DependencyMetadataFileList (in target 'SQLite' from project 'SQLite.swift')
    cd /Users/NikkiPunjabi/Desktop/Gravitas/Vitroscribe/derived_data/SourcePackages/checkouts/SQLite.swift
    write-file /Users/NikkiPunjabi/Desktop/Gravitas/Vitroscribe/derived_data/Build/Intermediates.noindex/SQLite.swift.build/Release/SQLite.build/SQLite.DependencyMetadataFileList

WriteAuxiliaryFile /Users/NikkiPunjabi/Desktop/Gravitas/Vitroscribe/derived_data/Build/Intermediates.noindex/SQLite.swift.build/Release/SQLite.build/Objects-normal/arm64/SQLite_const_extract_protocols.json (in target 'SQLite' from project 'SQLite.swift')
    cd /Users/NikkiPunjabi/Desktop/Gravitas/Vitroscribe/derived_data/SourcePackages/checkouts/SQLite.swift
    write-file /Users/NikkiPunjabi/Desktop/Gravitas/Vitroscribe/derived_data/Build/Intermediates.noindex/SQLite.swift.build/Release/SQLite.build/Objects-normal/arm64/SQLite_const_extract_protocols.json

WriteAuxiliaryFile /Users/NikkiPunjabi/Desktop/Gravitas/Vitroscribe/derived_data/Build/Intermediates.noindex/SQLite.swift.build/Release/SQLite.build/Objects-normal/arm64/SQLite.SwiftFileList (in target 'SQLite' from project 'SQLite.swift')
    cd /Users/NikkiPunjabi/Desktop/Gravitas/Vitroscribe/derived_data/SourcePackages/checkouts/SQLite.swift
    write-file /Users/NikkiPunjabi/Desktop/Gravitas/Vitroscribe/derived_data/Build/Intermediates.noindex/SQLite.swift.build/Release/SQLite.build/Objects-normal/arm64/SQLite.SwiftFileList

WriteAuxiliaryFile /Users/NikkiPunjabi/Desktop/Gravitas/Vitroscribe/derived_data/Build/Intermediates.noindex/SQLite.swift.build/Release/SQLite.build/Objects-normal/arm64/SQLite.SwiftConstValuesFileList (in target 'SQLite' from project 'SQLite.swift')
    cd /Users/NikkiPunjabi/Desktop/Gravitas/Vitroscribe/derived_data/SourcePackages/checkouts/SQLite.swift
    write-file /Users/NikkiPunjabi/Desktop/Gravitas/Vitroscribe/derived_data/Build/Intermediates.noindex/SQLite.swift.build/Release/SQLite.build/Objects-normal/arm64/SQLite.SwiftConstValuesFileList

WriteAuxiliaryFile /Users/NikkiPunjabi/Desktop/Gravitas/Vitroscribe/derived_data/Build/Intermediates.noindex/SQLite.swift.build/Release/SQLite.build/Objects-normal/arm64/SQLite.LinkFileList (in target 'SQLite' from project 'SQLite.swift')
    cd /Users/NikkiPunjabi/Desktop/Gravitas/Vitroscribe/derived_data/SourcePackages/checkouts/SQLite.swift
    write-file /Users/NikkiPunjabi/Desktop/Gravitas/Vitroscribe/derived_data/Build/Intermediates.noindex/SQLite.swift.build/Release/SQLite.build/Objects-normal/arm64/SQLite.LinkFileList

WriteAuxiliaryFile /Users/NikkiPunjabi/Desktop/Gravitas/Vitroscribe/derived_data/Build/Intermediates.noindex/SQLite.swift.build/Release/SQLite.build/Objects-normal/arm64/SQLite-OutputFileMap.json (in target 'SQLite' from project 'SQLite.swift')
    cd /Users/NikkiPunjabi/Desktop/Gravitas/Vitroscribe/derived_data/SourcePackages/checkouts/SQLite.swift
    write-file /Users/NikkiPunjabi/Desktop/Gravitas/Vitroscribe/derived_data/Build/Intermediates.noindex/SQLite.swift.build/Release/SQLite.build/Objects-normal/arm64/SQLite-OutputFileMap.json

WriteAuxiliaryFile /Users/NikkiPunjabi/Desktop/Gravitas/Vitroscribe/derived_data/Build/Intermediates.noindex/SQLite.swift.build/Release/SQLite.build/DerivedSources/resource_bundle_accessor.swift (in target 'SQLite' from project 'SQLite.swift')
    cd /Users/NikkiPunjabi/Desktop/Gravitas/Vitroscribe/derived_data/SourcePackages/checkouts/SQLite.swift
    write-file /Users/NikkiPunjabi/Desktop/Gravitas/Vitroscribe/derived_data/Build/Intermediates.noindex/SQLite.swift.build/Release/SQLite.build/DerivedSources/resource_bundle_accessor.swift

Copy /Users/NikkiPunjabi/Desktop/Gravitas/Vitroscribe/derived_data/Build/Intermediates.noindex/GeneratedModuleMaps/SQLite.modulemap /Users/NikkiPunjabi/Desktop/Gravitas/Vitroscribe/derived_data/Build/Intermediates.noindex/SQLite.swift.build/Release/SQLite.build/SQLite.modulemap (in target 'SQLite' from project 'SQLite.swift')
    cd /Users/NikkiPunjabi/Desktop/Gravitas/Vitroscribe/derived_data/SourcePackages/checkouts/SQLite.swift
    builtin-copy -exclude .DS_Store -exclude CVS -exclude .svn -exclude .git -exclude .hg -strip-unsigned-binaries -strip-deterministic -strip-tool /Applications/Xcode.app/Contents/Developer/Toolchains/XcodeDefault.xctoolchain/usr/bin/strip -resolve-src-symlinks /Users/NikkiPunjabi/Desktop/Gravitas/Vitroscribe/derived_data/Build/Intermediates.noindex/SQLite.swift.build/Release/SQLite.build/SQLite.modulemap /Users/NikkiPunjabi/Desktop/Gravitas/Vitroscribe/derived_data/Build/Intermediates.noindex/GeneratedModuleMaps

MkDir /Users/NikkiPunjabi/Desktop/Gravitas/Vitroscribe/derived_data/Build/Products/Release/Vitroscribe.app/Contents/Resources (in target 'Vitroscribe' from project 'Vitroscribe')
    cd /Users/NikkiPunjabi/Desktop/Gravitas/Vitroscribe
    /bin/mkdir -p /Users/NikkiPunjabi/Desktop/Gravitas/Vitroscribe/derived_data/Build/Products/Release/Vitroscribe.app/Contents/Resources

MkDir /Users/NikkiPunjabi/Desktop/Gravitas/Vitroscribe/derived_data/Build/Products/Release/Vitroscribe.app/Contents/MacOS (in target 'Vitroscribe' from project 'Vitroscribe')
    cd /Users/NikkiPunjabi/Desktop/Gravitas/Vitroscribe
    /bin/mkdir -p /Users/NikkiPunjabi/Desktop/Gravitas/Vitroscribe/derived_data/Build/Products/Release/Vitroscribe.app/Contents/MacOS

MkDir /Users/NikkiPunjabi/Desktop/Gravitas/Vitroscribe/derived_data/Build/Products/Release/Vitroscribe.app/Contents (in target 'Vitroscribe' from project 'Vitroscribe')
    cd /Users/NikkiPunjabi/Desktop/Gravitas/Vitroscribe
    /bin/mkdir -p /Users/NikkiPunjabi/Desktop/Gravitas/Vitroscribe/derived_data/Build/Products/Release/Vitroscribe.app/Contents

MkDir /Users/NikkiPunjabi/Desktop/Gravitas/Vitroscribe/derived_data/Build/Products/Release/Vitroscribe.app (in target 'Vitroscribe' from project 'Vitroscribe')
    cd /Users/NikkiPunjabi/Desktop/Gravitas/Vitroscribe
    /bin/mkdir -p /Users/NikkiPunjabi/Desktop/Gravitas/Vitroscribe/derived_data/Build/Products/Release/Vitroscribe.app

MkDir /Users/NikkiPunjabi/Desktop/Gravitas/Vitroscribe/derived_data/Build/Products/Release/SQLite.swift_SQLite.bundle/Contents/Resources (in target 'SQLite.swift_SQLite' from project 'SQLite.swift')
    cd /Users/NikkiPunjabi/Desktop/Gravitas/Vitroscribe/derived_data/SourcePackages/checkouts/SQLite.swift
    /bin/mkdir -p /Users/NikkiPunjabi/Desktop/Gravitas/Vitroscribe/derived_data/Build/Products/Release/SQLite.swift_SQLite.bundle/Contents/Resources

MkDir /Users/NikkiPunjabi/Desktop/Gravitas/Vitroscribe/derived_data/Build/Products/Release/SQLite.swift_SQLite.bundle/Contents (in target 'SQLite.swift_SQLite' from project 'SQLite.swift')
    cd /Users/NikkiPunjabi/Desktop/Gravitas/Vitroscribe/derived_data/SourcePackages/checkouts/SQLite.swift
    /bin/mkdir -p /Users/NikkiPunjabi/Desktop/Gravitas/Vitroscribe/derived_data/Build/Products/Release/SQLite.swift_SQLite.bundle/Contents

MkDir /Users/NikkiPunjabi/Desktop/Gravitas/Vitroscribe/derived_data/Build/Products/Release/SQLite.swift_SQLite.bundle (in target 'SQLite.swift_SQLite' from project 'SQLite.swift')
    cd /Users/NikkiPunjabi/Desktop/Gravitas/Vitroscribe/derived_data/SourcePackages/checkouts/SQLite.swift
    /bin/mkdir -p /Users/NikkiPunjabi/Desktop/Gravitas/Vitroscribe/derived_data/Build/Products/Release/SQLite.swift_SQLite.bundle

ProcessInfoPlistFile /Users/NikkiPunjabi/Desktop/Gravitas/Vitroscribe/derived_data/Build/Products/Release/SQLite.swift_SQLite.bundle/Contents/Info.plist /Users/NikkiPunjabi/Desktop/Gravitas/Vitroscribe/derived_data/Build/Intermediates.noindex/SQLite.swift.build/Release/SQLite.swift_SQLite.build/empty-SQLite.swift_SQLite.plist (in target 'SQLite.swift_SQLite' from project 'SQLite.swift')
    cd /Users/NikkiPunjabi/Desktop/Gravitas/Vitroscribe/derived_data/SourcePackages/checkouts/SQLite.swift
    builtin-infoPlistUtility /Users/NikkiPunjabi/Desktop/Gravitas/Vitroscribe/derived_data/Build/Intermediates.noindex/SQLite.swift.build/Release/SQLite.swift_SQLite.build/empty-SQLite.swift_SQLite.plist -producttype com.apple.product-type.bundle -expandbuildsettings -platform macosx -o /Users/NikkiPunjabi/Desktop/Gravitas/Vitroscribe/derived_data/Build/Products/Release/SQLite.swift_SQLite.bundle/Contents/Info.plist

CpResource /Users/NikkiPunjabi/Desktop/Gravitas/Vitroscribe/derived_data/Build/Products/Release/SQLite.swift_SQLite.bundle/Contents/Resources/PrivacyInfo.xcprivacy /Users/NikkiPunjabi/Desktop/Gravitas/Vitroscribe/derived_data/SourcePackages/checkouts/SQLite.swift/Sources/SQLite/PrivacyInfo.xcprivacy (in target 'SQLite.swift_SQLite' from project 'SQLite.swift')
    cd /Users/NikkiPunjabi/Desktop/Gravitas/Vitroscribe/derived_data/SourcePackages/checkouts/SQLite.swift
    builtin-copy -exclude .DS_Store -exclude CVS -exclude .svn -exclude .git -exclude .hg -strip-unsigned-binaries -strip-deterministic -strip-tool /Applications/Xcode.app/Contents/Developer/Toolchains/XcodeDefault.xctoolchain/usr/bin/strip -resolve-src-symlinks /Users/NikkiPunjabi/Desktop/Gravitas/Vitroscribe/derived_data/SourcePackages/checkouts/SQLite.swift/Sources/SQLite/PrivacyInfo.xcprivacy /Users/NikkiPunjabi/Desktop/Gravitas/Vitroscribe/derived_data/Build/Products/Release/SQLite.swift_SQLite.bundle/Contents/Resources

RegisterExecutionPolicyException /Users/NikkiPunjabi/Desktop/Gravitas/Vitroscribe/derived_data/Build/Products/Release/SQLite.swift_SQLite.bundle (in target 'SQLite.swift_SQLite' from project 'SQLite.swift')
    cd /Users/NikkiPunjabi/Desktop/Gravitas/Vitroscribe/derived_data/SourcePackages/checkouts/SQLite.swift
    builtin-RegisterExecutionPolicyException /Users/NikkiPunjabi/Desktop/Gravitas/Vitroscribe/derived_data/Build/Products/Release/SQLite.swift_SQLite.bundle

Touch /Users/NikkiPunjabi/Desktop/Gravitas/Vitroscribe/derived_data/Build/Products/Release/SQLite.swift_SQLite.bundle (in target 'SQLite.swift_SQLite' from project 'SQLite.swift')
    cd /Users/NikkiPunjabi/Desktop/Gravitas/Vitroscribe/derived_data/SourcePackages/checkouts/SQLite.swift
    /usr/bin/touch -c /Users/NikkiPunjabi/Desktop/Gravitas/Vitroscribe/derived_data/Build/Products/Release/SQLite.swift_SQLite.bundle

SwiftDriver SQLite normal arm64 com.apple.xcode.tools.swift.compiler (in target 'SQLite' from project 'SQLite.swift')
    cd /Users/NikkiPunjabi/Desktop/Gravitas/Vitroscribe/Vitroscribe.xcodeproj
    builtin-SwiftDriver -- /Applications/Xcode.app/Contents/Developer/Toolchains/XcodeDefault.xctoolchain/usr/bin/swiftc -module-name SQLite -O -whole-module-optimization -enforce-exclusivity\=checked @/Users/NikkiPunjabi/Desktop/Gravitas/Vitroscribe/derived_data/Build/Intermediates.noindex/SQLite.swift.build/Release/SQLite.build/Objects-normal/arm64/SQLite.SwiftFileList -DSWIFT_PACKAGE -DSWIFT_MODULE_RESOURCE_BUNDLE_AVAILABLE -DSystemSQLite -DXcode -plugin-path /Applications/Xcode.app/Contents/Developer/Toolchains/XcodeDefault.xctoolchain/usr/lib/swift/host/plugins/testing -enable-experimental-feature DebugDescriptionMacro -sdk /Applications/Xcode.app/Contents/Developer/Platforms/MacOSX.platform/Developer/SDKs/MacOSX26.2.sdk -target arm64-apple-macos10.13 -g -module-cache-path /Users/NikkiPunjabi/Desktop/Gravitas/Vitroscribe/derived_data/ModuleCache.noindex -Xfrontend -serialize-debugging-options -suppress-warnings -swift-version 5 -I /Users/NikkiPunjabi/Desktop/Gravitas/Vitroscribe/derived_data/Build/Products/Release -Isystem /Applications/Xcode.app/Contents/Developer/Platforms/MacOSX.platform/Developer/usr/lib -F /Users/NikkiPunjabi/Desktop/Gravitas/Vitroscribe/derived_data/Build/Products/Release -F /Applications/Xcode.app/Contents/Developer/Platforms/MacOSX.platform/Developer/Library/Frameworks -c -num-threads 8 -Xcc -ivfsstatcache -Xcc /Users/NikkiPunjabi/Desktop/Gravitas/Vitroscribe/derived_data/SDKStatCaches.noindex/macosx26.2-25C58-00fa09913b459cbbc988d1f6730289ae.sdkstatcache -output-file-map /Users/NikkiPunjabi/Desktop/Gravitas/Vitroscribe/derived_data/Build/Intermediates.noindex/SQLite.swift.build/Release/SQLite.build/Objects-normal/arm64/SQLite-OutputFileMap.json -use-frontend-parseable-output -save-temps -no-color-diagnostics -explicit-module-build -module-cache-path /Users/NikkiPunjabi/Desktop/Gravitas/Vitroscribe/derived_data/Build/Intermediates.noindex/SwiftExplicitPrecompiledModules -clang-scanner-module-cache-path /Users/NikkiPunjabi/Desktop/Gravitas/Vitroscribe/derived_data/ModuleCache.noindex -sdk-module-cache-path /Users/NikkiPunjabi/Desktop/Gravitas/Vitroscribe/derived_data/ModuleCache.noindex -serialize-diagnostics -emit-dependencies -emit-module -emit-module-path /Users/NikkiPunjabi/Desktop/Gravitas/Vitroscribe/derived_data/Build/Intermediates.noindex/SQLite.swift.build/Release/SQLite.build/Objects-normal/arm64/SQLite.swiftmodule -user-module-version 0.15.5 -validate-clang-modules-once -clang-build-session-file /Users/NikkiPunjabi/Desktop/Gravitas/Vitroscribe/derived_data/ModuleCache.noindex/Session.modulevalidation -package-name sqlite_swift -Xcc -I/Users/NikkiPunjabi/Desktop/Gravitas/Vitroscribe/derived_data/Build/Intermediates.noindex/SQLite.swift.build/Release/SQLite.build/swift-overrides.hmap -emit-const-values -Xfrontend -const-gather-protocols-file -Xfrontend /Users/NikkiPunjabi/Desktop/Gravitas/Vitroscribe/derived_data/Build/Intermediates.noindex/SQLite.swift.build/Release/SQLite.build/Objects-normal/arm64/SQLite_const_extract_protocols.json -Xcc -I/Users/NikkiPunjabi/Desktop/Gravitas/Vitroscribe/derived_data/Build/Products/Release/include -Xcc -I/Users/NikkiPunjabi/Desktop/Gravitas/Vitroscribe/derived_data/Build/Intermediates.noindex/SQLite.swift.build/Release/SQLite.build/DerivedSources-normal/arm64 -Xcc -I/Users/NikkiPunjabi/Desktop/Gravitas/Vitroscribe/derived_data/Build/Intermediates.noindex/SQLite.swift.build/Release/SQLite.build/DerivedSources/arm64 -Xcc -I/Users/NikkiPunjabi/Desktop/Gravitas/Vitroscribe/derived_data/Build/Intermediates.noindex/SQLite.swift.build/Release/SQLite.build/DerivedSources -Xcc -DSWIFT_PACKAGE -emit-objc-header -emit-objc-header-path /Users/NikkiPunjabi/Desktop/Gravitas/Vitroscribe/derived_data/Build/Intermediates.noindex/SQLite.swift.build/Release/SQLite.build/Objects-normal/arm64/SQLite-Swift.h -working-directory /Users/NikkiPunjabi/Desktop/Gravitas/Vitroscribe/Vitroscribe.xcodeproj -no-emit-module-separately-wmo

SwiftDriver\ Compilation SQLite normal arm64 com.apple.xcode.tools.swift.compiler (in target 'SQLite' from project 'SQLite.swift')
    cd /Users/NikkiPunjabi/Desktop/Gravitas/Vitroscribe/Vitroscribe.xcodeproj
    builtin-Swift-Compilation -- /Applications/Xcode.app/Contents/Developer/Toolchains/XcodeDefault.xctoolchain/usr/bin/swiftc -module-name SQLite -O -whole-module-optimization -enforce-exclusivity\=checked @/Users/NikkiPunjabi/Desktop/Gravitas/Vitroscribe/derived_data/Build/Intermediates.noindex/SQLite.swift.build/Release/SQLite.build/Objects-normal/arm64/SQLite.SwiftFileList -DSWIFT_PACKAGE -DSWIFT_MODULE_RESOURCE_BUNDLE_AVAILABLE -DSystemSQLite -DXcode -plugin-path /Applications/Xcode.app/Contents/Developer/Toolchains/XcodeDefault.xctoolchain/usr/lib/swift/host/plugins/testing -enable-experimental-feature DebugDescriptionMacro -sdk /Applications/Xcode.app/Contents/Developer/Platforms/MacOSX.platform/Developer/SDKs/MacOSX26.2.sdk -target arm64-apple-macos10.13 -g -module-cache-path /Users/NikkiPunjabi/Desktop/Gravitas/Vitroscribe/derived_data/ModuleCache.noindex -Xfrontend -serialize-debugging-options -suppress-warnings -swift-version 5 -I /Users/NikkiPunjabi/Desktop/Gravitas/Vitroscribe/derived_data/Build/Products/Release -Isystem /Applications/Xcode.app/Contents/Developer/Platforms/MacOSX.platform/Developer/usr/lib -F /Users/NikkiPunjabi/Desktop/Gravitas/Vitroscribe/derived_data/Build/Products/Release -F /Applications/Xcode.app/Contents/Developer/Platforms/MacOSX.platform/Developer/Library/Frameworks -c -num-threads 8 -Xcc -ivfsstatcache -Xcc /Users/NikkiPunjabi/Desktop/Gravitas/Vitroscribe/derived_data/SDKStatCaches.noindex/macosx26.2-25C58-00fa09913b459cbbc988d1f6730289ae.sdkstatcache -output-file-map /Users/NikkiPunjabi/Desktop/Gravitas/Vitroscribe/derived_data/Build/Intermediates.noindex/SQLite.swift.build/Release/SQLite.build/Objects-normal/arm64/SQLite-OutputFileMap.json -use-frontend-parseable-output -save-temps -no-color-diagnostics -explicit-module-build -module-cache-path /Users/NikkiPunjabi/Desktop/Gravitas/Vitroscribe/derived_data/Build/Intermediates.noindex/SwiftExplicitPrecompiledModules -clang-scanner-module-cache-path /Users/NikkiPunjabi/Desktop/Gravitas/Vitroscribe/derived_data/ModuleCache.noindex -sdk-module-cache-path /Users/NikkiPunjabi/Desktop/Gravitas/Vitroscribe/derived_data/ModuleCache.noindex -serialize-diagnostics -emit-dependencies -emit-module -emit-module-path /Users/NikkiPunjabi/Desktop/Gravitas/Vitroscribe/derived_data/Build/Intermediates.noindex/SQLite.swift.build/Release/SQLite.build/Objects-normal/arm64/SQLite.swiftmodule -user-module-version 0.15.5 -validate-clang-modules-once -clang-build-session-file /Users/NikkiPunjabi/Desktop/Gravitas/Vitroscribe/derived_data/ModuleCache.noindex/Session.modulevalidation -package-name sqlite_swift -Xcc -I/Users/NikkiPunjabi/Desktop/Gravitas/Vitroscribe/derived_data/Build/Intermediates.noindex/SQLite.swift.build/Release/SQLite.build/swift-overrides.hmap -emit-const-values -Xfrontend -const-gather-protocols-file -Xfrontend /Users/NikkiPunjabi/Desktop/Gravitas/Vitroscribe/derived_data/Build/Intermediates.noindex/SQLite.swift.build/Release/SQLite.build/Objects-normal/arm64/SQLite_const_extract_protocols.json -Xcc -I/Users/NikkiPunjabi/Desktop/Gravitas/Vitroscribe/derived_data/Build/Products/Release/include -Xcc -I/Users/NikkiPunjabi/Desktop/Gravitas/Vitroscribe/derived_data/Build/Intermediates.noindex/SQLite.swift.build/Release/SQLite.build/DerivedSources-normal/arm64 -Xcc -I/Users/NikkiPunjabi/Desktop/Gravitas/Vitroscribe/derived_data/Build/Intermediates.noindex/SQLite.swift.build/Release/SQLite.build/DerivedSources/arm64 -Xcc -I/Users/NikkiPunjabi/Desktop/Gravitas/Vitroscribe/derived_data/Build/Intermediates.noindex/SQLite.swift.build/Release/SQLite.build/DerivedSources -Xcc -DSWIFT_PACKAGE -emit-objc-header -emit-objc-header-path /Users/NikkiPunjabi/Desktop/Gravitas/Vitroscribe/derived_data/Build/Intermediates.noindex/SQLite.swift.build/Release/SQLite.build/Objects-normal/arm64/SQLite-Swift.h -working-directory /Users/NikkiPunjabi/Desktop/Gravitas/Vitroscribe/Vitroscribe.xcodeproj -no-emit-module-separately-wmo

SwiftExplicitDependencyGeneratePcm arm64 /Users/NikkiPunjabi/Desktop/Gravitas/Vitroscribe/derived_data/ModuleCache.noindex/_Builtin_float-38EDCE0IU0LU45FET1YQM7HWR.pcm

SwiftExplicitDependencyGeneratePcm arm64 /Users/NikkiPunjabi/Desktop/Gravitas/Vitroscribe/derived_data/ModuleCache.noindex/SwiftShims-6BHR8IITCFFZKRO1X8U6DOG23.pcm

SwiftExplicitDependencyGeneratePcm arm64 /Users/NikkiPunjabi/Desktop/Gravitas/Vitroscribe/derived_data/ModuleCache.noindex/_Builtin_stdbool-7VM9OGJDQPKYIHFNY10IW7OUW.pcm

SwiftExplicitDependencyGeneratePcm arm64 /Users/NikkiPunjabi/Desktop/Gravitas/Vitroscribe/derived_data/ModuleCache.noindex/_AvailabilityInternal-44KSH2O1DHF8SI6N7KU10MQ3V.pcm

SwiftExplicitDependencyGeneratePcm arm64 /Users/NikkiPunjabi/Desktop/Gravitas/Vitroscribe/derived_data/ModuleCache.noindex/ptrcheck-3GEF2Q8XESULPRJ1GRE5Q92X9.pcm

SwiftExplicitDependencyGeneratePcm arm64 /Users/NikkiPunjabi/Desktop/Gravitas/Vitroscribe/derived_data/ModuleCache.noindex/ptrauth-77PLLWDSNVI24V1XRB0F8OC6H.pcm

SwiftExplicitDependencyGeneratePcm arm64 /Users/NikkiPunjabi/Desktop/Gravitas/Vitroscribe/derived_data/ModuleCache.noindex/_Builtin_stddef-CG59NMO3HDM5NR18AZFNMG54P.pcm

SwiftExplicitDependencyGeneratePcm arm64 /Users/NikkiPunjabi/Desktop/Gravitas/Vitroscribe/derived_data/ModuleCache.noindex/_SwiftConcurrencyShims-TXLOAQWLLIVQNQVFK8BDV1MO.pcm

SwiftExplicitDependencyGeneratePcm arm64 /Users/NikkiPunjabi/Desktop/Gravitas/Vitroscribe/derived_data/ModuleCache.noindex/_Builtin_stdarg-E8KIXAWRTCHW2QWWASIC6UT5T.pcm

SwiftExplicitDependencyGeneratePcm arm64 /Users/NikkiPunjabi/Desktop/Gravitas/Vitroscribe/derived_data/ModuleCache.noindex/_DarwinFoundation1-A1OQ66ZLBLAN05SJER5MYRLOH.pcm

SwiftExplicitDependencyGeneratePcm arm64 /Users/NikkiPunjabi/Desktop/Gravitas/Vitroscribe/derived_data/ModuleCache.noindex/_Builtin_limits-4ELGFII620AUH7TKMYUUXW9BE.pcm

SwiftExplicitDependencyGeneratePcm arm64 /Users/NikkiPunjabi/Desktop/Gravitas/Vitroscribe/derived_data/ModuleCache.noindex/_DarwinFoundation2-AD0Y36TZOWVB4ZYO1MK7GES3T.pcm

SwiftExplicitDependencyGeneratePcm arm64 /Users/NikkiPunjabi/Desktop/Gravitas/Vitroscribe/derived_data/ModuleCache.noindex/SQLite3-4ZX1R2ITLZMINB1Y1KJ16MSOU.pcm

SwiftExplicitDependencyGeneratePcm arm64 /Users/NikkiPunjabi/Desktop/Gravitas/Vitroscribe/derived_data/ModuleCache.noindex/sys_types-EZQDT7PT13CWIMHN57FJCR32E.pcm

SwiftExplicitDependencyGeneratePcm arm64 /Users/NikkiPunjabi/Desktop/Gravitas/Vitroscribe/derived_data/ModuleCache.noindex/_Builtin_stdint-1ZPCI3OIDFSTLKQVHL4DSCSJ6.pcm

SwiftExplicitDependencyGeneratePcm arm64 /Users/NikkiPunjabi/Desktop/Gravitas/Vitroscribe/derived_data/ModuleCache.noindex/libDER-3ZBEH1P7C381JRC0246GNEUD6.pcm

SwiftExplicitDependencyGeneratePcm arm64 /Users/NikkiPunjabi/Desktop/Gravitas/Vitroscribe/derived_data/ModuleCache.noindex/_DarwinFoundation3-8UW2M1TN3A8V11IF3OQEXW6Q3.pcm

SwiftExplicitDependencyGeneratePcm arm64 /Users/NikkiPunjabi/Desktop/Gravitas/Vitroscribe/derived_data/ModuleCache.noindex/_Builtin_inttypes-C035S4RYQXY415DPWBBV4SJBI.pcm

SwiftExplicitDependencyGeneratePcm arm64 /Users/NikkiPunjabi/Desktop/Gravitas/Vitroscribe/derived_data/ModuleCache.noindex/Darwin-4HNX2OF5SASJ3MDEP9F4FF6E1.pcm

SwiftExplicitDependencyGeneratePcm arm64 /Users/NikkiPunjabi/Desktop/Gravitas/Vitroscribe/derived_data/ModuleCache.noindex/MachO-C7EFMIX58TEDSVQWUS5C80KBM.pcm

SwiftExplicitDependencyGeneratePcm arm64 /Users/NikkiPunjabi/Desktop/Gravitas/Vitroscribe/derived_data/ModuleCache.noindex/launch-45IET42SAIYZ84SMHFUNDSPGJ.pcm

SwiftExplicitDependencyGeneratePcm arm64 /Users/NikkiPunjabi/Desktop/Gravitas/Vitroscribe/derived_data/ModuleCache.noindex/libkern-85VGCSYADKT85JEEEVK6SCU9U.pcm

SwiftExplicitDependencyGeneratePcm arm64 /Users/NikkiPunjabi/Desktop/Gravitas/Vitroscribe/derived_data/ModuleCache.noindex/ObjectiveC-AT1L0TO48VPH2298F6TCY5T29.pcm

SwiftExplicitDependencyGeneratePcm arm64 /Users/NikkiPunjabi/Desktop/Gravitas/Vitroscribe/derived_data/ModuleCache.noindex/os_object-DPZO1KAKNWMMEB7N50LA69KJG.pcm

SwiftExplicitDependencyGeneratePcm arm64 /Users/NikkiPunjabi/Desktop/Gravitas/Vitroscribe/derived_data/ModuleCache.noindex/os_workgroup-DJ2ERLNW929REYHL8D4M8V8AM.pcm

SwiftExplicitDependencyGeneratePcm arm64 /Users/NikkiPunjabi/Desktop/Gravitas/Vitroscribe/derived_data/ModuleCache.noindex/Dispatch-EVZ48PKNCVMUVSE3C7GZN9L6A.pcm

SwiftExplicitDependencyGeneratePcm arm64 /Users/NikkiPunjabi/Desktop/Gravitas/Vitroscribe/derived_data/ModuleCache.noindex/XPC-D2BSU95EN7DYXV3A12JP7ZJ3I.pcm

SwiftExplicitDependencyGeneratePcm arm64 /Users/NikkiPunjabi/Desktop/Gravitas/Vitroscribe/derived_data/ModuleCache.noindex/CoreFoundation-DM239LTSCM3042FLJ9IFEEVD2.pcm

SwiftExplicitDependencyGeneratePcm arm64 /Users/NikkiPunjabi/Desktop/Gravitas/Vitroscribe/derived_data/ModuleCache.noindex/IOKit-AXONIF1TD9SXAVV2C3C313R1.pcm

SwiftExplicitDependencyGeneratePcm arm64 /Users/NikkiPunjabi/Desktop/Gravitas/Vitroscribe/derived_data/ModuleCache.noindex/CFNetwork-BGR4HHSTD1ENT81NDCVE1Y5H.pcm

SwiftExplicitDependencyGeneratePcm arm64 /Users/NikkiPunjabi/Desktop/Gravitas/Vitroscribe/derived_data/ModuleCache.noindex/Security-88CLZ7SGWE1OI6XHC8XI6MYQL.pcm

SwiftExplicitDependencyGeneratePcm arm64 /Users/NikkiPunjabi/Desktop/Gravitas/Vitroscribe/derived_data/ModuleCache.noindex/DiskArbitration-EXAM6YB1INJOP0IP9KMZPBOGR.pcm

SwiftExplicitDependencyGeneratePcm arm64 /Users/NikkiPunjabi/Desktop/Gravitas/Vitroscribe/derived_data/ModuleCache.noindex/CoreServices-DOZMGLNRPVYZWL1YFJJGSDZPU.pcm

SwiftExplicitDependencyGeneratePcm arm64 /Users/NikkiPunjabi/Desktop/Gravitas/Vitroscribe/derived_data/ModuleCache.noindex/Foundation-1HXCVDZU302TCN9F0351V57X2.pcm

SwiftCompile normal arm64 Compiling\ resource_bundle_accessor.swift,\ Backup.swift,\ Blob.swift,\ Connection+Aggregation.swift,\ Connection+Attach.swift,\ Connection+Pragmas.swift,\ Connection.swift,\ Errors.swift,\ Result.swift,\ SQLiteFeature.swift,\ SQLiteVersion.swift,\ Statement.swift,\ URIQueryParameter.swift,\ Value.swift,\ Cipher.swift,\ FTS4.swift,\ FTS5.swift,\ RTree.swift,\ Foundation.swift,\ Helpers.swift,\ Connection+Schema.swift,\ SchemaChanger.swift,\ SchemaDefinitions.swift,\ SchemaReader.swift,\ AggregateFunctions.swift,\ Coding.swift,\ Collation.swift,\ CoreFunctions.swift,\ CustomFunctions.swift,\ DateAndTimeFunctions.swift,\ Expression.swift,\ Operators.swift,\ Query+with.swift,\ Query.swift,\ Schema.swift,\ Setter.swift,\ WindowFunctions.swift /Users/NikkiPunjabi/Desktop/Gravitas/Vitroscribe/derived_data/Build/Intermediates.noindex/SQLite.swift.build/Release/SQLite.build/DerivedSources/resource_bundle_accessor.swift /Users/NikkiPunjabi/Desktop/Gravitas/Vitroscribe/derived_data/SourcePackages/checkouts/SQLite.swift/Sources/SQLite/Core/Backup.swift /Users/NikkiPunjabi/Desktop/Gravitas/Vitroscribe/derived_data/SourcePackages/checkouts/SQLite.swift/Sources/SQLite/Core/Blob.swift /Users/NikkiPunjabi/Desktop/Gravitas/Vitroscribe/derived_data/SourcePackages/checkouts/SQLite.swift/Sources/SQLite/Core/Connection+Aggregation.swift /Users/NikkiPunjabi/Desktop/Gravitas/Vitroscribe/derived_data/SourcePackages/checkouts/SQLite.swift/Sources/SQLite/Core/Connection+Attach.swift /Users/NikkiPunjabi/Desktop/Gravitas/Vitroscribe/derived_data/SourcePackages/checkouts/SQLite.swift/Sources/SQLite/Core/Connection+Pragmas.swift /Users/NikkiPunjabi/Desktop/Gravitas/Vitroscribe/derived_data/SourcePackages/checkouts/SQLite.swift/Sources/SQLite/Core/Connection.swift /Users/NikkiPunjabi/Desktop/Gravitas/Vitroscribe/derived_data/SourcePackages/checkouts/SQLite.swift/Sources/SQLite/Core/Errors.swift /Users/NikkiPunjabi/Desktop/Gravitas/Vitroscribe/derived_data/SourcePackages/checkouts/SQLite.swift/Sources/SQLite/Core/Result.swift /Users/NikkiPunjabi/Desktop/Gravitas/Vitroscribe/derived_data/SourcePackages/checkouts/SQLite.swift/Sources/SQLite/Core/SQLiteFeature.swift /Users/NikkiPunjabi/Desktop/Gravitas/Vitroscribe/derived_data/SourcePackages/checkouts/SQLite.swift/Sources/SQLite/Core/SQLiteVersion.swift /Users/NikkiPunjabi/Desktop/Gravitas/Vitroscribe/derived_data/SourcePackages/checkouts/SQLite.swift/Sources/SQLite/Core/Statement.swift /Users/NikkiPunjabi/Desktop/Gravitas/Vitroscribe/derived_data/SourcePackages/checkouts/SQLite.swift/Sources/SQLite/Core/URIQueryParameter.swift /Users/NikkiPunjabi/Desktop/Gravitas/Vitroscribe/derived_data/SourcePackages/checkouts/SQLite.swift/Sources/SQLite/Core/Value.swift /Users/NikkiPunjabi/Desktop/Gravitas/Vitroscribe/derived_data/SourcePackages/checkouts/SQLite.swift/Sources/SQLite/Extensions/Cipher.swift /Users/NikkiPunjabi/Desktop/Gravitas/Vitroscribe/derived_data/SourcePackages/checkouts/SQLite.swift/Sources/SQLite/Extensions/FTS4.swift /Users/NikkiPunjabi/Desktop/Gravitas/Vitroscribe/derived_data/SourcePackages/checkouts/SQLite.swift/Sources/SQLite/Extensions/FTS5.swift /Users/NikkiPunjabi/Desktop/Gravitas/Vitroscribe/derived_data/SourcePackages/checkouts/SQLite.swift/Sources/SQLite/Extensions/RTree.swift /Users/NikkiPunjabi/Desktop/Gravitas/Vitroscribe/derived_data/SourcePackages/checkouts/SQLite.swift/Sources/SQLite/Foundation.swift /Users/NikkiPunjabi/Desktop/Gravitas/Vitroscribe/derived_data/SourcePackages/checkouts/SQLite.swift/Sources/SQLite/Helpers.swift /Users/NikkiPunjabi/Desktop/Gravitas/Vitroscribe/derived_data/SourcePackages/checkouts/SQLite.swift/Sources/SQLite/Schema/Connection+Schema.swift /Users/NikkiPunjabi/Desktop/Gravitas/Vitroscribe/derived_data/SourcePackages/checkouts/SQLite.swift/Sources/SQLite/Schema/SchemaChanger.swift /Users/NikkiPunjabi/Desktop/Gravitas/Vitroscribe/derived_data/SourcePackages/checkouts/SQLite.swift/Sources/SQLite/Schema/SchemaDefinitions.swift /Users/NikkiPunjabi/Desktop/Gravitas/Vitroscribe/derived_data/SourcePackages/checkouts/SQLite.swift/Sources/SQLite/Schema/SchemaReader.swift /Users/NikkiPunjabi/Desktop/Gravitas/Vitroscribe/derived_data/SourcePackages/checkouts/SQLite.swift/Sources/SQLite/Typed/AggregateFunctions.swift /Users/NikkiPunjabi/Desktop/Gravitas/Vitroscribe/derived_data/SourcePackages/checkouts/SQLite.swift/Sources/SQLite/Typed/Coding.swift /Users/NikkiPunjabi/Desktop/Gravitas/Vitroscribe/derived_data/SourcePackages/checkouts/SQLite.swift/Sources/SQLite/Typed/Collation.swift /Users/NikkiPunjabi/Desktop/Gravitas/Vitroscribe/derived_data/SourcePackages/checkouts/SQLite.swift/Sources/SQLite/Typed/CoreFunctions.swift /Users/NikkiPunjabi/Desktop/Gravitas/Vitroscribe/derived_data/SourcePackages/checkouts/SQLite.swift/Sources/SQLite/Typed/CustomFunctions.swift /Users/NikkiPunjabi/Desktop/Gravitas/Vitroscribe/derived_data/SourcePackages/checkouts/SQLite.swift/Sources/SQLite/Typed/DateAndTimeFunctions.swift /Users/NikkiPunjabi/Desktop/Gravitas/Vitroscribe/derived_data/SourcePackages/checkouts/SQLite.swift/Sources/SQLite/Typed/Expression.swift /Users/NikkiPunjabi/Desktop/Gravitas/Vitroscribe/derived_data/SourcePackages/checkouts/SQLite.swift/Sources/SQLite/Typed/Operators.swift /Users/NikkiPunjabi/Desktop/Gravitas/Vitroscribe/derived_data/SourcePackages/checkouts/SQLite.swift/Sources/SQLite/Typed/Query+with.swift /Users/NikkiPunjabi/Desktop/Gravitas/Vitroscribe/derived_data/SourcePackages/checkouts/SQLite.swift/Sources/SQLite/Typed/Query.swift /Users/NikkiPunjabi/Desktop/Gravitas/Vitroscribe/derived_data/SourcePackages/checkouts/SQLite.swift/Sources/SQLite/Typed/Schema.swift /Users/NikkiPunjabi/Desktop/Gravitas/Vitroscribe/derived_data/SourcePackages/checkouts/SQLite.swift/Sources/SQLite/Typed/Setter.swift /Users/NikkiPunjabi/Desktop/Gravitas/Vitroscribe/derived_data/SourcePackages/checkouts/SQLite.swift/Sources/SQLite/Typed/WindowFunctions.swift /Applications/Xcode.app/Contents/Developer/Toolchains/XcodeDefault.xctoolchain/usr/lib/swift/macosx/prebuilt-modules/26.2/Swift.swiftmodule/arm64e-apple-macos.swiftmodule /Applications/Xcode.app/Contents/Developer/Toolchains/XcodeDefault.xctoolchain/usr/lib/swift/macosx/prebuilt-modules/26.2/XPC.swiftmodule/arm64e-apple-macos.swiftmodule /Applications/Xcode.app/Contents/Developer/Toolchains/XcodeDefault.xctoolchain/usr/lib/swift/macosx/prebuilt-modules/26.2/Darwin.swiftmodule/arm64e-apple-macos.swiftmodule /Applications/Xcode.app/Contents/Developer/Toolchains/XcodeDefault.xctoolchain/usr/lib/swift/macosx/prebuilt-modules/26.2/_Concurrency.swiftmodule/arm64e-apple-macos.swiftmodule /Applications/Xcode.app/Contents/Developer/Toolchains/XcodeDefault.xctoolchain/usr/lib/swift/macosx/prebuilt-modules/26.2/_DarwinFoundation1.swiftmodule/arm64e-apple-macos.swiftmodule /Applications/Xcode.app/Contents/Developer/Toolchains/XcodeDefault.xctoolchain/usr/lib/swift/macosx/prebuilt-modules/26.2/Foundation.swiftmodule/arm64e-apple-macos.swiftmodule /Applications/Xcode.app/Contents/Developer/Toolchains/XcodeDefault.xctoolchain/usr/lib/swift/macosx/prebuilt-modules/26.2/_Builtin_float.swiftmodule/arm64e-apple-macos.swiftmodule /Applications/Xcode.app/Contents/Developer/Toolchains/XcodeDefault.xctoolchain/usr/lib/swift/macosx/prebuilt-modules/26.2/_DarwinFoundation3.swiftmodule/arm64e-apple-macos.swiftmodule /Applications/Xcode.app/Contents/Developer/Toolchains/XcodeDefault.xctoolchain/usr/lib/swift/macosx/prebuilt-modules/26.2/_StringProcessing.swiftmodule/arm64e-apple-macos.swiftmodule /Applications/Xcode.app/Contents/Developer/Toolchains/XcodeDefault.xctoolchain/usr/lib/swift/macosx/prebuilt-modules/26.2/IOKit.swiftmodule/arm64e-apple-macos.swiftmodule /Applications/Xcode.app/Contents/Developer/Toolchains/XcodeDefault.xctoolchain/usr/lib/swift/macosx/prebuilt-modules/26.2/_DarwinFoundation2.swiftmodule/arm64e-apple-macos.swiftmodule /Applications/Xcode.app/Contents/Developer/Toolchains/XcodeDefault.xctoolchain/usr/lib/swift/macosx/prebuilt-modules/26.2/CoreFoundation.swiftmodule/arm64e-apple-macos.swiftmodule /Applications/Xcode.app/Contents/Developer/Toolchains/XcodeDefault.xctoolchain/usr/lib/swift/macosx/prebuilt-modules/26.2/Observation.swiftmodule/arm64e-apple-macos.swiftmodule /Applications/Xcode.app/Contents/Developer/Toolchains/XcodeDefault.xctoolchain/usr/lib/swift/macosx/prebuilt-modules/26.2/ObjectiveC.swiftmodule/arm64e-apple-macos.swiftmodule /Applications/Xcode.app/Contents/Developer/Toolchains/XcodeDefault.xctoolchain/usr/lib/swift/macosx/prebuilt-modules/26.2/Combine.swiftmodule/arm64e-apple-macos.swiftmodule /Applications/Xcode.app/Contents/Developer/Toolchains/XcodeDefault.xctoolchain/usr/lib/swift/macosx/prebuilt-modules/26.2/System.swiftmodule/arm64e-apple-macos.swiftmodule /Applications/Xcode.app/Contents/Developer/Toolchains/XcodeDefault.xctoolchain/usr/lib/swift/macosx/prebuilt-modules/26.2/Dispatch.swiftmodule/arm64e-apple-macos.swiftmodule /Users/NikkiPunjabi/Desktop/Gravitas/Vitroscribe/derived_data/ModuleCache.noindex/_Builtin_float-38EDCE0IU0LU45FET1YQM7HWR.pcm /Users/NikkiPunjabi/Desktop/Gravitas/Vitroscribe/derived_data/ModuleCache.noindex/ptrcheck-3GEF2Q8XESULPRJ1GRE5Q92X9.pcm /Users/NikkiPunjabi/Desktop/Gravitas/Vitroscribe/derived_data/ModuleCache.noindex/Dispatch-EVZ48PKNCVMUVSE3C7GZN9L6A.pcm /Users/NikkiPunjabi/Desktop/Gravitas/Vitroscribe/derived_data/ModuleCache.noindex/CFNetwork-BGR4HHSTD1ENT81NDCVE1Y5H.pcm /Users/NikkiPunjabi/Desktop/Gravitas/Vitroscribe/derived_data/ModuleCache.noindex/SwiftShims-6BHR8IITCFFZKRO1X8U6DOG23.pcm /Users/NikkiPunjabi/Desktop/Gravitas/Vitroscribe/derived_data/ModuleCache.noindex/os_workgroup-DJ2ERLNW929REYHL8D4M8V8AM.pcm /Users/NikkiPunjabi/Desktop/Gravitas/Vitroscribe/derived_data/ModuleCache.noindex/Darwin-4HNX2OF5SASJ3MDEP9F4FF6E1.pcm /Users/NikkiPunjabi/Desktop/Gravitas/Vitroscribe/derived_data/ModuleCache.noindex/_Builtin_stdint-1ZPCI3OIDFSTLKQVHL4DSCSJ6.pcm /Users/NikkiPunjabi/Desktop/Gravitas/Vitroscribe/derived_data/ModuleCache.noindex/sys_types-EZQDT7PT13CWIMHN57FJCR32E.pcm /Users/NikkiPunjabi/Desktop/Gravitas/Vitroscribe/derived_data/ModuleCache.noindex/_Builtin_stdarg-E8KIXAWRTCHW2QWWASIC6UT5T.pcm /Users/NikkiPunjabi/Desktop/Gravitas/Vitroscribe/derived_data/ModuleCache.noindex/libDER-3ZBEH1P7C381JRC0246GNEUD6.pcm /Users/NikkiPunjabi/Desktop/Gravitas/Vitroscribe/derived_data/ModuleCache.noindex/_SwiftConcurrencyShims-TXLOAQWLLIVQNQVFK8BDV1MO.pcm /Users/NikkiPunjabi/Desktop/Gravitas/Vitroscribe/derived_data/ModuleCache.noindex/libkern-85VGCSYADKT85JEEEVK6SCU9U.pcm /Users/NikkiPunjabi/Desktop/Gravitas/Vitroscribe/derived_data/ModuleCache.noindex/_Builtin_stddef-CG59NMO3HDM5NR18AZFNMG54P.pcm /Users/NikkiPunjabi/Desktop/Gravitas/Vitroscribe/derived_data/ModuleCache.noindex/ptrauth-77PLLWDSNVI24V1XRB0F8OC6H.pcm /Users/NikkiPunjabi/Desktop/Gravitas/Vitroscribe/derived_data/ModuleCache.noindex/MachO-C7EFMIX58TEDSVQWUS5C80KBM.pcm /Users/NikkiPunjabi/Desktop/Gravitas/Vitroscribe/derived_data/ModuleCache.noindex/launch-45IET42SAIYZ84SMHFUNDSPGJ.pcm /Users/NikkiPunjabi/Desktop/Gravitas/Vitroscribe/derived_data/ModuleCache.noindex/CoreFoundation-DM239LTSCM3042FLJ9IFEEVD2.pcm /Users/NikkiPunjabi/Desktop/Gravitas/Vitroscribe/derived_data/ModuleCache.noindex/ObjectiveC-AT1L0TO48VPH2298F6TCY5T29.pcm /Users/NikkiPunjabi/Desktop/Gravitas/Vitroscribe/derived_data/ModuleCache.noindex/os_object-DPZO1KAKNWMMEB7N50LA69KJG.pcm /Users/NikkiPunjabi/Desktop/Gravitas/Vitroscribe/derived_data/ModuleCache.noindex/DiskArbitration-EXAM6YB1INJOP0IP9KMZPBOGR.pcm /Users/NikkiPunjabi/Desktop/Gravitas/Vitroscribe/derived_data/ModuleCache.noindex/CoreServices-DOZMGLNRPVYZWL1YFJJGSDZPU.pcm /Users/NikkiPunjabi/Desktop/Gravitas/Vitroscribe/derived_data/ModuleCache.noindex/_DarwinFoundation3-8UW2M1TN3A8V11IF3OQEXW6Q3.pcm /Users/NikkiPunjabi/Desktop/Gravitas/Vitroscribe/derived_data/ModuleCache.noindex/SQLite3-4ZX1R2ITLZMINB1Y1KJ16MSOU.pcm /Users/NikkiPunjabi/Desktop/Gravitas/Vitroscribe/derived_data/ModuleCache.noindex/Security-88CLZ7SGWE1OI6XHC8XI6MYQL.pcm /Users/NikkiPunjabi/Desktop/Gravitas/Vitroscribe/derived_data/ModuleCache.noindex/_DarwinFoundation2-AD0Y36TZOWVB4ZYO1MK7GES3T.pcm /Users/NikkiPunjabi/Desktop/Gravitas/Vitroscribe/derived_data/ModuleCache.noindex/_Builtin_stdbool-7VM9OGJDQPKYIHFNY10IW7OUW.pcm /Users/NikkiPunjabi/Desktop/Gravitas/Vitroscribe/derived_data/ModuleCache.noindex/_Builtin_inttypes-C035S4RYQXY415DPWBBV4SJBI.pcm /Users/NikkiPunjabi/Desktop/Gravitas/Vitroscribe/derived_data/ModuleCache.noindex/_AvailabilityInternal-44KSH2O1DHF8SI6N7KU10MQ3V.pcm /Users/NikkiPunjabi/Desktop/Gravitas/Vitroscribe/derived_data/ModuleCache.noindex/_DarwinFoundation1-A1OQ66ZLBLAN05SJER5MYRLOH.pcm /Users/NikkiPunjabi/Desktop/Gravitas/Vitroscribe/derived_data/ModuleCache.noindex/IOKit-AXONIF1TD9SXAVV2C3C313R1.pcm /Users/NikkiPunjabi/Desktop/Gravitas/Vitroscribe/derived_data/ModuleCache.noindex/_Builtin_limits-4ELGFII620AUH7TKMYUUXW9BE.pcm /Users/NikkiPunjabi/Desktop/Gravitas/Vitroscribe/derived_data/ModuleCache.noindex/XPC-D2BSU95EN7DYXV3A12JP7ZJ3I.pcm /Users/NikkiPunjabi/Desktop/Gravitas/Vitroscribe/derived_data/ModuleCache.noindex/Foundation-1HXCVDZU302TCN9F0351V57X2.pcm /Users/NikkiPunjabi/Desktop/Gravitas/Vitroscribe/derived_data/Build/Intermediates.noindex/SQLite.swift.build/Release/SQLite.build/Objects-normal/arm64/SQLite-dependencies-1.json (in target 'SQLite' from project 'SQLite.swift')

CompileSwift normal arm64 (in target 'SQLite' from project 'SQLite.swift')
    cd /Users/NikkiPunjabi/Desktop/Gravitas/Vitroscribe/Vitroscribe.xcodeproj
    

SwiftDriverJobDiscovery normal arm64 Compiling resource_bundle_accessor.swift, Backup.swift, Blob.swift, Connection+Aggregation.swift, Connection+Attach.swift, Connection+Pragmas.swift, Connection.swift, Errors.swift, Result.swift, SQLiteFeature.swift, SQLiteVersion.swift, Statement.swift, URIQueryParameter.swift, Value.swift, Cipher.swift, FTS4.swift, FTS5.swift, RTree.swift, Foundation.swift, Helpers.swift, Connection+Schema.swift, SchemaChanger.swift, SchemaDefinitions.swift, SchemaReader.swift, AggregateFunctions.swift, Coding.swift, Collation.swift, CoreFunctions.swift, CustomFunctions.swift, DateAndTimeFunctions.swift, Expression.swift, Operators.swift, Query+with.swift, Query.swift, Schema.swift, Setter.swift, WindowFunctions.swift (in target 'SQLite' from project 'SQLite.swift')

SwiftDriver\ Compilation\ Requirements SQLite normal arm64 com.apple.xcode.tools.swift.compiler (in target 'SQLite' from project 'SQLite.swift')
    cd /Users/NikkiPunjabi/Desktop/Gravitas/Vitroscribe/Vitroscribe.xcodeproj
    builtin-Swift-Compilation-Requirements -- /Applications/Xcode.app/Contents/Developer/Toolchains/XcodeDefault.xctoolchain/usr/bin/swiftc -module-name SQLite -O -whole-module-optimization -enforce-exclusivity\=checked @/Users/NikkiPunjabi/Desktop/Gravitas/Vitroscribe/derived_data/Build/Intermediates.noindex/SQLite.swift.build/Release/SQLite.build/Objects-normal/arm64/SQLite.SwiftFileList -DSWIFT_PACKAGE -DSWIFT_MODULE_RESOURCE_BUNDLE_AVAILABLE -DSystemSQLite -DXcode -plugin-path /Applications/Xcode.app/Contents/Developer/Toolchains/XcodeDefault.xctoolchain/usr/lib/swift/host/plugins/testing -enable-experimental-feature DebugDescriptionMacro -sdk /Applications/Xcode.app/Contents/Developer/Platforms/MacOSX.platform/Developer/SDKs/MacOSX26.2.sdk -target arm64-apple-macos10.13 -g -module-cache-path /Users/NikkiPunjabi/Desktop/Gravitas/Vitroscribe/derived_data/ModuleCache.noindex -Xfrontend -serialize-debugging-options -suppress-warnings -swift-version 5 -I /Users/NikkiPunjabi/Desktop/Gravitas/Vitroscribe/derived_data/Build/Products/Release -Isystem /Applications/Xcode.app/Contents/Developer/Platforms/MacOSX.platform/Developer/usr/lib -F /Users/NikkiPunjabi/Desktop/Gravitas/Vitroscribe/derived_data/Build/Products/Release -F /Applications/Xcode.app/Contents/Developer/Platforms/MacOSX.platform/Developer/Library/Frameworks -c -num-threads 8 -Xcc -ivfsstatcache -Xcc /Users/NikkiPunjabi/Desktop/Gravitas/Vitroscribe/derived_data/SDKStatCaches.noindex/macosx26.2-25C58-00fa09913b459cbbc988d1f6730289ae.sdkstatcache -output-file-map /Users/NikkiPunjabi/Desktop/Gravitas/Vitroscribe/derived_data/Build/Intermediates.noindex/SQLite.swift.build/Release/SQLite.build/Objects-normal/arm64/SQLite-OutputFileMap.json -use-frontend-parseable-output -save-temps -no-color-diagnostics -explicit-module-build -module-cache-path /Users/NikkiPunjabi/Desktop/Gravitas/Vitroscribe/derived_data/Build/Intermediates.noindex/SwiftExplicitPrecompiledModules -clang-scanner-module-cache-path /Users/NikkiPunjabi/Desktop/Gravitas/Vitroscribe/derived_data/ModuleCache.noindex -sdk-module-cache-path /Users/NikkiPunjabi/Desktop/Gravitas/Vitroscribe/derived_data/ModuleCache.noindex -serialize-diagnostics -emit-dependencies -emit-module -emit-module-path /Users/NikkiPunjabi/Desktop/Gravitas/Vitroscribe/derived_data/Build/Intermediates.noindex/SQLite.swift.build/Release/SQLite.build/Objects-normal/arm64/SQLite.swiftmodule -user-module-version 0.15.5 -validate-clang-modules-once -clang-build-session-file /Users/NikkiPunjabi/Desktop/Gravitas/Vitroscribe/derived_data/ModuleCache.noindex/Session.modulevalidation -package-name sqlite_swift -Xcc -I/Users/NikkiPunjabi/Desktop/Gravitas/Vitroscribe/derived_data/Build/Intermediates.noindex/SQLite.swift.build/Release/SQLite.build/swift-overrides.hmap -emit-const-values -Xfrontend -const-gather-protocols-file -Xfrontend /Users/NikkiPunjabi/Desktop/Gravitas/Vitroscribe/derived_data/Build/Intermediates.noindex/SQLite.swift.build/Release/SQLite.build/Objects-normal/arm64/SQLite_const_extract_protocols.json -Xcc -I/Users/NikkiPunjabi/Desktop/Gravitas/Vitroscribe/derived_data/Build/Products/Release/include -Xcc -I/Users/NikkiPunjabi/Desktop/Gravitas/Vitroscribe/derived_data/Build/Intermediates.noindex/SQLite.swift.build/Release/SQLite.build/DerivedSources-normal/arm64 -Xcc -I/Users/NikkiPunjabi/Desktop/Gravitas/Vitroscribe/derived_data/Build/Intermediates.noindex/SQLite.swift.build/Release/SQLite.build/DerivedSources/arm64 -Xcc -I/Users/NikkiPunjabi/Desktop/Gravitas/Vitroscribe/derived_data/Build/Intermediates.noindex/SQLite.swift.build/Release/SQLite.build/DerivedSources -Xcc -DSWIFT_PACKAGE -emit-objc-header -emit-objc-header-path /Users/NikkiPunjabi/Desktop/Gravitas/Vitroscribe/derived_data/Build/Intermediates.noindex/SQLite.swift.build/Release/SQLite.build/Objects-normal/arm64/SQLite-Swift.h -working-directory /Users/NikkiPunjabi/Desktop/Gravitas/Vitroscribe/Vitroscribe.xcodeproj -no-emit-module-separately-wmo

SwiftMergeGeneratedHeaders /Users/NikkiPunjabi/Desktop/Gravitas/Vitroscribe/derived_data/Build/Intermediates.noindex/GeneratedModuleMaps/SQLite-Swift.h /Users/NikkiPunjabi/Desktop/Gravitas/Vitroscribe/derived_data/Build/Intermediates.noindex/SQLite.swift.build/Release/SQLite.build/Objects-normal/arm64/SQLite-Swift.h (in target 'SQLite' from project 'SQLite.swift')
    cd /Users/NikkiPunjabi/Desktop/Gravitas/Vitroscribe/derived_data/SourcePackages/checkouts/SQLite.swift
    builtin-swiftHeaderTool -arch arm64 /Users/NikkiPunjabi/Desktop/Gravitas/Vitroscribe/derived_data/Build/Intermediates.noindex/SQLite.swift.build/Release/SQLite.build/Objects-normal/arm64/SQLite-Swift.h -o /Users/NikkiPunjabi/Desktop/Gravitas/Vitroscribe/derived_data/Build/Intermediates.noindex/GeneratedModuleMaps/SQLite-Swift.h

Copy /Users/NikkiPunjabi/Desktop/Gravitas/Vitroscribe/derived_data/Build/Products/Release/SQLite.swiftmodule/arm64-apple-macos.abi.json /Users/NikkiPunjabi/Desktop/Gravitas/Vitroscribe/derived_data/Build/Intermediates.noindex/SQLite.swift.build/Release/SQLite.build/Objects-normal/arm64/SQLite.abi.json (in target 'SQLite' from project 'SQLite.swift')
    cd /Users/NikkiPunjabi/Desktop/Gravitas/Vitroscribe/derived_data/SourcePackages/checkouts/SQLite.swift
    builtin-copy -exclude .DS_Store -exclude CVS -exclude .svn -exclude .git -exclude .hg -strip-unsigned-binaries -strip-deterministic -strip-tool /Applications/Xcode.app/Contents/Developer/Toolchains/XcodeDefault.xctoolchain/usr/bin/strip -resolve-src-symlinks -rename /Users/NikkiPunjabi/Desktop/Gravitas/Vitroscribe/derived_data/Build/Intermediates.noindex/SQLite.swift.build/Release/SQLite.build/Objects-normal/arm64/SQLite.abi.json /Users/NikkiPunjabi/Desktop/Gravitas/Vitroscribe/derived_data/Build/Products/Release/SQLite.swiftmodule/arm64-apple-macos.abi.json

Copy /Users/NikkiPunjabi/Desktop/Gravitas/Vitroscribe/derived_data/Build/Products/Release/SQLite.swiftmodule/arm64-apple-macos.swiftdoc /Users/NikkiPunjabi/Desktop/Gravitas/Vitroscribe/derived_data/Build/Intermediates.noindex/SQLite.swift.build/Release/SQLite.build/Objects-normal/arm64/SQLite.swiftdoc (in target 'SQLite' from project 'SQLite.swift')
    cd /Users/NikkiPunjabi/Desktop/Gravitas/Vitroscribe/derived_data/SourcePackages/checkouts/SQLite.swift
    builtin-copy -exclude .DS_Store -exclude CVS -exclude .svn -exclude .git -exclude .hg -strip-unsigned-binaries -strip-deterministic -strip-tool /Applications/Xcode.app/Contents/Developer/Toolchains/XcodeDefault.xctoolchain/usr/bin/strip -resolve-src-symlinks -rename /Users/NikkiPunjabi/Desktop/Gravitas/Vitroscribe/derived_data/Build/Intermediates.noindex/SQLite.swift.build/Release/SQLite.build/Objects-normal/arm64/SQLite.swiftdoc /Users/NikkiPunjabi/Desktop/Gravitas/Vitroscribe/derived_data/Build/Products/Release/SQLite.swiftmodule/arm64-apple-macos.swiftdoc

Copy /Users/NikkiPunjabi/Desktop/Gravitas/Vitroscribe/derived_data/Build/Products/Release/SQLite.swiftmodule/arm64-apple-macos.swiftmodule /Users/NikkiPunjabi/Desktop/Gravitas/Vitroscribe/derived_data/Build/Intermediates.noindex/SQLite.swift.build/Release/SQLite.build/Objects-normal/arm64/SQLite.swiftmodule (in target 'SQLite' from project 'SQLite.swift')
    cd /Users/NikkiPunjabi/Desktop/Gravitas/Vitroscribe/derived_data/SourcePackages/checkouts/SQLite.swift
    builtin-copy -exclude .DS_Store -exclude CVS -exclude .svn -exclude .git -exclude .hg -strip-unsigned-binaries -strip-deterministic -strip-tool /Applications/Xcode.app/Contents/Developer/Toolchains/XcodeDefault.xctoolchain/usr/bin/strip -resolve-src-symlinks -rename /Users/NikkiPunjabi/Desktop/Gravitas/Vitroscribe/derived_data/Build/Intermediates.noindex/SQLite.swift.build/Release/SQLite.build/Objects-normal/arm64/SQLite.swiftmodule /Users/NikkiPunjabi/Desktop/Gravitas/Vitroscribe/derived_data/Build/Products/Release/SQLite.swiftmodule/arm64-apple-macos.swiftmodule

Copy /Users/NikkiPunjabi/Desktop/Gravitas/Vitroscribe/derived_data/Build/Products/Release/SQLite.swiftmodule/Project/arm64-apple-macos.swiftsourceinfo /Users/NikkiPunjabi/Desktop/Gravitas/Vitroscribe/derived_data/Build/Intermediates.noindex/SQLite.swift.build/Release/SQLite.build/Objects-normal/arm64/SQLite.swiftsourceinfo (in target 'SQLite' from project 'SQLite.swift')
    cd /Users/NikkiPunjabi/Desktop/Gravitas/Vitroscribe/derived_data/SourcePackages/checkouts/SQLite.swift
    builtin-copy -exclude .DS_Store -exclude CVS -exclude .svn -exclude .git -exclude .hg -strip-unsigned-binaries -strip-deterministic -strip-tool /Applications/Xcode.app/Contents/Developer/Toolchains/XcodeDefault.xctoolchain/usr/bin/strip -resolve-src-symlinks -rename /Users/NikkiPunjabi/Desktop/Gravitas/Vitroscribe/derived_data/Build/Intermediates.noindex/SQLite.swift.build/Release/SQLite.build/Objects-normal/arm64/SQLite.swiftsourceinfo /Users/NikkiPunjabi/Desktop/Gravitas/Vitroscribe/derived_data/Build/Products/Release/SQLite.swiftmodule/Project/arm64-apple-macos.swiftsourceinfo

Ld /Users/NikkiPunjabi/Desktop/Gravitas/Vitroscribe/derived_data/Build/Products/Release/SQLite.o normal (in target 'SQLite' from project 'SQLite.swift')
    cd /Users/NikkiPunjabi/Desktop/Gravitas/Vitroscribe/derived_data/SourcePackages/checkouts/SQLite.swift
    /Applications/Xcode.app/Contents/Developer/Toolchains/XcodeDefault.xctoolchain/usr/bin/clang -Xlinker -reproducible -target arm64-apple-macos10.13 -r -isysroot /Applications/Xcode.app/Contents/Developer/Platforms/MacOSX.platform/Developer/SDKs/MacOSX26.2.sdk -Os -w -L/Users/NikkiPunjabi/Desktop/Gravitas/Vitroscribe/derived_data/Build/Intermediates.noindex/EagerLinkingTBDs/Release -L/Users/NikkiPunjabi/Desktop/Gravitas/Vitroscribe/derived_data/Build/Products/Release -L/Applications/Xcode.app/Contents/Developer/Platforms/MacOSX.platform/Developer/usr/lib -F/Users/NikkiPunjabi/Desktop/Gravitas/Vitroscribe/derived_data/Build/Intermediates.noindex/EagerLinkingTBDs/Release -F/Users/NikkiPunjabi/Desktop/Gravitas/Vitroscribe/derived_data/Build/Products/Release -iframework /Applications/Xcode.app/Contents/Developer/Platforms/MacOSX.platform/Developer/Library/Frameworks -filelist /Users/NikkiPunjabi/Desktop/Gravitas/Vitroscribe/derived_data/Build/Intermediates.noindex/SQLite.swift.build/Release/SQLite.build/Objects-normal/arm64/SQLite.LinkFileList -nostdlib -Xlinker -object_path_lto -Xlinker /Users/NikkiPunjabi/Desktop/Gravitas/Vitroscribe/derived_data/Build/Intermediates.noindex/SQLite.swift.build/Release/SQLite.build/Objects-normal/arm64/SQLite_lto.o -Xlinker -dependency_info -Xlinker /Users/NikkiPunjabi/Desktop/Gravitas/Vitroscribe/derived_data/Build/Intermediates.noindex/SQLite.swift.build/Release/SQLite.build/Objects-normal/arm64/SQLite_dependency_info.dat -fobjc-link-runtime -L/Applications/Xcode.app/Contents/Developer/Toolchains/XcodeDefault.xctoolchain/usr/lib/swift/macosx -L/usr/lib/swift -Xlinker -add_ast_path -Xlinker /Users/NikkiPunjabi/Desktop/Gravitas/Vitroscribe/derived_data/Build/Intermediates.noindex/SQLite.swift.build/Release/SQLite.build/Objects-normal/arm64/SQLite.swiftmodule @/Users/NikkiPunjabi/Desktop/Gravitas/Vitroscribe/derived_data/Build/Intermediates.noindex/SQLite.swift.build/Release/SQLite.build/Objects-normal/arm64/SQLite-linker-args.resp -o /Users/NikkiPunjabi/Desktop/Gravitas/Vitroscribe/derived_data/Build/Products/Release/SQLite.o

SwiftDriver Vitroscribe normal arm64 com.apple.xcode.tools.swift.compiler (in target 'Vitroscribe' from project 'Vitroscribe')
    cd /Users/NikkiPunjabi/Desktop/Gravitas/Vitroscribe
    builtin-SwiftDriver -- /Applications/Xcode.app/Contents/Developer/Toolchains/XcodeDefault.xctoolchain/usr/bin/swiftc -module-name Vitroscribe -O -whole-module-optimization -enforce-exclusivity\=checked @/Users/NikkiPunjabi/Desktop/Gravitas/Vitroscribe/derived_data/Build/Intermediates.noindex/Vitroscribe.build/Release/Vitroscribe.build/Objects-normal/arm64/Vitroscribe.SwiftFileList -enable-bare-slash-regex -enable-experimental-feature DebugDescriptionMacro -sdk /Applications/Xcode.app/Contents/Developer/Platforms/MacOSX.platform/Developer/SDKs/MacOSX26.2.sdk -target arm64-apple-macos14.0 -g -module-cache-path /Users/NikkiPunjabi/Desktop/Gravitas/Vitroscribe/derived_data/ModuleCache.noindex -Xfrontend -serialize-debugging-options -swift-version 5 -I /Users/NikkiPunjabi/Desktop/Gravitas/Vitroscribe/derived_data/Build/Products/Release -F /Users/NikkiPunjabi/Desktop/Gravitas/Vitroscribe/derived_data/Build/Products/Release/PackageFrameworks -F /Users/NikkiPunjabi/Desktop/Gravitas/Vitroscribe/derived_data/Build/Products/Release -c -num-threads 8 -Xcc -ivfsstatcache -Xcc /Users/NikkiPunjabi/Desktop/Gravitas/Vitroscribe/derived_data/SDKStatCaches.noindex/macosx26.2-25C58-00fa09913b459cbbc988d1f6730289ae.sdkstatcache -output-file-map /Users/NikkiPunjabi/Desktop/Gravitas/Vitroscribe/derived_data/Build/Intermediates.noindex/Vitroscribe.build/Release/Vitroscribe.build/Objects-normal/arm64/Vitroscribe-OutputFileMap.json -use-frontend-parseable-output -save-temps -no-color-diagnostics -explicit-module-build -module-cache-path /Users/NikkiPunjabi/Desktop/Gravitas/Vitroscribe/derived_data/Build/Intermediates.noindex/SwiftExplicitPrecompiledModules -clang-scanner-module-cache-path /Users/NikkiPunjabi/Desktop/Gravitas/Vitroscribe/derived_data/ModuleCache.noindex -sdk-module-cache-path /Users/NikkiPunjabi/Desktop/Gravitas/Vitroscribe/derived_data/ModuleCache.noindex -serialize-diagnostics -emit-dependencies -emit-module -emit-module-path /Users/NikkiPunjabi/Desktop/Gravitas/Vitroscribe/derived_data/Build/Intermediates.noindex/Vitroscribe.build/Release/Vitroscribe.build/Objects-normal/arm64/Vitroscribe.swiftmodule -validate-clang-modules-once -clang-build-session-file /Users/NikkiPunjabi/Desktop/Gravitas/Vitroscribe/derived_data/ModuleCache.noindex/Session.modulevalidation -Xcc -I/Users/NikkiPunjabi/Desktop/Gravitas/Vitroscribe/derived_data/Build/Intermediates.noindex/Vitroscribe.build/Release/Vitroscribe.build/swift-overrides.hmap -emit-const-values -Xfrontend -const-gather-protocols-file -Xfrontend /Users/NikkiPunjabi/Desktop/Gravitas/Vitroscribe/derived_data/Build/Intermediates.noindex/Vitroscribe.build/Release/Vitroscribe.build/Objects-normal/arm64/Vitroscribe_const_extract_protocols.json -Xcc -iquote -Xcc /Users/NikkiPunjabi/Desktop/Gravitas/Vitroscribe/derived_data/Build/Intermediates.noindex/Vitroscribe.build/Release/Vitroscribe.build/Vitroscribe-generated-files.hmap -Xcc -I/Users/NikkiPunjabi/Desktop/Gravitas/Vitroscribe/derived_data/Build/Intermediates.noindex/Vitroscribe.build/Release/Vitroscribe.build/Vitroscribe-own-target-headers.hmap -Xcc -I/Users/NikkiPunjabi/Desktop/Gravitas/Vitroscribe/derived_data/Build/Intermediates.noindex/Vitroscribe.build/Release/Vitroscribe.build/Vitroscribe-all-non-framework-target-headers.hmap -Xcc -ivfsoverlay -Xcc /Users/NikkiPunjabi/Desktop/Gravitas/Vitroscribe/derived_data/Build/Intermediates.noindex/Vitroscribe.build/Release/Vitroscribe-b942f9e97c03eae2539a152a25953afb-VFS/all-product-headers.yaml -Xcc -iquote -Xcc /Users/NikkiPunjabi/Desktop/Gravitas/Vitroscribe/derived_data/Build/Intermediates.noindex/Vitroscribe.build/Release/Vitroscribe.build/Vitroscribe-project-headers.hmap -Xcc -I/Users/NikkiPunjabi/Desktop/Gravitas/Vitroscribe/derived_data/Build/Products/Release/include -Xcc -I/Users/NikkiPunjabi/Desktop/Gravitas/Vitroscribe/derived_data/Build/Intermediates.noindex/Vitroscribe.build/Release/Vitroscribe.build/DerivedSources-normal/arm64 -Xcc -I/Users/NikkiPunjabi/Desktop/Gravitas/Vitroscribe/derived_data/Build/Intermediates.noindex/Vitroscribe.build/Release/Vitroscribe.build/DerivedSources/arm64 -Xcc -I/Users/NikkiPunjabi/Desktop/Gravitas/Vitroscribe/derived_data/Build/Intermediates.noindex/Vitroscribe.build/Release/Vitroscribe.build/DerivedSources -emit-objc-header -emit-objc-header-path /Users/NikkiPunjabi/Desktop/Gravitas/Vitroscribe/derived_data/Build/Intermediates.noindex/Vitroscribe.build/Release/Vitroscribe.build/Objects-normal/arm64/Vitroscribe-Swift.h -working-directory /Users/NikkiPunjabi/Desktop/Gravitas/Vitroscribe -no-emit-module-separately-wmo

ExtractAppIntentsMetadata (in target 'SQLite' from project 'SQLite.swift')
    cd /Users/NikkiPunjabi/Desktop/Gravitas/Vitroscribe/derived_data/SourcePackages/checkouts/SQLite.swift
    /Applications/Xcode.app/Contents/Developer/Toolchains/XcodeDefault.xctoolchain/usr/bin/appintentsmetadataprocessor --toolchain-dir /Applications/Xcode.app/Contents/Developer/Toolchains/XcodeDefault.xctoolchain --module-name SQLite --sdk-root /Applications/Xcode.app/Contents/Developer/Platforms/MacOSX.platform/Developer/SDKs/MacOSX26.2.sdk --xcode-version 17C529 --platform-family macOS --deployment-target 10.13 --bundle-identifier sqlite.swift.SQLite --output /Users/NikkiPunjabi/Desktop/Gravitas/Vitroscribe/derived_data/Build/Products/Release/SQLite.appintents --target-triple arm64-apple-macos10.13 --binary-file /Users/NikkiPunjabi/Desktop/Gravitas/Vitroscribe/derived_data/Build/Products/Release/SQLite.o --dependency-file /Users/NikkiPunjabi/Desktop/Gravitas/Vitroscribe/derived_data/Build/Intermediates.noindex/SQLite.swift.build/Release/SQLite.build/Objects-normal/arm64/SQLite_dependency_info.dat --stringsdata-file /Users/NikkiPunjabi/Desktop/Gravitas/Vitroscribe/derived_data/Build/Intermediates.noindex/SQLite.swift.build/Release/SQLite.build/Objects-normal/arm64/ExtractedAppShortcutsMetadata.stringsdata --source-file-list /Users/NikkiPunjabi/Desktop/Gravitas/Vitroscribe/derived_data/Build/Intermediates.noindex/SQLite.swift.build/Release/SQLite.build/Objects-normal/arm64/SQLite.SwiftFileList --metadata-file-list /Users/NikkiPunjabi/Desktop/Gravitas/Vitroscribe/derived_data/Build/Intermediates.noindex/SQLite.swift.build/Release/SQLite.build/SQLite.DependencyMetadataFileList --static-metadata-file-list /Users/NikkiPunjabi/Desktop/Gravitas/Vitroscribe/derived_data/Build/Intermediates.noindex/SQLite.swift.build/Release/SQLite.build/SQLite.DependencyStaticMetadataFileList --swift-const-vals-list /Users/NikkiPunjabi/Desktop/Gravitas/Vitroscribe/derived_data/Build/Intermediates.noindex/SQLite.swift.build/Release/SQLite.build/Objects-normal/arm64/SQLite.SwiftConstValuesFileList --force --compile-time-extraction --deployment-aware-processing --validate-assistant-intents --no-app-shortcuts-localization
2026-03-10 19:41:38.259 appintentsmetadataprocessor[58373:1541348] Starting appintentsmetadataprocessor export
2026-03-10 19:41:38.484 appintentsmetadataprocessor[58373:1541348] Extracted no relevant App Intents symbols, skipping writing output

RegisterExecutionPolicyException /Users/NikkiPunjabi/Desktop/Gravitas/Vitroscribe/derived_data/Build/Products/Release/SQLite.o (in target 'SQLite' from project 'SQLite.swift')
    cd /Users/NikkiPunjabi/Desktop/Gravitas/Vitroscribe/derived_data/SourcePackages/checkouts/SQLite.swift
    builtin-RegisterExecutionPolicyException /Users/NikkiPunjabi/Desktop/Gravitas/Vitroscribe/derived_data/Build/Products/Release/SQLite.o

Copy /Users/NikkiPunjabi/Desktop/Gravitas/Vitroscribe/derived_data/Build/Products/Release/Vitroscribe.app/Contents/Resources/SQLite.swift_SQLite.bundle /Users/NikkiPunjabi/Desktop/Gravitas/Vitroscribe/derived_data/Build/Products/Release/SQLite.swift_SQLite.bundle (in target 'Vitroscribe' from project 'Vitroscribe')
    cd /Users/NikkiPunjabi/Desktop/Gravitas/Vitroscribe
    builtin-copy -exclude .DS_Store -exclude CVS -exclude .svn -exclude .git -exclude .hg -resolve-src-symlinks /Users/NikkiPunjabi/Desktop/Gravitas/Vitroscribe/derived_data/Build/Products/Release/SQLite.swift_SQLite.bundle /Users/NikkiPunjabi/Desktop/Gravitas/Vitroscribe/derived_data/Build/Products/Release/Vitroscribe.app/Contents/Resources

ProcessInfoPlistFile /Users/NikkiPunjabi/Desktop/Gravitas/Vitroscribe/derived_data/Build/Products/Release/Vitroscribe.app/Contents/Info.plist /Users/NikkiPunjabi/Desktop/Gravitas/Vitroscribe/Vitroscribe/Info.plist (in target 'Vitroscribe' from project 'Vitroscribe')
    cd /Users/NikkiPunjabi/Desktop/Gravitas/Vitroscribe
    builtin-infoPlistUtility /Users/NikkiPunjabi/Desktop/Gravitas/Vitroscribe/Vitroscribe/Info.plist -producttype com.apple.product-type.application -genpkginfo /Users/NikkiPunjabi/Desktop/Gravitas/Vitroscribe/derived_data/Build/Products/Release/Vitroscribe.app/Contents/PkgInfo -expandbuildsettings -platform macosx -scanforprivacyfile /Users/NikkiPunjabi/Desktop/Gravitas/Vitroscribe/derived_data/Build/Products/Release/Vitroscribe.app/Contents/Resources/SQLite.swift_SQLite.bundle -o /Users/NikkiPunjabi/Desktop/Gravitas/Vitroscribe/derived_data/Build/Products/Release/Vitroscribe.app/Contents/Info.plist

SwiftDriver\ Compilation Vitroscribe normal arm64 com.apple.xcode.tools.swift.compiler (in target 'Vitroscribe' from project 'Vitroscribe')
    cd /Users/NikkiPunjabi/Desktop/Gravitas/Vitroscribe
    builtin-Swift-Compilation -- /Applications/Xcode.app/Contents/Developer/Toolchains/XcodeDefault.xctoolchain/usr/bin/swiftc -module-name Vitroscribe -O -whole-module-optimization -enforce-exclusivity\=checked @/Users/NikkiPunjabi/Desktop/Gravitas/Vitroscribe/derived_data/Build/Intermediates.noindex/Vitroscribe.build/Release/Vitroscribe.build/Objects-normal/arm64/Vitroscribe.SwiftFileList -enable-bare-slash-regex -enable-experimental-feature DebugDescriptionMacro -sdk /Applications/Xcode.app/Contents/Developer/Platforms/MacOSX.platform/Developer/SDKs/MacOSX26.2.sdk -target arm64-apple-macos14.0 -g -module-cache-path /Users/NikkiPunjabi/Desktop/Gravitas/Vitroscribe/derived_data/ModuleCache.noindex -Xfrontend -serialize-debugging-options -swift-version 5 -I /Users/NikkiPunjabi/Desktop/Gravitas/Vitroscribe/derived_data/Build/Products/Release -F /Users/NikkiPunjabi/Desktop/Gravitas/Vitroscribe/derived_data/Build/Products/Release/PackageFrameworks -F /Users/NikkiPunjabi/Desktop/Gravitas/Vitroscribe/derived_data/Build/Products/Release -c -num-threads 8 -Xcc -ivfsstatcache -Xcc /Users/NikkiPunjabi/Desktop/Gravitas/Vitroscribe/derived_data/SDKStatCaches.noindex/macosx26.2-25C58-00fa09913b459cbbc988d1f6730289ae.sdkstatcache -output-file-map /Users/NikkiPunjabi/Desktop/Gravitas/Vitroscribe/derived_data/Build/Intermediates.noindex/Vitroscribe.build/Release/Vitroscribe.build/Objects-normal/arm64/Vitroscribe-OutputFileMap.json -use-frontend-parseable-output -save-temps -no-color-diagnostics -explicit-module-build -module-cache-path /Users/NikkiPunjabi/Desktop/Gravitas/Vitroscribe/derived_data/Build/Intermediates.noindex/SwiftExplicitPrecompiledModules -clang-scanner-module-cache-path /Users/NikkiPunjabi/Desktop/Gravitas/Vitroscribe/derived_data/ModuleCache.noindex -sdk-module-cache-path /Users/NikkiPunjabi/Desktop/Gravitas/Vitroscribe/derived_data/ModuleCache.noindex -serialize-diagnostics -emit-dependencies -emit-module -emit-module-path /Users/NikkiPunjabi/Desktop/Gravitas/Vitroscribe/derived_data/Build/Intermediates.noindex/Vitroscribe.build/Release/Vitroscribe.build/Objects-normal/arm64/Vitroscribe.swiftmodule -validate-clang-modules-once -clang-build-session-file /Users/NikkiPunjabi/Desktop/Gravitas/Vitroscribe/derived_data/ModuleCache.noindex/Session.modulevalidation -Xcc -I/Users/NikkiPunjabi/Desktop/Gravitas/Vitroscribe/derived_data/Build/Intermediates.noindex/Vitroscribe.build/Release/Vitroscribe.build/swift-overrides.hmap -emit-const-values -Xfrontend -const-gather-protocols-file -Xfrontend /Users/NikkiPunjabi/Desktop/Gravitas/Vitroscribe/derived_data/Build/Intermediates.noindex/Vitroscribe.build/Release/Vitroscribe.build/Objects-normal/arm64/Vitroscribe_const_extract_protocols.json -Xcc -iquote -Xcc /Users/NikkiPunjabi/Desktop/Gravitas/Vitroscribe/derived_data/Build/Intermediates.noindex/Vitroscribe.build/Release/Vitroscribe.build/Vitroscribe-generated-files.hmap -Xcc -I/Users/NikkiPunjabi/Desktop/Gravitas/Vitroscribe/derived_data/Build/Intermediates.noindex/Vitroscribe.build/Release/Vitroscribe.build/Vitroscribe-own-target-headers.hmap -Xcc -I/Users/NikkiPunjabi/Desktop/Gravitas/Vitroscribe/derived_data/Build/Intermediates.noindex/Vitroscribe.build/Release/Vitroscribe.build/Vitroscribe-all-non-framework-target-headers.hmap -Xcc -ivfsoverlay -Xcc /Users/NikkiPunjabi/Desktop/Gravitas/Vitroscribe/derived_data/Build/Intermediates.noindex/Vitroscribe.build/Release/Vitroscribe-b942f9e97c03eae2539a152a25953afb-VFS/all-product-headers.yaml -Xcc -iquote -Xcc /Users/NikkiPunjabi/Desktop/Gravitas/Vitroscribe/derived_data/Build/Intermediates.noindex/Vitroscribe.build/Release/Vitroscribe.build/Vitroscribe-project-headers.hmap -Xcc -I/Users/NikkiPunjabi/Desktop/Gravitas/Vitroscribe/derived_data/Build/Products/Release/include -Xcc -I/Users/NikkiPunjabi/Desktop/Gravitas/Vitroscribe/derived_data/Build/Intermediates.noindex/Vitroscribe.build/Release/Vitroscribe.build/DerivedSources-normal/arm64 -Xcc -I/Users/NikkiPunjabi/Desktop/Gravitas/Vitroscribe/derived_data/Build/Intermediates.noindex/Vitroscribe.build/Release/Vitroscribe.build/DerivedSources/arm64 -Xcc -I/Users/NikkiPunjabi/Desktop/Gravitas/Vitroscribe/derived_data/Build/Intermediates.noindex/Vitroscribe.build/Release/Vitroscribe.build/DerivedSources -emit-objc-header -emit-objc-header-path /Users/NikkiPunjabi/Desktop/Gravitas/Vitroscribe/derived_data/Build/Intermediates.noindex/Vitroscribe.build/Release/Vitroscribe.build/Objects-normal/arm64/Vitroscribe-Swift.h -working-directory /Users/NikkiPunjabi/Desktop/Gravitas/Vitroscribe -no-emit-module-separately-wmo

SwiftExplicitDependencyGeneratePcm arm64 /Users/NikkiPunjabi/Desktop/Gravitas/Vitroscribe/derived_data/ModuleCache.noindex/_Builtin_float-8H3M3GD2YBRI5DY5V3ZMOQ5IR.pcm

SwiftExplicitDependencyGeneratePcm arm64 /Users/NikkiPunjabi/Desktop/Gravitas/Vitroscribe/derived_data/ModuleCache.noindex/SwiftShims-7ZPP03LTJ0GS6AGWC66AUEPCL.pcm

SwiftExplicitDependencyGeneratePcm arm64 /Users/NikkiPunjabi/Desktop/Gravitas/Vitroscribe/derived_data/ModuleCache.noindex/ptrcheck-36W9R1K3SLCJXXROCVNN8XDT.pcm

SwiftExplicitDependencyGeneratePcm arm64 /Users/NikkiPunjabi/Desktop/Gravitas/Vitroscribe/derived_data/ModuleCache.noindex/_SwiftConcurrencyShims-9LEXJVA2BEKK2BQNO9OUG98FW.pcm

SwiftExplicitDependencyGeneratePcm arm64 /Users/NikkiPunjabi/Desktop/Gravitas/Vitroscribe/derived_data/ModuleCache.noindex/ptrauth-39FZHP19AB9C2ALKR3SCQODHN.pcm

SwiftExplicitDependencyGeneratePcm arm64 /Users/NikkiPunjabi/Desktop/Gravitas/Vitroscribe/derived_data/ModuleCache.noindex/_Builtin_stddef-EKFYCILPLQBW9MY6JRKE2FXXK.pcm

SwiftExplicitDependencyGeneratePcm arm64 /Users/NikkiPunjabi/Desktop/Gravitas/Vitroscribe/derived_data/ModuleCache.noindex/_Builtin_stdbool-9ZUGJBHMFO0B4TXT4AGGKKHPX.pcm

SwiftExplicitDependencyGeneratePcm arm64 /Users/NikkiPunjabi/Desktop/Gravitas/Vitroscribe/derived_data/ModuleCache.noindex/_AvailabilityInternal-6KG3T32BH3ULJ1HWB2QSNL1MV.pcm

SwiftExplicitDependencyGeneratePcm arm64 /Users/NikkiPunjabi/Desktop/Gravitas/Vitroscribe/derived_data/ModuleCache.noindex/_Builtin_stdarg-CZITQ57FLTP2CGYKTIAIYPCDG.pcm

SwiftExplicitDependencyGeneratePcm arm64 /Users/NikkiPunjabi/Desktop/Gravitas/Vitroscribe/derived_data/ModuleCache.noindex/DeveloperToolsSupport-6LPMGAP2O4RRZNA4F1UC3KRO8.pcm

SwiftExplicitDependencyGeneratePcm arm64 /Users/NikkiPunjabi/Desktop/Gravitas/Vitroscribe/derived_data/ModuleCache.noindex/_DarwinFoundation1-U5EHV60R7BMG8XCM8AWFJBNE.pcm

SwiftExplicitDependencyGeneratePcm arm64 /Users/NikkiPunjabi/Desktop/Gravitas/Vitroscribe/derived_data/ModuleCache.noindex/_Builtin_limits-C36G6FLFHBWFSHNXZQHXZERT7.pcm

SwiftExplicitDependencyGeneratePcm arm64 /Users/NikkiPunjabi/Desktop/Gravitas/Vitroscribe/derived_data/ModuleCache.noindex/_DarwinFoundation2-43AMPYIE67G9SUB1NJVMIKGW1.pcm

SwiftExplicitDependencyGeneratePcm arm64 /Users/NikkiPunjabi/Desktop/Gravitas/Vitroscribe/derived_data/ModuleCache.noindex/SQLite3-ATVAJCC219P0QKE8N0F0NZ667.pcm

SwiftExplicitDependencyGeneratePcm arm64 /Users/NikkiPunjabi/Desktop/Gravitas/Vitroscribe/derived_data/ModuleCache.noindex/sys_types-1HE2FRT2D0ADQ4ZAIQMAGKRV1.pcm

SwiftExplicitDependencyGeneratePcm arm64 /Users/NikkiPunjabi/Desktop/Gravitas/Vitroscribe/derived_data/ModuleCache.noindex/_Builtin_tgmath-3PHRZ3WN9ONXS7ROOXIQIIVEQ.pcm

SwiftExplicitDependencyGeneratePcm arm64 /Users/NikkiPunjabi/Desktop/Gravitas/Vitroscribe/derived_data/ModuleCache.noindex/_Builtin_stdint-4AUBD8N6U4DS36SGWT2ELJ4BR.pcm

SwiftExplicitDependencyGeneratePcm arm64 /Users/NikkiPunjabi/Desktop/Gravitas/Vitroscribe/derived_data/ModuleCache.noindex/_DarwinFoundation3-8KEWYQTQNT5CM4ZOJ5T9KHBE4.pcm

SwiftExplicitDependencyGeneratePcm arm64 /Users/NikkiPunjabi/Desktop/Gravitas/Vitroscribe/derived_data/ModuleCache.noindex/_Builtin_stdatomic-3KIHG4D91QKPWVUQ0DHT0S5A2.pcm

SwiftExplicitDependencyGeneratePcm arm64 /Users/NikkiPunjabi/Desktop/Gravitas/Vitroscribe/derived_data/ModuleCache.noindex/OpenGL-53YRSDKKCTZSGGMCAZBOXETME.pcm

SwiftExplicitDependencyGeneratePcm arm64 /Users/NikkiPunjabi/Desktop/Gravitas/Vitroscribe/derived_data/ModuleCache.noindex/_Builtin_intrinsics-8X4HTZHDGZRYWGP9VK6364G4R.pcm

SwiftExplicitDependencyGeneratePcm arm64 /Users/NikkiPunjabi/Desktop/Gravitas/Vitroscribe/derived_data/ModuleCache.noindex/libDER-4U1LCSYY0FGXDC2Q3NL4VMTBV.pcm

SwiftExplicitDependencyGeneratePcm arm64 /Users/NikkiPunjabi/Desktop/Gravitas/Vitroscribe/derived_data/ModuleCache.noindex/_Builtin_inttypes-CZXDFBPN2OKX4SJWRISA8CCLX.pcm

SwiftExplicitDependencyGeneratePcm arm64 /Users/NikkiPunjabi/Desktop/Gravitas/Vitroscribe/derived_data/ModuleCache.noindex/Darwin-43SYAJHTC7MRM2LHESTXBW8Y7.pcm

SwiftExplicitDependencyGeneratePcm arm64 /Users/NikkiPunjabi/Desktop/Gravitas/Vitroscribe/derived_data/ModuleCache.noindex/simd-5QIQ1DEQ61UXA1B18B96LGN9I.pcm

SwiftExplicitDependencyGeneratePcm arm64 /Users/NikkiPunjabi/Desktop/Gravitas/Vitroscribe/derived_data/ModuleCache.noindex/MachO-85EMFYRGW4JAY5QHRIBZE145Q.pcm

SwiftExplicitDependencyGeneratePcm arm64 /Users/NikkiPunjabi/Desktop/Gravitas/Vitroscribe/derived_data/ModuleCache.noindex/libkern-75HCJPY2DXNGJ3WGEVQDR59ZN.pcm

SwiftExplicitDependencyGeneratePcm arm64 /Users/NikkiPunjabi/Desktop/Gravitas/Vitroscribe/derived_data/ModuleCache.noindex/launch-DHUWUAOC55EXOQ6OJXGC7YG0X.pcm

SwiftExplicitDependencyGeneratePcm arm64 /Users/NikkiPunjabi/Desktop/Gravitas/Vitroscribe/derived_data/ModuleCache.noindex/CUPS-7QNVHJEGNEYTYJSJN5N2FNIY9.pcm

SwiftExplicitDependencyGeneratePcm arm64 /Users/NikkiPunjabi/Desktop/Gravitas/Vitroscribe/derived_data/ModuleCache.noindex/Spatial-89O1T7LDI3Y6IXRAYTY2SGUGD.pcm

SwiftExplicitDependencyGeneratePcm arm64 /Users/NikkiPunjabi/Desktop/Gravitas/Vitroscribe/derived_data/ModuleCache.noindex/ObjectiveC-MXQB2MABECM6IH1UG1FM8YEY.pcm

SwiftExplicitDependencyGeneratePcm arm64 /Users/NikkiPunjabi/Desktop/Gravitas/Vitroscribe/derived_data/ModuleCache.noindex/os_object-1DOECSU5P5D33O19KFS046LI0.pcm

SwiftExplicitDependencyGeneratePcm arm64 /Users/NikkiPunjabi/Desktop/Gravitas/Vitroscribe/derived_data/ModuleCache.noindex/os_workgroup-5V7FKTXU9D4U5V8QP9VMHYBAN.pcm

SwiftExplicitDependencyGeneratePcm arm64 /Users/NikkiPunjabi/Desktop/Gravitas/Vitroscribe/derived_data/ModuleCache.noindex/Dispatch-CLT9M083IH3G94PYOFV0O6BBP.pcm

SwiftExplicitDependencyGeneratePcm arm64 /Users/NikkiPunjabi/Desktop/Gravitas/Vitroscribe/derived_data/ModuleCache.noindex/XPC-48VK4F2S4YCC50H3J3QRMZGEA.pcm

SwiftExplicitDependencyGeneratePcm arm64 /Users/NikkiPunjabi/Desktop/Gravitas/Vitroscribe/derived_data/ModuleCache.noindex/CoreFoundation-CRTGTI9ZI4RL4EHD4ZDGSU7DH.pcm

SwiftExplicitDependencyGeneratePcm arm64 /Users/NikkiPunjabi/Desktop/Gravitas/Vitroscribe/derived_data/ModuleCache.noindex/os-MFS4S4GNNBJMOW792E9CDM9P.pcm

SwiftExplicitDependencyGeneratePcm arm64 /Users/NikkiPunjabi/Desktop/Gravitas/Vitroscribe/derived_data/ModuleCache.noindex/IOKit-5D6PFRJJJA46Z2DF0XFKZNAN0.pcm

SwiftExplicitDependencyGeneratePcm arm64 /Users/NikkiPunjabi/Desktop/Gravitas/Vitroscribe/derived_data/ModuleCache.noindex/ColorSync-57BTJ6K7527U48IG5ES6RDRGH.pcm

SwiftExplicitDependencyGeneratePcm arm64 /Users/NikkiPunjabi/Desktop/Gravitas/Vitroscribe/derived_data/ModuleCache.noindex/CoreAudioTypes-EIXB5N6MA93Y2ZGN1YJ0V94MP.pcm

SwiftExplicitDependencyGeneratePcm arm64 /Users/NikkiPunjabi/Desktop/Gravitas/Vitroscribe/derived_data/ModuleCache.noindex/Security-4EFS4LNVYDZ3Q5F6ZDNOZHA49.pcm

SwiftExplicitDependencyGeneratePcm arm64 /Users/NikkiPunjabi/Desktop/Gravitas/Vitroscribe/derived_data/ModuleCache.noindex/CFNetwork-4J24XPQQYMVCQI4F5ACSQ2MFW.pcm

SwiftExplicitDependencyGeneratePcm arm64 /Users/NikkiPunjabi/Desktop/Gravitas/Vitroscribe/derived_data/ModuleCache.noindex/CoreGraphics-41L1VDKI7C8Q7952670ZU2X94.pcm

SwiftExplicitDependencyGeneratePcm arm64 /Users/NikkiPunjabi/Desktop/Gravitas/Vitroscribe/derived_data/ModuleCache.noindex/DiskArbitration-7ZX4E7T65A4A3QZCRQ2U3UG6G.pcm

SwiftExplicitDependencyGeneratePcm arm64 /Users/NikkiPunjabi/Desktop/Gravitas/Vitroscribe/derived_data/ModuleCache.noindex/CoreServices-83JQDILNE6DFM4QLVZYVHHE2W.pcm

SwiftExplicitDependencyGeneratePcm arm64 /Users/NikkiPunjabi/Desktop/Gravitas/Vitroscribe/derived_data/ModuleCache.noindex/CoreText-1MHWJZBZJ56JUSLEVODNG95WJ.pcm

SwiftExplicitDependencyGeneratePcm arm64 /Users/NikkiPunjabi/Desktop/Gravitas/Vitroscribe/derived_data/ModuleCache.noindex/ImageIO-E0WNX347LJSPSMJ7RIL48EUBJ.pcm

SwiftExplicitDependencyGeneratePcm arm64 /Users/NikkiPunjabi/Desktop/Gravitas/Vitroscribe/derived_data/ModuleCache.noindex/Foundation-A7UK1ZCFLJA9Z41IDU8MT7JT5.pcm

SwiftExplicitDependencyGeneratePcm arm64 /Users/NikkiPunjabi/Desktop/Gravitas/Vitroscribe/derived_data/ModuleCache.noindex/CoreData-86H43QPPSATMAZH22A6PD3SOX.pcm

SwiftExplicitDependencyGeneratePcm arm64 /Users/NikkiPunjabi/Desktop/Gravitas/Vitroscribe/derived_data/ModuleCache.noindex/OSLog-4ACO7XEN7K6RDOKWR47ZD2OMJ.pcm

SwiftExplicitDependencyGeneratePcm arm64 /Users/NikkiPunjabi/Desktop/Gravitas/Vitroscribe/derived_data/ModuleCache.noindex/UserNotifications-4K3GHJDWX384EE1WLJNJY1WBP.pcm

SwiftExplicitDependencyGeneratePcm arm64 /Users/NikkiPunjabi/Desktop/Gravitas/Vitroscribe/derived_data/ModuleCache.noindex/CoreAudio-8Y9OMCCMIDPYY81M4Y904BZ1W.pcm

SwiftExplicitDependencyGeneratePcm arm64 /Users/NikkiPunjabi/Desktop/Gravitas/Vitroscribe/derived_data/ModuleCache.noindex/ApplicationServices-MPZ6NK8FM4CEQKJH7FRXJZ50.pcm

SwiftExplicitDependencyGeneratePcm arm64 /Users/NikkiPunjabi/Desktop/Gravitas/Vitroscribe/derived_data/ModuleCache.noindex/Symbols-1WS0CZK85OLUAA9Q0YZX4TQE5.pcm

SwiftExplicitDependencyGeneratePcm arm64 /Users/NikkiPunjabi/Desktop/Gravitas/Vitroscribe/derived_data/ModuleCache.noindex/Accessibility-D7DUEY2SV7E1U141WJNCIKNHJ.pcm

SwiftExplicitDependencyGeneratePcm arm64 /Users/NikkiPunjabi/Desktop/Gravitas/Vitroscribe/derived_data/ModuleCache.noindex/CoreTransferable-6G75HK9NSV1XBTPUKNCGPNNST.pcm

SwiftExplicitDependencyGeneratePcm arm64 /Users/NikkiPunjabi/Desktop/Gravitas/Vitroscribe/derived_data/ModuleCache.noindex/LocalAuthentication-9A4A5OI8ZIGC0LTLZRQPB2QOR.pcm

SwiftExplicitDependencyGeneratePcm arm64 /Users/NikkiPunjabi/Desktop/Gravitas/Vitroscribe/derived_data/ModuleCache.noindex/ServiceManagement-7X1DL71L0A2UGPLH94AUPZIJS.pcm

SwiftExplicitDependencyGeneratePcm arm64 /Users/NikkiPunjabi/Desktop/Gravitas/Vitroscribe/derived_data/ModuleCache.noindex/DataDetection-1GN08BLQHVK43SRB93OF70BSO.pcm

SwiftExplicitDependencyGeneratePcm arm64 /Users/NikkiPunjabi/Desktop/Gravitas/Vitroscribe/derived_data/ModuleCache.noindex/CoreMIDI-C0UEXBVEE74RNF12JMBEMFQKD.pcm

SwiftExplicitDependencyGeneratePcm arm64 /Users/NikkiPunjabi/Desktop/Gravitas/Vitroscribe/derived_data/ModuleCache.noindex/IOSurface-823UF3LNAST43N1ODXU29WNWL.pcm

SwiftExplicitDependencyGeneratePcm arm64 /Users/NikkiPunjabi/Desktop/Gravitas/Vitroscribe/derived_data/ModuleCache.noindex/UniformTypeIdentifiers-2ODZRKXOK32621FSS2COEJOZJ.pcm

SwiftExplicitDependencyGeneratePcm arm64 /Users/NikkiPunjabi/Desktop/Gravitas/Vitroscribe/derived_data/ModuleCache.noindex/Carbon-9R2SL2M6EWXHXPUL8OOJ038LI.pcm

SwiftExplicitDependencyGeneratePcm arm64 /Users/NikkiPunjabi/Desktop/Gravitas/Vitroscribe/derived_data/ModuleCache.noindex/Metal-OBUJ2914OW9QN13MQW7ZLA8O.pcm

SwiftExplicitDependencyGeneratePcm arm64 /Users/NikkiPunjabi/Desktop/Gravitas/Vitroscribe/derived_data/ModuleCache.noindex/AudioToolbox-5KU5R68OE04JXPR2GNFHKIW7W.pcm

SwiftExplicitDependencyGeneratePcm arm64 /Users/NikkiPunjabi/Desktop/Gravitas/Vitroscribe/derived_data/ModuleCache.noindex/CoreVideo-152ZF7WP8W0T6ITU6FF0HSXFI.pcm

SwiftExplicitDependencyGeneratePcm arm64 /Users/NikkiPunjabi/Desktop/Gravitas/Vitroscribe/derived_data/ModuleCache.noindex/CoreMedia-5GN4P4FKTSUDMRBK87TWGGD30.pcm

SwiftExplicitDependencyGeneratePcm arm64 /Users/NikkiPunjabi/Desktop/Gravitas/Vitroscribe/derived_data/ModuleCache.noindex/QuartzCore-B1QUZG05ZJTQ9F4JBRUOUC2VE.pcm

SwiftExplicitDependencyGeneratePcm arm64 /Users/NikkiPunjabi/Desktop/Gravitas/Vitroscribe/derived_data/ModuleCache.noindex/CoreImage-E4KHQ5R48938KYCKN6CNM782K.pcm

SwiftExplicitDependencyGeneratePcm arm64 /Users/NikkiPunjabi/Desktop/Gravitas/Vitroscribe/derived_data/ModuleCache.noindex/SwiftUICore-18NM35ULAJHKU87LFOOX4CXH5.pcm

SwiftExplicitDependencyGeneratePcm arm64 /Users/NikkiPunjabi/Desktop/Gravitas/Vitroscribe/derived_data/ModuleCache.noindex/AppKit-8R7QSCTLQ4BISK6QXV0Y7RXRU.pcm

SwiftExplicitDependencyGeneratePcm arm64 /Users/NikkiPunjabi/Desktop/Gravitas/Vitroscribe/derived_data/ModuleCache.noindex/MediaToolbox-8D4AD3GBZJAFWBDJKOHEBGWHK.pcm

SwiftExplicitDependencyGeneratePcm arm64 /Users/NikkiPunjabi/Desktop/Gravitas/Vitroscribe/derived_data/ModuleCache.noindex/AVFAudio-6IKFR0PXEGIN9UAM4JWPRKJRK.pcm

SwiftExplicitDependencyGeneratePcm arm64 /Users/NikkiPunjabi/Desktop/Gravitas/Vitroscribe/derived_data/ModuleCache.noindex/AVFoundation-7SFZ9NBFZXODDG7SD6VHR7MDY.pcm

SwiftExplicitDependencyGeneratePcm arm64 /Users/NikkiPunjabi/Desktop/Gravitas/Vitroscribe/derived_data/ModuleCache.noindex/Speech-5BMS8B1YEEU05OMEA9ZNYY3TQ.pcm

SwiftExplicitDependencyGeneratePcm arm64 /Users/NikkiPunjabi/Desktop/Gravitas/Vitroscribe/derived_data/ModuleCache.noindex/AuthenticationServices-57DR91AB8GA0ZGJCPWB6PG9KR.pcm

SwiftExplicitDependencyGeneratePcm arm64 /Users/NikkiPunjabi/Desktop/Gravitas/Vitroscribe/derived_data/ModuleCache.noindex/SwiftUI-94WKUS5JO0RV1AENLE96GNUHV.pcm

SwiftCompile normal arm64 Compiling\ AudioEngineManager.swift,\ AudioStreamMonitor.swift,\ ContentView.swift,\ DatabaseManager.swift,\ GoogleAuthManager.swift,\ GoogleCalendarService.swift,\ HistoryView.swift,\ Logger.swift,\ MeetingDetector.swift,\ PromptOverlay.swift,\ RecordingOverlay.swift,\ SettingsView.swift,\ StartupManager.swift,\ VitroscribeApp.swift /Users/NikkiPunjabi/Desktop/Gravitas/Vitroscribe/Vitroscribe/Sources/App/Core/AudioEngineManager.swift /Users/NikkiPunjabi/Desktop/Gravitas/Vitroscribe/Vitroscribe/Sources/App/Core/AudioStreamMonitor.swift /Users/NikkiPunjabi/Desktop/Gravitas/Vitroscribe/Vitroscribe/Sources/App/UI/ContentView.swift /Users/NikkiPunjabi/Desktop/Gravitas/Vitroscribe/Vitroscribe/Sources/App/Core/DatabaseManager.swift /Users/NikkiPunjabi/Desktop/Gravitas/Vitroscribe/Vitroscribe/Sources/App/Services/GoogleAuthManager.swift /Users/NikkiPunjabi/Desktop/Gravitas/Vitroscribe/Vitroscribe/Sources/App/Services/GoogleCalendarService.swift /Users/NikkiPunjabi/Desktop/Gravitas/Vitroscribe/Vitroscribe/Sources/App/UI/HistoryView.swift /Users/NikkiPunjabi/Desktop/Gravitas/Vitroscribe/Vitroscribe/Sources/App/Core/Logger.swift /Users/NikkiPunjabi/Desktop/Gravitas/Vitroscribe/Vitroscribe/Sources/App/Core/MeetingDetector.swift /Users/NikkiPunjabi/Desktop/Gravitas/Vitroscribe/Vitroscribe/Sources/App/UI/PromptOverlay.swift /Users/NikkiPunjabi/Desktop/Gravitas/Vitroscribe/Vitroscribe/Sources/App/UI/RecordingOverlay.swift /Users/NikkiPunjabi/Desktop/Gravitas/Vitroscribe/Vitroscribe/Sources/App/UI/SettingsView.swift /Users/NikkiPunjabi/Desktop/Gravitas/Vitroscribe/Vitroscribe/Sources/App/Core/StartupManager.swift /Users/NikkiPunjabi/Desktop/Gravitas/Vitroscribe/Vitroscribe/Sources/App/VitroscribeApp.swift /Applications/Xcode.app/Contents/Developer/Toolchains/XcodeDefault.xctoolchain/usr/lib/swift/macosx/prebuilt-modules/26.2/Foundation.swiftmodule/arm64e-apple-macos.swiftmodule /Applications/Xcode.app/Contents/Developer/Toolchains/XcodeDefault.xctoolchain/usr/lib/swift/macosx/prebuilt-modules/26.2/UniformTypeIdentifiers.swiftmodule/arm64e-apple-macos.swiftmodule /Applications/Xcode.app/Contents/Developer/Toolchains/XcodeDefault.xctoolchain/usr/lib/swift/macosx/prebuilt-modules/26.2/XPC.swiftmodule/arm64e-apple-macos.swiftmodule /Applications/Xcode.app/Contents/Developer/Toolchains/XcodeDefault.xctoolchain/usr/lib/swift/macosx/prebuilt-modules/26.2/Swift.swiftmodule/arm64e-apple-macos.swiftmodule /Applications/Xcode.app/Contents/Developer/Toolchains/XcodeDefault.xctoolchain/usr/lib/swift/macosx/prebuilt-modules/26.2/simd.swiftmodule/arm64e-apple-macos.swiftmodule /Applications/Xcode.app/Contents/Developer/Toolchains/XcodeDefault.xctoolchain/usr/lib/swift/macosx/prebuilt-modules/26.2/SwiftUICore.swiftmodule/arm64e-apple-macos.swiftmodule /Applications/Xcode.app/Contents/Developer/Toolchains/XcodeDefault.xctoolchain/usr/lib/swift/macosx/prebuilt-modules/26.2/Accessibility.swiftmodule/arm64e-apple-macos.swiftmodule /Applications/Xcode.app/Contents/Developer/Toolchains/XcodeDefault.xctoolchain/usr/lib/swift/macosx/prebuilt-modules/26.2/_StringProcessing.swiftmodule/arm64e-apple-macos.swiftmodule /Applications/Xcode.app/Contents/Developer/Toolchains/XcodeDefault.xctoolchain/usr/lib/swift/macosx/prebuilt-modules/26.2/CoreText.swiftmodule/arm64e-apple-macos.swiftmodule /Applications/Xcode.app/Contents/Developer/Toolchains/XcodeDefault.xctoolchain/usr/lib/swift/macosx/prebuilt-modules/26.2/_DarwinFoundation1.swiftmodule/arm64e-apple-macos.swiftmodule /Applications/Xcode.app/Contents/Developer/Toolchains/XcodeDefault.xctoolchain/usr/lib/swift/macosx/prebuilt-modules/26.2/CoreGraphics.swiftmodule/arm64e-apple-macos.swiftmodule /Applications/Xcode.app/Contents/Developer/Toolchains/XcodeDefault.xctoolchain/usr/lib/swift/macosx/prebuilt-modules/26.2/os.swiftmodule/arm64e-apple-macos.swiftmodule /Applications/Xcode.app/Contents/Developer/Toolchains/XcodeDefault.xctoolchain/usr/lib/swift/macosx/prebuilt-modules/26.2/Synchronization.swiftmodule/arm64e-apple-macos.swiftmodule /Applications/Xcode.app/Contents/Developer/Toolchains/XcodeDefault.xctoolchain/usr/lib/swift/macosx/prebuilt-modules/26.2/Combine.swiftmodule/arm64e-apple-macos.swiftmodule /Applications/Xcode.app/Contents/Developer/Toolchains/XcodeDefault.xctoolchain/usr/lib/swift/macosx/prebuilt-modules/26.2/DataDetection.swiftmodule/arm64e-apple-macos.swiftmodule /Applications/Xcode.app/Contents/Developer/Toolchains/XcodeDefault.xctoolchain/usr/lib/swift/macosx/prebuilt-modules/26.2/Spatial.swiftmodule/arm64e-apple-macos.swiftmodule /Applications/Xcode.app/Contents/Developer/Toolchains/XcodeDefault.xctoolchain/usr/lib/swift/macosx/prebuilt-modules/26.2/CoreMedia.swiftmodule/arm64e-apple-macos.swiftmodule /Applications/Xcode.app/Contents/Developer/Toolchains/XcodeDefault.xctoolchain/usr/lib/swift/macosx/prebuilt-modules/26.2/AudioToolbox.swiftmodule/arm64e-apple-macos.swiftmodule /Applications/Xcode.app/Contents/Developer/Toolchains/XcodeDefault.xctoolchain/usr/lib/swift/macosx/prebuilt-modules/26.2/AVFAudio.swiftmodule/arm64e-apple-macos.swiftmodule /Applications/Xcode.app/Contents/Developer/Toolchains/XcodeDefault.xctoolchain/usr/lib/swift/macosx/prebuilt-modules/26.2/Speech.swiftmodule/arm64e-apple-macos.swiftmodule /Applications/Xcode.app/Contents/Developer/Toolchains/XcodeDefault.xctoolchain/usr/lib/swift/macosx/prebuilt-modules/26.2/_Builtin_float.swiftmodule/arm64e-apple-macos.swiftmodule /Applications/Xcode.app/Contents/Developer/Toolchains/XcodeDefault.xctoolchain/usr/lib/swift/macosx/prebuilt-modules/26.2/Dispatch.swiftmodule/arm64e-apple-macos.swiftmodule /Applications/Xcode.app/Contents/Developer/Toolchains/XcodeDefault.xctoolchain/usr/lib/swift/macosx/prebuilt-modules/26.2/Observation.swiftmodule/arm64e-apple-macos.swiftmodule /Applications/Xcode.app/Contents/Developer/Toolchains/XcodeDefault.xctoolchain/usr/lib/swift/macosx/prebuilt-modules/26.2/AVFoundation.swiftmodule/arm64e-apple-macos.swiftmodule /Applications/Xcode.app/Contents/Developer/Toolchains/XcodeDefault.xctoolchain/usr/lib/swift/macosx/prebuilt-modules/26.2/Metal.swiftmodule/arm64e-apple-macos.swiftmodule /Applications/Xcode.app/Contents/Developer/Toolchains/XcodeDefault.xctoolchain/usr/lib/swift/macosx/prebuilt-modules/26.2/CoreVideo.swiftmodule/arm64e-apple-macos.swiftmodule /Applications/Xcode.app/Contents/Developer/Toolchains/XcodeDefault.xctoolchain/usr/lib/swift/macosx/prebuilt-modules/26.2/LocalAuthentication.swiftmodule/arm64e-apple-macos.swiftmodule /Applications/Xcode.app/Contents/Developer/Toolchains/XcodeDefault.xctoolchain/usr/lib/swift/macosx/prebuilt-modules/26.2/QuartzCore.swiftmodule/arm64e-apple-macos.swiftmodule /Applications/Xcode.app/Contents/Developer/Toolchains/XcodeDefault.xctoolchain/usr/lib/swift/macosx/prebuilt-modules/26.2/AppKit.swiftmodule/arm64e-apple-macos.swiftmodule /Applications/Xcode.app/Contents/Developer/Toolchains/XcodeDefault.xctoolchain/usr/lib/swift/macosx/prebuilt-modules/26.2/Symbols.swiftmodule/arm64e-apple-macos.swiftmodule /Applications/Xcode.app/Contents/Developer/Toolchains/XcodeDefault.xctoolchain/usr/lib/swift/macosx/prebuilt-modules/26.2/SwiftUI.swiftmodule/arm64e-apple-macos.swiftmodule /Applications/Xcode.app/Contents/Developer/Toolchains/XcodeDefault.xctoolchain/usr/lib/swift/macosx/prebuilt-modules/26.2/IOKit.swiftmodule/arm64e-apple-macos.swiftmodule /Applications/Xcode.app/Contents/Developer/Toolchains/XcodeDefault.xctoolchain/usr/lib/swift/macosx/prebuilt-modules/26.2/_Concurrency.swiftmodule/arm64e-apple-macos.swiftmodule /Applications/Xcode.app/Contents/Developer/Toolchains/XcodeDefault.xctoolchain/usr/lib/swift/macosx/prebuilt-modules/26.2/_DarwinFoundation2.swiftmodule/arm64e-apple-macos.swiftmodule /Applications/Xcode.app/Contents/Developer/Toolchains/XcodeDefault.xctoolchain/usr/lib/swift/macosx/prebuilt-modules/26.2/AuthenticationServices.swiftmodule/arm64e-apple-macos.swiftmodule /Users/NikkiPunjabi/Desktop/Gravitas/Vitroscribe/derived_data/Build/Products/Release/SQLite.swiftmodule/arm64-apple-macos.swiftmodule /Applications/Xcode.app/Contents/Developer/Toolchains/XcodeDefault.xctoolchain/usr/lib/swift/macosx/prebuilt-modules/26.2/System.swiftmodule/arm64e-apple-macos.swiftmodule /Applications/Xcode.app/Contents/Developer/Toolchains/XcodeDefault.xctoolchain/usr/lib/swift/macosx/prebuilt-modules/26.2/OSLog.swiftmodule/arm64e-apple-macos.swiftmodule /Applications/Xcode.app/Contents/Developer/Toolchains/XcodeDefault.xctoolchain/usr/lib/swift/macosx/prebuilt-modules/26.2/CryptoKit.swiftmodule/arm64e-apple-macos.swiftmodule /Applications/Xcode.app/Contents/Developer/Toolchains/XcodeDefault.xctoolchain/usr/lib/swift/macosx/prebuilt-modules/26.2/CoreImage.swiftmodule/arm64e-apple-macos.swiftmodule /Applications/Xcode.app/Contents/Developer/Toolchains/XcodeDefault.xctoolchain/usr/lib/swift/macosx/prebuilt-modules/26.2/Darwin.swiftmodule/arm64e-apple-macos.swiftmodule /Applications/Xcode.app/Contents/Developer/Toolchains/XcodeDefault.xctoolchain/usr/lib/swift/macosx/prebuilt-modules/26.2/DeveloperToolsSupport.swiftmodule/arm64e-apple-macos.swiftmodule /Applications/Xcode.app/Contents/Developer/Toolchains/XcodeDefault.xctoolchain/usr/lib/swift/macosx/prebuilt-modules/26.2/CoreFoundation.swiftmodule/arm64e-apple-macos.swiftmodule /Applications/Xcode.app/Contents/Developer/Toolchains/XcodeDefault.xctoolchain/usr/lib/swift/macosx/prebuilt-modules/26.2/_DarwinFoundation3.swiftmodule/arm64e-apple-macos.swiftmodule /Applications/Xcode.app/Contents/Developer/Toolchains/XcodeDefault.xctoolchain/usr/lib/swift/macosx/prebuilt-modules/26.2/ObjectiveC.swiftmodule/arm64e-apple-macos.swiftmodule /Applications/Xcode.app/Contents/Developer/Toolchains/XcodeDefault.xctoolchain/usr/lib/swift/macosx/prebuilt-modules/26.2/CoreData.swiftmodule/arm64e-apple-macos.swiftmodule /Applications/Xcode.app/Contents/Developer/Toolchains/XcodeDefault.xctoolchain/usr/lib/swift/macosx/prebuilt-modules/26.2/CoreMIDI.swiftmodule/arm64e-apple-macos.swiftmodule /Applications/Xcode.app/Contents/Developer/Toolchains/XcodeDefault.xctoolchain/usr/lib/swift/macosx/prebuilt-modules/26.2/CoreTransferable.swiftmodule/arm64e-apple-macos.swiftmodule /Applications/Xcode.app/Contents/Developer/Toolchains/XcodeDefault.xctoolchain/usr/lib/swift/macosx/prebuilt-modules/26.2/CoreAudio.swiftmodule/arm64e-apple-macos.swiftmodule /Users/NikkiPunjabi/Desktop/Gravitas/Vitroscribe/derived_data/ModuleCache.noindex/MediaToolbox-8D4AD3GBZJAFWBDJKOHEBGWHK.pcm /Users/NikkiPunjabi/Desktop/Gravitas/Vitroscribe/derived_data/ModuleCache.noindex/SwiftUICore-18NM35ULAJHKU87LFOOX4CXH5.pcm /Users/NikkiPunjabi/Desktop/Gravitas/Vitroscribe/derived_data/ModuleCache.noindex/os-MFS4S4GNNBJMOW792E9CDM9P.pcm /Users/NikkiPunjabi/Desktop/Gravitas/Vitroscribe/derived_data/ModuleCache.noindex/DeveloperToolsSupport-6LPMGAP2O4RRZNA4F1UC3KRO8.pcm /Users/NikkiPunjabi/Desktop/Gravitas/Vitroscribe/derived_data/ModuleCache.noindex/CUPS-7QNVHJEGNEYTYJSJN5N2FNIY9.pcm /Users/NikkiPunjabi/Desktop/Gravitas/Vitroscribe/derived_data/ModuleCache.noindex/_DarwinFoundation2-43AMPYIE67G9SUB1NJVMIKGW1.pcm /Users/NikkiPunjabi/Desktop/Gravitas/Vitroscribe/derived_data/ModuleCache.noindex/AVFAudio-6IKFR0PXEGIN9UAM4JWPRKJRK.pcm /Users/NikkiPunjabi/Desktop/Gravitas/Vitroscribe/derived_data/ModuleCache.noindex/CoreTransferable-6G75HK9NSV1XBTPUKNCGPNNST.pcm /Users/NikkiPunjabi/Desktop/Gravitas/Vitroscribe/derived_data/ModuleCache.noindex/OpenGL-53YRSDKKCTZSGGMCAZBOXETME.pcm /Users/NikkiPunjabi/Desktop/Gravitas/Vitroscribe/derived_data/ModuleCache.noindex/_Builtin_intrinsics-8X4HTZHDGZRYWGP9VK6364G4R.pcm /Users/NikkiPunjabi/Desktop/Gravitas/Vitroscribe/derived_data/ModuleCache.noindex/_DarwinFoundation3-8KEWYQTQNT5CM4ZOJ5T9KHBE4.pcm /Users/NikkiPunjabi/Desktop/Gravitas/Vitroscribe/derived_data/ModuleCache.noindex/Speech-5BMS8B1YEEU05OMEA9ZNYY3TQ.pcm /Users/NikkiPunjabi/Desktop/Gravitas/Vitroscribe/derived_data/ModuleCache.noindex/CoreVideo-152ZF7WP8W0T6ITU6FF0HSXFI.pcm /Users/NikkiPunjabi/Desktop/Gravitas/Vitroscribe/derived_data/ModuleCache.noindex/ImageIO-E0WNX347LJSPSMJ7RIL48EUBJ.pcm /Users/NikkiPunjabi/Desktop/Gravitas/Vitroscribe/derived_data/ModuleCache.noindex/CoreImage-E4KHQ5R48938KYCKN6CNM782K.pcm /Users/NikkiPunjabi/Desktop/Gravitas/Vitroscribe/derived_data/ModuleCache.noindex/launch-DHUWUAOC55EXOQ6OJXGC7YG0X.pcm /Users/NikkiPunjabi/Desktop/Gravitas/Vitroscribe/derived_data/ModuleCache.noindex/XPC-48VK4F2S4YCC50H3J3QRMZGEA.pcm /Users/NikkiPunjabi/Desktop/Gravitas/Vitroscribe/derived_data/ModuleCache.noindex/CoreAudio-8Y9OMCCMIDPYY81M4Y904BZ1W.pcm /Users/NikkiPunjabi/Desktop/Gravitas/Vitroscribe/derived_data/ModuleCache.noindex/LocalAuthentication-9A4A5OI8ZIGC0LTLZRQPB2QOR.pcm /Users/NikkiPunjabi/Desktop/Gravitas/Vitroscribe/derived_data/ModuleCache.noindex/Symbols-1WS0CZK85OLUAA9Q0YZX4TQE5.pcm /Users/NikkiPunjabi/Desktop/Gravitas/Vitroscribe/derived_data/ModuleCache.noindex/_Builtin_tgmath-3PHRZ3WN9ONXS7ROOXIQIIVEQ.pcm /Users/NikkiPunjabi/Desktop/Gravitas/Vitroscribe/derived_data/ModuleCache.noindex/CFNetwork-4J24XPQQYMVCQI4F5ACSQ2MFW.pcm /Users/NikkiPunjabi/Desktop/Gravitas/Vitroscribe/derived_data/ModuleCache.noindex/CoreText-1MHWJZBZJ56JUSLEVODNG95WJ.pcm /Users/NikkiPunjabi/Desktop/Gravitas/Vitroscribe/derived_data/ModuleCache.noindex/AudioToolbox-5KU5R68OE04JXPR2GNFHKIW7W.pcm /Users/NikkiPunjabi/Desktop/Gravitas/Vitroscribe/derived_data/ModuleCache.noindex/_AvailabilityInternal-6KG3T32BH3ULJ1HWB2QSNL1MV.pcm /Users/NikkiPunjabi/Desktop/Gravitas/Vitroscribe/derived_data/ModuleCache.noindex/_Builtin_float-8H3M3GD2YBRI5DY5V3ZMOQ5IR.pcm /Users/NikkiPunjabi/Desktop/Gravitas/Vitroscribe/derived_data/ModuleCache.noindex/Metal-OBUJ2914OW9QN13MQW7ZLA8O.pcm /Users/NikkiPunjabi/Desktop/Gravitas/Vitroscribe/derived_data/ModuleCache.noindex/libkern-75HCJPY2DXNGJ3WGEVQDR59ZN.pcm /Users/NikkiPunjabi/Desktop/Gravitas/Vitroscribe/derived_data/ModuleCache.noindex/_SwiftConcurrencyShims-9LEXJVA2BEKK2BQNO9OUG98FW.pcm /Users/NikkiPunjabi/Desktop/Gravitas/Vitroscribe/derived_data/ModuleCache.noindex/sys_types-1HE2FRT2D0ADQ4ZAIQMAGKRV1.pcm /Users/NikkiPunjabi/Desktop/Gravitas/Vitroscribe/derived_data/ModuleCache.noindex/os_workgroup-5V7FKTXU9D4U5V8QP9VMHYBAN.pcm /Users/NikkiPunjabi/Desktop/Gravitas/Vitroscribe/derived_data/ModuleCache.noindex/_Builtin_limits-C36G6FLFHBWFSHNXZQHXZERT7.pcm /Users/NikkiPunjabi/Desktop/Gravitas/Vitroscribe/derived_data/ModuleCache.noindex/ObjectiveC-MXQB2MABECM6IH1UG1FM8YEY.pcm /Users/NikkiPunjabi/Desktop/Gravitas/Vitroscribe/derived_data/ModuleCache.noindex/UniformTypeIdentifiers-2ODZRKXOK32621FSS2COEJOZJ.pcm /Users/NikkiPunjabi/Desktop/Gravitas/Vitroscribe/derived_data/ModuleCache.noindex/QuartzCore-B1QUZG05ZJTQ9F4JBRUOUC2VE.pcm /Users/NikkiPunjabi/Desktop/Gravitas/Vitroscribe/derived_data/ModuleCache.noindex/CoreMIDI-C0UEXBVEE74RNF12JMBEMFQKD.pcm /Users/NikkiPunjabi/Desktop/Gravitas/Vitroscribe/derived_data/ModuleCache.noindex/Spatial-89O1T7LDI3Y6IXRAYTY2SGUGD.pcm /Users/NikkiPunjabi/Desktop/Gravitas/Vitroscribe/derived_data/ModuleCache.noindex/_Builtin_stddef-EKFYCILPLQBW9MY6JRKE2FXXK.pcm /Users/NikkiPunjabi/Desktop/Gravitas/Vitroscribe/derived_data/ModuleCache.noindex/_DarwinFoundation1-U5EHV60R7BMG8XCM8AWFJBNE.pcm /Users/NikkiPunjabi/Desktop/Gravitas/Vitroscribe/derived_data/ModuleCache.noindex/AppKit-8R7QSCTLQ4BISK6QXV0Y7RXRU.pcm /Users/NikkiPunjabi/Desktop/Gravitas/Vitroscribe/derived_data/ModuleCache.noindex/ServiceManagement-7X1DL71L0A2UGPLH94AUPZIJS.pcm /Users/NikkiPunjabi/Desktop/Gravitas/Vitroscribe/derived_data/ModuleCache.noindex/Carbon-9R2SL2M6EWXHXPUL8OOJ038LI.pcm /Users/NikkiPunjabi/Desktop/Gravitas/Vitroscribe/derived_data/ModuleCache.noindex/Foundation-A7UK1ZCFLJA9Z41IDU8MT7JT5.pcm /Users/NikkiPunjabi/Desktop/Gravitas/Vitroscribe/derived_data/ModuleCache.noindex/ColorSync-57BTJ6K7527U48IG5ES6RDRGH.pcm /Users/NikkiPunjabi/Desktop/Gravitas/Vitroscribe/derived_data/ModuleCache.noindex/Security-4EFS4LNVYDZ3Q5F6ZDNOZHA49.pcm /Users/NikkiPunjabi/Desktop/Gravitas/Vitroscribe/derived_data/ModuleCache.noindex/CoreServices-83JQDILNE6DFM4QLVZYVHHE2W.pcm /Users/NikkiPunjabi/Desktop/Gravitas/Vitroscribe/derived_data/ModuleCache.noindex/_Builtin_stdbool-9ZUGJBHMFO0B4TXT4AGGKKHPX.pcm /Users/NikkiPunjabi/Desktop/Gravitas/Vitroscribe/derived_data/ModuleCache.noindex/CoreData-86H43QPPSATMAZH22A6PD3SOX.pcm /Users/NikkiPunjabi/Desktop/Gravitas/Vitroscribe/derived_data/ModuleCache.noindex/Darwin-43SYAJHTC7MRM2LHESTXBW8Y7.pcm /Users/NikkiPunjabi/Desktop/Gravitas/Vitroscribe/derived_data/ModuleCache.noindex/AVFoundation-7SFZ9NBFZXODDG7SD6VHR7MDY.pcm /Users/NikkiPunjabi/Desktop/Gravitas/Vitroscribe/derived_data/ModuleCache.noindex/_Builtin_inttypes-CZXDFBPN2OKX4SJWRISA8CCLX.pcm /Users/NikkiPunjabi/Desktop/Gravitas/Vitroscribe/derived_data/ModuleCache.noindex/Accessibility-D7DUEY2SV7E1U141WJNCIKNHJ.pcm /Users/NikkiPunjabi/Desktop/Gravitas/Vitroscribe/derived_data/ModuleCache.noindex/CoreGraphics-41L1VDKI7C8Q7952670ZU2X94.pcm /Users/NikkiPunjabi/Desktop/Gravitas/Vitroscribe/derived_data/ModuleCache.noindex/SwiftShims-7ZPP03LTJ0GS6AGWC66AUEPCL.pcm /Users/NikkiPunjabi/Desktop/Gravitas/Vitroscribe/derived_data/ModuleCache.noindex/MachO-85EMFYRGW4JAY5QHRIBZE145Q.pcm /Users/NikkiPunjabi/Desktop/Gravitas/Vitroscribe/derived_data/ModuleCache.noindex/UserNotifications-4K3GHJDWX384EE1WLJNJY1WBP.pcm /Users/NikkiPunjabi/Desktop/Gravitas/Vitroscribe/derived_data/ModuleCache.noindex/DiskArbitration-7ZX4E7T65A4A3QZCRQ2U3UG6G.pcm /Users/NikkiPunjabi/Desktop/Gravitas/Vitroscribe/derived_data/ModuleCache.noindex/os_object-1DOECSU5P5D33O19KFS046LI0.pcm /Users/NikkiPunjabi/Desktop/Gravitas/Vitroscribe/derived_data/ModuleCache.noindex/Dispatch-CLT9M083IH3G94PYOFV0O6BBP.pcm /Users/NikkiPunjabi/Desktop/Gravitas/Vitroscribe/derived_data/ModuleCache.noindex/ptrauth-39FZHP19AB9C2ALKR3SCQODHN.pcm /Users/NikkiPunjabi/Desktop/Gravitas/Vitroscribe/derived_data/ModuleCache.noindex/IOKit-5D6PFRJJJA46Z2DF0XFKZNAN0.pcm /Users/NikkiPunjabi/Desktop/Gravitas/Vitroscribe/derived_data/ModuleCache.noindex/CoreMedia-5GN4P4FKTSUDMRBK87TWGGD30.pcm /Users/NikkiPunjabi/Desktop/Gravitas/Vitroscribe/derived_data/ModuleCache.noindex/SwiftUI-94WKUS5JO0RV1AENLE96GNUHV.pcm /Users/NikkiPunjabi/Desktop/Gravitas/Vitroscribe/derived_data/ModuleCache.noindex/libDER-4U1LCSYY0FGXDC2Q3NL4VMTBV.pcm /Users/NikkiPunjabi/Desktop/Gravitas/Vitroscribe/derived_data/ModuleCache.noindex/ApplicationServices-MPZ6NK8FM4CEQKJH7FRXJZ50.pcm /Users/NikkiPunjabi/Desktop/Gravitas/Vitroscribe/derived_data/ModuleCache.noindex/DataDetection-1GN08BLQHVK43SRB93OF70BSO.pcm /Users/NikkiPunjabi/Desktop/Gravitas/Vitroscribe/derived_data/ModuleCache.noindex/OSLog-4ACO7XEN7K6RDOKWR47ZD2OMJ.pcm /Users/NikkiPunjabi/Desktop/Gravitas/Vitroscribe/derived_data/ModuleCache.noindex/_Builtin_stdarg-CZITQ57FLTP2CGYKTIAIYPCDG.pcm /Users/NikkiPunjabi/Desktop/Gravitas/Vitroscribe/derived_data/ModuleCache.noindex/SQLite3-ATVAJCC219P0QKE8N0F0NZ667.pcm /Users/NikkiPunjabi/Desktop/Gravitas/Vitroscribe/derived_data/ModuleCache.noindex/_Builtin_stdatomic-3KIHG4D91QKPWVUQ0DHT0S5A2.pcm /Users/NikkiPunjabi/Desktop/Gravitas/Vitroscribe/derived_data/ModuleCache.noindex/ptrcheck-36W9R1K3SLCJXXROCVNN8XDT.pcm /Users/NikkiPunjabi/Desktop/Gravitas/Vitroscribe/derived_data/ModuleCache.noindex/AuthenticationServices-57DR91AB8GA0ZGJCPWB6PG9KR.pcm /Users/NikkiPunjabi/Desktop/Gravitas/Vitroscribe/derived_data/ModuleCache.noindex/CoreAudioTypes-EIXB5N6MA93Y2ZGN1YJ0V94MP.pcm /Users/NikkiPunjabi/Desktop/Gravitas/Vitroscribe/derived_data/ModuleCache.noindex/IOSurface-823UF3LNAST43N1ODXU29WNWL.pcm /Users/NikkiPunjabi/Desktop/Gravitas/Vitroscribe/derived_data/ModuleCache.noindex/simd-5QIQ1DEQ61UXA1B18B96LGN9I.pcm /Users/NikkiPunjabi/Desktop/Gravitas/Vitroscribe/derived_data/ModuleCache.noindex/_Builtin_stdint-4AUBD8N6U4DS36SGWT2ELJ4BR.pcm /Users/NikkiPunjabi/Desktop/Gravitas/Vitroscribe/derived_data/ModuleCache.noindex/CoreFoundation-CRTGTI9ZI4RL4EHD4ZDGSU7DH.pcm /Users/NikkiPunjabi/Desktop/Gravitas/Vitroscribe/derived_data/Build/Intermediates.noindex/Vitroscribe.build/Release/Vitroscribe.build/Objects-normal/arm64/Vitroscribe-dependencies-1.json (in target 'Vitroscribe' from project 'Vitroscribe')

CompileSwift normal arm64 (in target 'Vitroscribe' from project 'Vitroscribe')
    cd /Users/NikkiPunjabi/Desktop/Gravitas/Vitroscribe
    
/Users/NikkiPunjabi/Desktop/Gravitas/Vitroscribe/Vitroscribe/Sources/App/UI/ContentView.swift:121:26: warning: 'onChange(of:perform:)' was deprecated in macOS 14.0: Use `onChange` with a two or zero parameter action closure instead.
                        .onChange(of: audioManager.currentTranscript) { _ in
                         ^
/Users/NikkiPunjabi/Desktop/Gravitas/Vitroscribe/Vitroscribe/Sources/App/UI/HistoryView.swift:47:14: warning: 'onChange(of:perform:)' was deprecated in macOS 14.0: Use `onChange` with a two or zero parameter action closure instead.
            .onChange(of: selectedSessionId) { newValue in
             ^
/Users/NikkiPunjabi/Desktop/Gravitas/Vitroscribe/Vitroscribe/Sources/App/UI/SettingsView.swift:19:22: warning: 'onChange(of:perform:)' was deprecated in macOS 14.0: Use `onChange` with a two or zero parameter action closure instead.
                    .onChange(of: isLaunchAtStartupEnabled) { newValue in
                     ^

SwiftDriverJobDiscovery normal arm64 Compiling AudioEngineManager.swift, AudioStreamMonitor.swift, ContentView.swift, DatabaseManager.swift, GoogleAuthManager.swift, GoogleCalendarService.swift, HistoryView.swift, Logger.swift, MeetingDetector.swift, PromptOverlay.swift, RecordingOverlay.swift, SettingsView.swift, StartupManager.swift, VitroscribeApp.swift (in target 'Vitroscribe' from project 'Vitroscribe')

SwiftDriver\ Compilation\ Requirements Vitroscribe normal arm64 com.apple.xcode.tools.swift.compiler (in target 'Vitroscribe' from project 'Vitroscribe')
    cd /Users/NikkiPunjabi/Desktop/Gravitas/Vitroscribe
    builtin-Swift-Compilation-Requirements -- /Applications/Xcode.app/Contents/Developer/Toolchains/XcodeDefault.xctoolchain/usr/bin/swiftc -module-name Vitroscribe -O -whole-module-optimization -enforce-exclusivity\=checked @/Users/NikkiPunjabi/Desktop/Gravitas/Vitroscribe/derived_data/Build/Intermediates.noindex/Vitroscribe.build/Release/Vitroscribe.build/Objects-normal/arm64/Vitroscribe.SwiftFileList -enable-bare-slash-regex -enable-experimental-feature DebugDescriptionMacro -sdk /Applications/Xcode.app/Contents/Developer/Platforms/MacOSX.platform/Developer/SDKs/MacOSX26.2.sdk -target arm64-apple-macos14.0 -g -module-cache-path /Users/NikkiPunjabi/Desktop/Gravitas/Vitroscribe/derived_data/ModuleCache.noindex -Xfrontend -serialize-debugging-options -swift-version 5 -I /Users/NikkiPunjabi/Desktop/Gravitas/Vitroscribe/derived_data/Build/Products/Release -F /Users/NikkiPunjabi/Desktop/Gravitas/Vitroscribe/derived_data/Build/Products/Release/PackageFrameworks -F /Users/NikkiPunjabi/Desktop/Gravitas/Vitroscribe/derived_data/Build/Products/Release -c -num-threads 8 -Xcc -ivfsstatcache -Xcc /Users/NikkiPunjabi/Desktop/Gravitas/Vitroscribe/derived_data/SDKStatCaches.noindex/macosx26.2-25C58-00fa09913b459cbbc988d1f6730289ae.sdkstatcache -output-file-map /Users/NikkiPunjabi/Desktop/Gravitas/Vitroscribe/derived_data/Build/Intermediates.noindex/Vitroscribe.build/Release/Vitroscribe.build/Objects-normal/arm64/Vitroscribe-OutputFileMap.json -use-frontend-parseable-output -save-temps -no-color-diagnostics -explicit-module-build -module-cache-path /Users/NikkiPunjabi/Desktop/Gravitas/Vitroscribe/derived_data/Build/Intermediates.noindex/SwiftExplicitPrecompiledModules -clang-scanner-module-cache-path /Users/NikkiPunjabi/Desktop/Gravitas/Vitroscribe/derived_data/ModuleCache.noindex -sdk-module-cache-path /Users/NikkiPunjabi/Desktop/Gravitas/Vitroscribe/derived_data/ModuleCache.noindex -serialize-diagnostics -emit-dependencies -emit-module -emit-module-path /Users/NikkiPunjabi/Desktop/Gravitas/Vitroscribe/derived_data/Build/Intermediates.noindex/Vitroscribe.build/Release/Vitroscribe.build/Objects-normal/arm64/Vitroscribe.swiftmodule -validate-clang-modules-once -clang-build-session-file /Users/NikkiPunjabi/Desktop/Gravitas/Vitroscribe/derived_data/ModuleCache.noindex/Session.modulevalidation -Xcc -I/Users/NikkiPunjabi/Desktop/Gravitas/Vitroscribe/derived_data/Build/Intermediates.noindex/Vitroscribe.build/Release/Vitroscribe.build/swift-overrides.hmap -emit-const-values -Xfrontend -const-gather-protocols-file -Xfrontend /Users/NikkiPunjabi/Desktop/Gravitas/Vitroscribe/derived_data/Build/Intermediates.noindex/Vitroscribe.build/Release/Vitroscribe.build/Objects-normal/arm64/Vitroscribe_const_extract_protocols.json -Xcc -iquote -Xcc /Users/NikkiPunjabi/Desktop/Gravitas/Vitroscribe/derived_data/Build/Intermediates.noindex/Vitroscribe.build/Release/Vitroscribe.build/Vitroscribe-generated-files.hmap -Xcc -I/Users/NikkiPunjabi/Desktop/Gravitas/Vitroscribe/derived_data/Build/Intermediates.noindex/Vitroscribe.build/Release/Vitroscribe.build/Vitroscribe-own-target-headers.hmap -Xcc -I/Users/NikkiPunjabi/Desktop/Gravitas/Vitroscribe/derived_data/Build/Intermediates.noindex/Vitroscribe.build/Release/Vitroscribe.build/Vitroscribe-all-non-framework-target-headers.hmap -Xcc -ivfsoverlay -Xcc /Users/NikkiPunjabi/Desktop/Gravitas/Vitroscribe/derived_data/Build/Intermediates.noindex/Vitroscribe.build/Release/Vitroscribe-b942f9e97c03eae2539a152a25953afb-VFS/all-product-headers.yaml -Xcc -iquote -Xcc /Users/NikkiPunjabi/Desktop/Gravitas/Vitroscribe/derived_data/Build/Intermediates.noindex/Vitroscribe.build/Release/Vitroscribe.build/Vitroscribe-project-headers.hmap -Xcc -I/Users/NikkiPunjabi/Desktop/Gravitas/Vitroscribe/derived_data/Build/Products/Release/include -Xcc -I/Users/NikkiPunjabi/Desktop/Gravitas/Vitroscribe/derived_data/Build/Intermediates.noindex/Vitroscribe.build/Release/Vitroscribe.build/DerivedSources-normal/arm64 -Xcc -I/Users/NikkiPunjabi/Desktop/Gravitas/Vitroscribe/derived_data/Build/Intermediates.noindex/Vitroscribe.build/Release/Vitroscribe.build/DerivedSources/arm64 -Xcc -I/Users/NikkiPunjabi/Desktop/Gravitas/Vitroscribe/derived_data/Build/Intermediates.noindex/Vitroscribe.build/Release/Vitroscribe.build/DerivedSources -emit-objc-header -emit-objc-header-path /Users/NikkiPunjabi/Desktop/Gravitas/Vitroscribe/derived_data/Build/Intermediates.noindex/Vitroscribe.build/Release/Vitroscribe.build/Objects-normal/arm64/Vitroscribe-Swift.h -working-directory /Users/NikkiPunjabi/Desktop/Gravitas/Vitroscribe -no-emit-module-separately-wmo

Copy /Users/NikkiPunjabi/Desktop/Gravitas/Vitroscribe/derived_data/Build/Products/Release/Vitroscribe.swiftmodule/arm64-apple-macos.swiftmodule /Users/NikkiPunjabi/Desktop/Gravitas/Vitroscribe/derived_data/Build/Intermediates.noindex/Vitroscribe.build/Release/Vitroscribe.build/Objects-normal/arm64/Vitroscribe.swiftmodule (in target 'Vitroscribe' from project 'Vitroscribe')
    cd /Users/NikkiPunjabi/Desktop/Gravitas/Vitroscribe
    builtin-copy -exclude .DS_Store -exclude CVS -exclude .svn -exclude .git -exclude .hg -resolve-src-symlinks -rename /Users/NikkiPunjabi/Desktop/Gravitas/Vitroscribe/derived_data/Build/Intermediates.noindex/Vitroscribe.build/Release/Vitroscribe.build/Objects-normal/arm64/Vitroscribe.swiftmodule /Users/NikkiPunjabi/Desktop/Gravitas/Vitroscribe/derived_data/Build/Products/Release/Vitroscribe.swiftmodule/arm64-apple-macos.swiftmodule

Copy /Users/NikkiPunjabi/Desktop/Gravitas/Vitroscribe/derived_data/Build/Products/Release/Vitroscribe.swiftmodule/arm64-apple-macos.abi.json /Users/NikkiPunjabi/Desktop/Gravitas/Vitroscribe/derived_data/Build/Intermediates.noindex/Vitroscribe.build/Release/Vitroscribe.build/Objects-normal/arm64/Vitroscribe.abi.json (in target 'Vitroscribe' from project 'Vitroscribe')
    cd /Users/NikkiPunjabi/Desktop/Gravitas/Vitroscribe
    builtin-copy -exclude .DS_Store -exclude CVS -exclude .svn -exclude .git -exclude .hg -resolve-src-symlinks -rename /Users/NikkiPunjabi/Desktop/Gravitas/Vitroscribe/derived_data/Build/Intermediates.noindex/Vitroscribe.build/Release/Vitroscribe.build/Objects-normal/arm64/Vitroscribe.abi.json /Users/NikkiPunjabi/Desktop/Gravitas/Vitroscribe/derived_data/Build/Products/Release/Vitroscribe.swiftmodule/arm64-apple-macos.abi.json

Copy /Users/NikkiPunjabi/Desktop/Gravitas/Vitroscribe/derived_data/Build/Products/Release/Vitroscribe.swiftmodule/arm64-apple-macos.swiftdoc /Users/NikkiPunjabi/Desktop/Gravitas/Vitroscribe/derived_data/Build/Intermediates.noindex/Vitroscribe.build/Release/Vitroscribe.build/Objects-normal/arm64/Vitroscribe.swiftdoc (in target 'Vitroscribe' from project 'Vitroscribe')
    cd /Users/NikkiPunjabi/Desktop/Gravitas/Vitroscribe
    builtin-copy -exclude .DS_Store -exclude CVS -exclude .svn -exclude .git -exclude .hg -resolve-src-symlinks -rename /Users/NikkiPunjabi/Desktop/Gravitas/Vitroscribe/derived_data/Build/Intermediates.noindex/Vitroscribe.build/Release/Vitroscribe.build/Objects-normal/arm64/Vitroscribe.swiftdoc /Users/NikkiPunjabi/Desktop/Gravitas/Vitroscribe/derived_data/Build/Products/Release/Vitroscribe.swiftmodule/arm64-apple-macos.swiftdoc

SwiftMergeGeneratedHeaders /Users/NikkiPunjabi/Desktop/Gravitas/Vitroscribe/derived_data/Build/Intermediates.noindex/Vitroscribe.build/Release/Vitroscribe.build/DerivedSources/Vitroscribe-Swift.h /Users/NikkiPunjabi/Desktop/Gravitas/Vitroscribe/derived_data/Build/Intermediates.noindex/Vitroscribe.build/Release/Vitroscribe.build/Objects-normal/arm64/Vitroscribe-Swift.h (in target 'Vitroscribe' from project 'Vitroscribe')
    cd /Users/NikkiPunjabi/Desktop/Gravitas/Vitroscribe
    builtin-swiftHeaderTool -arch arm64 /Users/NikkiPunjabi/Desktop/Gravitas/Vitroscribe/derived_data/Build/Intermediates.noindex/Vitroscribe.build/Release/Vitroscribe.build/Objects-normal/arm64/Vitroscribe-Swift.h -o /Users/NikkiPunjabi/Desktop/Gravitas/Vitroscribe/derived_data/Build/Intermediates.noindex/Vitroscribe.build/Release/Vitroscribe.build/DerivedSources/Vitroscribe-Swift.h

Copy /Users/NikkiPunjabi/Desktop/Gravitas/Vitroscribe/derived_data/Build/Products/Release/Vitroscribe.swiftmodule/Project/arm64-apple-macos.swiftsourceinfo /Users/NikkiPunjabi/Desktop/Gravitas/Vitroscribe/derived_data/Build/Intermediates.noindex/Vitroscribe.build/Release/Vitroscribe.build/Objects-normal/arm64/Vitroscribe.swiftsourceinfo (in target 'Vitroscribe' from project 'Vitroscribe')
    cd /Users/NikkiPunjabi/Desktop/Gravitas/Vitroscribe
    builtin-copy -exclude .DS_Store -exclude CVS -exclude .svn -exclude .git -exclude .hg -resolve-src-symlinks -rename /Users/NikkiPunjabi/Desktop/Gravitas/Vitroscribe/derived_data/Build/Intermediates.noindex/Vitroscribe.build/Release/Vitroscribe.build/Objects-normal/arm64/Vitroscribe.swiftsourceinfo /Users/NikkiPunjabi/Desktop/Gravitas/Vitroscribe/derived_data/Build/Products/Release/Vitroscribe.swiftmodule/Project/arm64-apple-macos.swiftsourceinfo

Ld /Users/NikkiPunjabi/Desktop/Gravitas/Vitroscribe/derived_data/Build/Products/Release/Vitroscribe.app/Contents/MacOS/Vitroscribe normal (in target 'Vitroscribe' from project 'Vitroscribe')
    cd /Users/NikkiPunjabi/Desktop/Gravitas/Vitroscribe
    /Applications/Xcode.app/Contents/Developer/Toolchains/XcodeDefault.xctoolchain/usr/bin/clang -Xlinker -reproducible -target arm64-apple-macos14.0 -isysroot /Applications/Xcode.app/Contents/Developer/Platforms/MacOSX.platform/Developer/SDKs/MacOSX26.2.sdk -Os -L/Users/NikkiPunjabi/Desktop/Gravitas/Vitroscribe/derived_data/Build/Intermediates.noindex/EagerLinkingTBDs/Release -L/Users/NikkiPunjabi/Desktop/Gravitas/Vitroscribe/derived_data/Build/Products/Release -F/Users/NikkiPunjabi/Desktop/Gravitas/Vitroscribe/derived_data/Build/Intermediates.noindex/EagerLinkingTBDs/Release -F/Users/NikkiPunjabi/Desktop/Gravitas/Vitroscribe/derived_data/Build/Products/Release/PackageFrameworks -F/Users/NikkiPunjabi/Desktop/Gravitas/Vitroscribe/derived_data/Build/Products/Release -filelist /Users/NikkiPunjabi/Desktop/Gravitas/Vitroscribe/derived_data/Build/Intermediates.noindex/Vitroscribe.build/Release/Vitroscribe.build/Objects-normal/arm64/Vitroscribe.LinkFileList -Xlinker -rpath -Xlinker /usr/lib/swift -Xlinker -rpath -Xlinker @executable_path/../Frameworks -Xlinker -object_path_lto -Xlinker /Users/NikkiPunjabi/Desktop/Gravitas/Vitroscribe/derived_data/Build/Intermediates.noindex/Vitroscribe.build/Release/Vitroscribe.build/Objects-normal/arm64/Vitroscribe_lto.o -Xlinker -dependency_info -Xlinker /Users/NikkiPunjabi/Desktop/Gravitas/Vitroscribe/derived_data/Build/Intermediates.noindex/Vitroscribe.build/Release/Vitroscribe.build/Objects-normal/arm64/Vitroscribe_dependency_info.dat -fobjc-link-runtime -L/Applications/Xcode.app/Contents/Developer/Toolchains/XcodeDefault.xctoolchain/usr/lib/swift/macosx -L/usr/lib/swift -Xlinker -add_ast_path -Xlinker /Users/NikkiPunjabi/Desktop/Gravitas/Vitroscribe/derived_data/Build/Intermediates.noindex/Vitroscribe.build/Release/Vitroscribe.build/Objects-normal/arm64/Vitroscribe.swiftmodule @/Users/NikkiPunjabi/Desktop/Gravitas/Vitroscribe/derived_data/Build/Intermediates.noindex/Vitroscribe.build/Release/Vitroscribe.build/Objects-normal/arm64/Vitroscribe-linker-args.resp -Wl,-no_warn_duplicate_libraries -o /Users/NikkiPunjabi/Desktop/Gravitas/Vitroscribe/derived_data/Build/Products/Release/Vitroscribe.app/Contents/MacOS/Vitroscribe -Xlinker -add_ast_path -Xlinker /Users/NikkiPunjabi/Desktop/Gravitas/Vitroscribe/derived_data/Build/Intermediates.noindex/SQLite.swift.build/Release/SQLite.build/Objects-normal/arm64/SQLite.swiftmodule @/Users/NikkiPunjabi/Desktop/Gravitas/Vitroscribe/derived_data/Build/Intermediates.noindex/SQLite.swift.build/Release/SQLite.build/Objects-normal/arm64/SQLite-linker-args.resp

CopySwiftLibs /Users/NikkiPunjabi/Desktop/Gravitas/Vitroscribe/derived_data/Build/Products/Release/Vitroscribe.app (in target 'Vitroscribe' from project 'Vitroscribe')
    cd /Users/NikkiPunjabi/Desktop/Gravitas/Vitroscribe
    builtin-swiftStdLibTool --copy --verbose --scan-executable /Users/NikkiPunjabi/Desktop/Gravitas/Vitroscribe/derived_data/Build/Products/Release/Vitroscribe.app/Contents/MacOS/Vitroscribe --scan-folder /Users/NikkiPunjabi/Desktop/Gravitas/Vitroscribe/derived_data/Build/Products/Release/Vitroscribe.app/Contents/Frameworks --scan-folder /Users/NikkiPunjabi/Desktop/Gravitas/Vitroscribe/derived_data/Build/Products/Release/Vitroscribe.app/Contents/PlugIns --scan-folder /Users/NikkiPunjabi/Desktop/Gravitas/Vitroscribe/derived_data/Build/Products/Release/Vitroscribe.app/Contents/Library/SystemExtensions --scan-folder /Users/NikkiPunjabi/Desktop/Gravitas/Vitroscribe/derived_data/Build/Products/Release/Vitroscribe.app/Contents/Extensions --platform macosx --toolchain /Applications/Xcode.app/Contents/Developer/Toolchains/XcodeDefault.xctoolchain --destination /Users/NikkiPunjabi/Desktop/Gravitas/Vitroscribe/derived_data/Build/Products/Release/Vitroscribe.app/Contents/Frameworks --strip-bitcode --strip-bitcode-tool /Applications/Xcode.app/Contents/Developer/Toolchains/XcodeDefault.xctoolchain/usr/bin/bitcode_strip --emit-dependency-info /Users/NikkiPunjabi/Desktop/Gravitas/Vitroscribe/derived_data/Build/Intermediates.noindex/Vitroscribe.build/Release/Vitroscribe.build/SwiftStdLibToolInputDependencies.dep --filter-for-swift-os --back-deploy-swift-span
Ignoring --strip-bitcode because --sign was not passed

ExtractAppIntentsMetadata (in target 'Vitroscribe' from project 'Vitroscribe')
    cd /Users/NikkiPunjabi/Desktop/Gravitas/Vitroscribe
    /Applications/Xcode.app/Contents/Developer/Toolchains/XcodeDefault.xctoolchain/usr/bin/appintentsmetadataprocessor --toolchain-dir /Applications/Xcode.app/Contents/Developer/Toolchains/XcodeDefault.xctoolchain --module-name Vitroscribe --sdk-root /Applications/Xcode.app/Contents/Developer/Platforms/MacOSX.platform/Developer/SDKs/MacOSX26.2.sdk --xcode-version 17C529 --platform-family macOS --deployment-target 14.0 --bundle-identifier com.gravitas.Vitroscribe --output /Users/NikkiPunjabi/Desktop/Gravitas/Vitroscribe/derived_data/Build/Products/Release/Vitroscribe.app/Contents/Resources --target-triple arm64-apple-macos14.0 --binary-file /Users/NikkiPunjabi/Desktop/Gravitas/Vitroscribe/derived_data/Build/Products/Release/Vitroscribe.app/Contents/MacOS/Vitroscribe --dependency-file /Users/NikkiPunjabi/Desktop/Gravitas/Vitroscribe/derived_data/Build/Intermediates.noindex/Vitroscribe.build/Release/Vitroscribe.build/Objects-normal/arm64/Vitroscribe_dependency_info.dat --stringsdata-file /Users/NikkiPunjabi/Desktop/Gravitas/Vitroscribe/derived_data/Build/Intermediates.noindex/Vitroscribe.build/Release/Vitroscribe.build/Objects-normal/arm64/ExtractedAppShortcutsMetadata.stringsdata --source-file-list /Users/NikkiPunjabi/Desktop/Gravitas/Vitroscribe/derived_data/Build/Intermediates.noindex/Vitroscribe.build/Release/Vitroscribe.build/Objects-normal/arm64/Vitroscribe.SwiftFileList --metadata-file-list /Users/NikkiPunjabi/Desktop/Gravitas/Vitroscribe/derived_data/Build/Intermediates.noindex/Vitroscribe.build/Release/Vitroscribe.build/Vitroscribe.DependencyMetadataFileList --static-metadata-file-list /Users/NikkiPunjabi/Desktop/Gravitas/Vitroscribe/derived_data/Build/Intermediates.noindex/Vitroscribe.build/Release/Vitroscribe.build/Vitroscribe.DependencyStaticMetadataFileList --swift-const-vals-list /Users/NikkiPunjabi/Desktop/Gravitas/Vitroscribe/derived_data/Build/Intermediates.noindex/Vitroscribe.build/Release/Vitroscribe.build/Objects-normal/arm64/Vitroscribe.SwiftConstValuesFileList --compile-time-extraction --deployment-aware-processing --validate-assistant-intents --no-app-shortcuts-localization
2026-03-10 19:41:56.124 appintentsmetadataprocessor[58653:1543199] Starting appintentsmetadataprocessor export
2026-03-10 19:41:56.128 appintentsmetadataprocessor[58653:1543199] warning: Metadata extraction skipped. No AppIntents.framework dependency found.

GenerateDSYMFile /Users/NikkiPunjabi/Desktop/Gravitas/Vitroscribe/derived_data/Build/Products/Release/Vitroscribe.app.dSYM /Users/NikkiPunjabi/Desktop/Gravitas/Vitroscribe/derived_data/Build/Products/Release/Vitroscribe.app/Contents/MacOS/Vitroscribe (in target 'Vitroscribe' from project 'Vitroscribe')
    cd /Users/NikkiPunjabi/Desktop/Gravitas/Vitroscribe
    /Applications/Xcode.app/Contents/Developer/Toolchains/XcodeDefault.xctoolchain/usr/bin/dsymutil /Users/NikkiPunjabi/Desktop/Gravitas/Vitroscribe/derived_data/Build/Products/Release/Vitroscribe.app/Contents/MacOS/Vitroscribe -o /Users/NikkiPunjabi/Desktop/Gravitas/Vitroscribe/derived_data/Build/Products/Release/Vitroscribe.app.dSYM

RegisterExecutionPolicyException /Users/NikkiPunjabi/Desktop/Gravitas/Vitroscribe/derived_data/Build/Products/Release/Vitroscribe.app (in target 'Vitroscribe' from project 'Vitroscribe')
    cd /Users/NikkiPunjabi/Desktop/Gravitas/Vitroscribe
    builtin-RegisterExecutionPolicyException /Users/NikkiPunjabi/Desktop/Gravitas/Vitroscribe/derived_data/Build/Products/Release/Vitroscribe.app

Validate /Users/NikkiPunjabi/Desktop/Gravitas/Vitroscribe/derived_data/Build/Products/Release/Vitroscribe.app (in target 'Vitroscribe' from project 'Vitroscribe')
    cd /Users/NikkiPunjabi/Desktop/Gravitas/Vitroscribe
    builtin-validationUtility /Users/NikkiPunjabi/Desktop/Gravitas/Vitroscribe/derived_data/Build/Products/Release/Vitroscribe.app -no-validate-extension -infoplist-subpath Contents/Info.plist

Touch /Users/NikkiPunjabi/Desktop/Gravitas/Vitroscribe/derived_data/Build/Products/Release/Vitroscribe.app (in target 'Vitroscribe' from project 'Vitroscribe')
    cd /Users/NikkiPunjabi/Desktop/Gravitas/Vitroscribe
    /usr/bin/touch -c /Users/NikkiPunjabi/Desktop/Gravitas/Vitroscribe/derived_data/Build/Products/Release/Vitroscribe.app

RegisterWithLaunchServices /Users/NikkiPunjabi/Desktop/Gravitas/Vitroscribe/derived_data/Build/Products/Release/Vitroscribe.app (in target 'Vitroscribe' from project 'Vitroscribe')
    cd /Users/NikkiPunjabi/Desktop/Gravitas/Vitroscribe
    /System/Library/Frameworks/CoreServices.framework/Versions/Current/Frameworks/LaunchServices.framework/Versions/Current/Support/lsregister -f -R -trusted /Users/NikkiPunjabi/Desktop/Gravitas/Vitroscribe/derived_data/Build/Products/Release/Vitroscribe.app

warning: Vitroscribe isn't code signed but requires entitlements. It is not possible to add entitlements to a binary without signing it. (in target 'Vitroscribe' from project 'Vitroscribe')
** BUILD SUCCEEDED **

